main.c:206:5:main	16	static
main.c:332:6:SystemClock_Config	88	static
main.c:377:13:MX_I2C1_Init	8	static
main.c:411:13:MX_I2C3_Init	8	static
main.c:445:13:MX_I2S3_Init	8	static
main.c:479:13:MX_RTC_Init	8	static
main.c:513:13:MX_SPI1_Init	8	static
main.c:551:13:MX_TIM1_Init	56	static
main.c:601:13:MX_TIM7_Init	16	static
main.c:639:13:MX_USART2_UART_Init	8	static
main.c:672:13:MX_GPIO_Init	56	static
main.c:772:6:HAL_UART_RxCpltCallback	32	static
main.c:805:6:led_effect_stop	24	static
main.c:813:6:led_effect	32	static
main.c:819:6:turn_off_all_leds	8	static
main.c:827:6:turn_on_all_leds	8	static
main.c:835:6:turn_on_even_leds	8	static
main.c:843:6:turn_on_odd_leds	8	static
main.c:851:6:LED_control	24	static
main.c:859:6:LED_effect1	8	static
main.c:865:6:LED_effect2	8	static
main.c:871:6:LED_effect3	8	static
main.c:877:6:LED_effect4	8	static
main.c:883:6:led_effect_callback	24	static
main.c:905:6:process_command	16	static
main.c:929:5:extract_command	32	static
main.c:957:6:show_time_date	56	static
main.c:987:6:rtc_configure_time	16	static
main.c:996:6:rtc_configure_date	16	static
main.c:1002:9:getnumber	24	static
main.c:1017:5:validate_rtc_information	16	static
main.c:1062:6:StartDefaultTask	16	static
main.c:1090:6:start_menu_task	40	static
main.c:1169:6:start_led_task	32	static
main.c:1249:6:start_rtc_task	104	static
main.c:1482:6:start_print	40	static
main.c:1512:6:start_cmd_handl	32	static
main.c:1539:6:StartOLED_RTC	136	static
main.c:2205:6:HAL_TIM_PeriodElapsedCallback	16	static
main.c:2222:6:Error_Handler	4	static,ignoring_inline_asm
