main.c:218:5:main	24	static
main.c:351:6:SystemClock_Config	88	static
main.c:396:13:MX_I2C1_Init	8	static
main.c:430:13:MX_I2C3_Init	8	static
main.c:464:13:MX_I2S3_Init	8	static
main.c:498:13:MX_RTC_Init	8	static
main.c:532:13:MX_SPI1_Init	8	static
main.c:570:13:MX_TIM1_Init	56	static
main.c:620:13:MX_TIM7_Init	16	static
main.c:658:13:MX_USART2_UART_Init	8	static
main.c:691:13:MX_GPIO_Init	56	static
main.c:791:6:HAL_UART_RxCpltCallback	32	static
main.c:824:6:led_effect_stop	24	static
main.c:832:6:led_effect	32	static
main.c:838:6:turn_off_all_leds	8	static
main.c:846:6:turn_on_all_leds	8	static
main.c:854:6:turn_on_even_leds	8	static
main.c:862:6:turn_on_odd_leds	8	static
main.c:870:6:LED_control	24	static
main.c:878:6:LED_effect1	8	static
main.c:884:6:LED_effect2	8	static
main.c:890:6:LED_effect3	8	static
main.c:896:6:LED_effect4	8	static
main.c:902:6:led_effect_callback	24	static
main.c:924:6:process_command	16	static
main.c:954:5:extract_command	32	static
main.c:982:6:show_time_date	56	static
main.c:1012:6:rtc_configure_time	16	static
main.c:1021:6:rtc_configure_date	16	static
main.c:1027:9:getnumber	24	static
main.c:1042:5:validate_rtc_information	16	static
main.c:1088:6:StartDefaultTask	16	static
main.c:1116:6:start_menu_task	40	static
main.c:1199:6:start_led_task	32	static
main.c:1279:6:start_rtc_task	104	static
main.c:1512:6:start_print	40	static
main.c:1542:6:start_cmd_handl	32	static
main.c:1569:6:StartOLED_RTC	136	static
main.c:2234:6:start_test_task	40	static
main.c:2311:6:HAL_TIM_PeriodElapsedCallback	16	static
main.c:2328:6:Error_Handler	4	static,ignoring_inline_asm
