Archive member included to satisfy reference by file (symbol)

/home/odemki/st/stm32cubeide_1.8.0_2/plugins/com.st.stm32cube.ide.mcu.externaltools.gnu-tools-for-stm32.9-2020-q2-update.linux64_2.0.0.202105311346/tools/bin/../lib/gcc/arm-none-eabi/9.3.1/../../../../arm-none-eabi/lib/thumb/v7e-m+fp/hard/libc_nano.a(lib_a-errno.o)
                              ./Core/Src/syscalls.o (__errno)
/home/odemki/st/stm32cubeide_1.8.0_2/plugins/com.st.stm32cube.ide.mcu.externaltools.gnu-tools-for-stm32.9-2020-q2-update.linux64_2.0.0.202105311346/tools/bin/../lib/gcc/arm-none-eabi/9.3.1/../../../../arm-none-eabi/lib/thumb/v7e-m+fp/hard/libc_nano.a(lib_a-exit.o)
                              /home/odemki/st/stm32cubeide_1.8.0_2/plugins/com.st.stm32cube.ide.mcu.externaltools.gnu-tools-for-stm32.9-2020-q2-update.linux64_2.0.0.202105311346/tools/bin/../lib/gcc/arm-none-eabi/9.3.1/../../../../arm-none-eabi/lib/thumb/v7e-m+fp/hard/crt0.o (exit)
/home/odemki/st/stm32cubeide_1.8.0_2/plugins/com.st.stm32cube.ide.mcu.externaltools.gnu-tools-for-stm32.9-2020-q2-update.linux64_2.0.0.202105311346/tools/bin/../lib/gcc/arm-none-eabi/9.3.1/../../../../arm-none-eabi/lib/thumb/v7e-m+fp/hard/libc_nano.a(lib_a-findfp.o)
                              ./Middlewares/Third_Party/FreeRTOS/Source/tasks.o (__sf_fake_stderr)
/home/odemki/st/stm32cubeide_1.8.0_2/plugins/com.st.stm32cube.ide.mcu.externaltools.gnu-tools-for-stm32.9-2020-q2-update.linux64_2.0.0.202105311346/tools/bin/../lib/gcc/arm-none-eabi/9.3.1/../../../../arm-none-eabi/lib/thumb/v7e-m+fp/hard/libc_nano.a(lib_a-fwalk.o)
                              /home/odemki/st/stm32cubeide_1.8.0_2/plugins/com.st.stm32cube.ide.mcu.externaltools.gnu-tools-for-stm32.9-2020-q2-update.linux64_2.0.0.202105311346/tools/bin/../lib/gcc/arm-none-eabi/9.3.1/../../../../arm-none-eabi/lib/thumb/v7e-m+fp/hard/libc_nano.a(lib_a-findfp.o) (_fwalk)
/home/odemki/st/stm32cubeide_1.8.0_2/plugins/com.st.stm32cube.ide.mcu.externaltools.gnu-tools-for-stm32.9-2020-q2-update.linux64_2.0.0.202105311346/tools/bin/../lib/gcc/arm-none-eabi/9.3.1/../../../../arm-none-eabi/lib/thumb/v7e-m+fp/hard/libc_nano.a(lib_a-impure.o)
                              /home/odemki/st/stm32cubeide_1.8.0_2/plugins/com.st.stm32cube.ide.mcu.externaltools.gnu-tools-for-stm32.9-2020-q2-update.linux64_2.0.0.202105311346/tools/bin/../lib/gcc/arm-none-eabi/9.3.1/../../../../arm-none-eabi/lib/thumb/v7e-m+fp/hard/libc_nano.a(lib_a-exit.o) (_global_impure_ptr)
/home/odemki/st/stm32cubeide_1.8.0_2/plugins/com.st.stm32cube.ide.mcu.externaltools.gnu-tools-for-stm32.9-2020-q2-update.linux64_2.0.0.202105311346/tools/bin/../lib/gcc/arm-none-eabi/9.3.1/../../../../arm-none-eabi/lib/thumb/v7e-m+fp/hard/libc_nano.a(lib_a-init.o)
                              /home/odemki/st/stm32cubeide_1.8.0_2/plugins/com.st.stm32cube.ide.mcu.externaltools.gnu-tools-for-stm32.9-2020-q2-update.linux64_2.0.0.202105311346/tools/bin/../lib/gcc/arm-none-eabi/9.3.1/../../../../arm-none-eabi/lib/thumb/v7e-m+fp/hard/crt0.o (__libc_init_array)
/home/odemki/st/stm32cubeide_1.8.0_2/plugins/com.st.stm32cube.ide.mcu.externaltools.gnu-tools-for-stm32.9-2020-q2-update.linux64_2.0.0.202105311346/tools/bin/../lib/gcc/arm-none-eabi/9.3.1/../../../../arm-none-eabi/lib/thumb/v7e-m+fp/hard/libc_nano.a(lib_a-lock.o)
                              /home/odemki/st/stm32cubeide_1.8.0_2/plugins/com.st.stm32cube.ide.mcu.externaltools.gnu-tools-for-stm32.9-2020-q2-update.linux64_2.0.0.202105311346/tools/bin/../lib/gcc/arm-none-eabi/9.3.1/../../../../arm-none-eabi/lib/thumb/v7e-m+fp/hard/libc_nano.a(lib_a-findfp.o) (__retarget_lock_init_recursive)
/home/odemki/st/stm32cubeide_1.8.0_2/plugins/com.st.stm32cube.ide.mcu.externaltools.gnu-tools-for-stm32.9-2020-q2-update.linux64_2.0.0.202105311346/tools/bin/../lib/gcc/arm-none-eabi/9.3.1/../../../../arm-none-eabi/lib/thumb/v7e-m+fp/hard/libc_nano.a(lib_a-malloc.o)
                              ./Middlewares/ST/STM32_USB_Host_Library/Class/CDC/Src/usbh_cdc.o (malloc)
/home/odemki/st/stm32cubeide_1.8.0_2/plugins/com.st.stm32cube.ide.mcu.externaltools.gnu-tools-for-stm32.9-2020-q2-update.linux64_2.0.0.202105311346/tools/bin/../lib/gcc/arm-none-eabi/9.3.1/../../../../arm-none-eabi/lib/thumb/v7e-m+fp/hard/libc_nano.a(lib_a-memcpy-stub.o)
                              ./Middlewares/Third_Party/FreeRTOS/Source/CMSIS_RTOS_V2/cmsis_os2.o (memcpy)
/home/odemki/st/stm32cubeide_1.8.0_2/plugins/com.st.stm32cube.ide.mcu.externaltools.gnu-tools-for-stm32.9-2020-q2-update.linux64_2.0.0.202105311346/tools/bin/../lib/gcc/arm-none-eabi/9.3.1/../../../../arm-none-eabi/lib/thumb/v7e-m+fp/hard/libc_nano.a(lib_a-memset.o)
                              /home/odemki/st/stm32cubeide_1.8.0_2/plugins/com.st.stm32cube.ide.mcu.externaltools.gnu-tools-for-stm32.9-2020-q2-update.linux64_2.0.0.202105311346/tools/bin/../lib/gcc/arm-none-eabi/9.3.1/../../../../arm-none-eabi/lib/thumb/v7e-m+fp/hard/crt0.o (memset)
[...]
Memory Configuration

Name             Origin             Length             Attributes
CCMRAM           0x0000000010000000 0x0000000000010000 xrw
RAM              0x0000000020000000 0x0000000000020000 xrw
FLASH            0x0000000008000000 0x0000000000100000 xr
*default*        0x0000000000000000 0xffffffffffffffff

Linker script and memory map

LOAD /home/odemki/st/stm32cubeide_1.8.0_2/plugins/com.st.stm32cube.ide.mcu.externaltools.gnu-tools-for-stm32.9-2020-q2-update.linux64_2.0.0.202105311346/tools/bin/../lib/gcc/arm-none-eabi/9.3.1/thumb/v7e-m+fp/hard/crti.o
LOAD /home/odemki/st/stm32cubeide_1.8.0_2/plugins/com.st.stm32cube.ide.mcu.externaltools.gnu-tools-for-stm32.9-2020-q2-update.linux64_2.0.0.202105311346/tools/bin/../lib/gcc/arm-none-eabi/9.3.1/thumb/v7e-m+fp/hard/crtbegin.o
LOAD /home/odemki/st/stm32cubeide_1.8.0_2/plugins/com.st.stm32cube.ide.mcu.externaltools.gnu-tools-for-stm32.9-2020-q2-update.linux64_2.0.0.202105311346/tools/bin/../lib/gcc/arm-none-eabi/9.3.1/../../../../arm-none-eabi/lib/thumb/v7e-m+fp/hard/crt0.o
LOAD ./Core/Src/clock/DS3231.o
LOAD ./Core/Src/clock/i2c_scanner.o
LOAD ./Core/Src/freertos.o
LOAD ./Core/Src/main.o
LOAD ./Core/Src/stm32f4xx_hal_msp.o
LOAD ./Core/Src/stm32f4xx_hal_timebase_tim.o
LOAD ./Core/Src/stm32f4xx_it.o
LOAD ./Core/Src/syscalls.o
LOAD ./Core/Src/sysmem.o
LOAD ./Core/Src/system_stm32f4xx.o
LOAD ./Core/Src/oled/fonts.o
LOAD ./Core/Src/oled/gfx.o
LOAD ./Core/Src/oled/oled.o
LOAD ./Core/Startup/startup_stm32f407vgtx.o
LOAD ./Drivers/STM32F4xx_HAL_Driver/Src/stm32f4xx_hal.o
LOAD ./Drivers/STM32F4xx_HAL_Driver/Src/stm32f4xx_hal_cortex.o
LOAD ./Drivers/STM32F4xx_HAL_Driver/Src/stm32f4xx_hal_dma.o
LOAD ./Drivers/STM32F4xx_HAL_Driver/Src/stm32f4xx_hal_dma_ex.o
LOAD ./Drivers/STM32F4xx_HAL_Driver/Src/stm32f4xx_hal_exti.o
LOAD ./Drivers/STM32F4xx_HAL_Driver/Src/stm32f4xx_hal_flash.o
LOAD ./Drivers/STM32F4xx_HAL_Driver/Src/stm32f4xx_hal_flash_ex.o
LOAD ./Drivers/STM32F4xx_HAL_Driver/Src/stm32f4xx_hal_flash_ramfunc.o
LOAD ./Drivers/STM32F4xx_HAL_Driver/Src/stm32f4xx_hal_gpio.o
LOAD ./Drivers/STM32F4xx_HAL_Driver/Src/stm32f4xx_hal_hcd.o
LOAD ./Drivers/STM32F4xx_HAL_Driver/Src/stm32f4xx_hal_i2c.o
LOAD ./Drivers/STM32F4xx_HAL_Driver/Src/stm32f4xx_hal_i2c_ex.o
LOAD ./Drivers/STM32F4xx_HAL_Driver/Src/stm32f4xx_hal_i2s.o
LOAD ./Drivers/STM32F4xx_HAL_Driver/Src/stm32f4xx_hal_i2s_ex.o
LOAD ./Drivers/STM32F4xx_HAL_Driver/Src/stm32f4xx_hal_pwr.o
LOAD ./Drivers/STM32F4xx_HAL_Driver/Src/stm32f4xx_hal_pwr_ex.o
LOAD ./Drivers/STM32F4xx_HAL_Driver/Src/stm32f4xx_hal_rcc.o
LOAD ./Drivers/STM32F4xx_HAL_Driver/Src/stm32f4xx_hal_rcc_ex.o
LOAD ./Drivers/STM32F4xx_HAL_Driver/Src/stm32f4xx_hal_rtc.o
LOAD ./Drivers/STM32F4xx_HAL_Driver/Src/stm32f4xx_hal_rtc_ex.o
LOAD ./Drivers/STM32F4xx_HAL_Driver/Src/stm32f4xx_hal_spi.o
LOAD ./Drivers/STM32F4xx_HAL_Driver/Src/stm32f4xx_hal_tim.o
LOAD ./Drivers/STM32F4xx_HAL_Driver/Src/stm32f4xx_hal_tim_ex.o
LOAD ./Drivers/STM32F4xx_HAL_Driver/Src/stm32f4xx_hal_uart.o
LOAD ./Drivers/STM32F4xx_HAL_Driver/Src/stm32f4xx_ll_usb.o
LOAD ./Middlewares/ST/STM32_USB_Host_Library/Class/CDC/Src/usbh_cdc.o
LOAD ./Middlewares/ST/STM32_USB_Host_Library/Core/Src/usbh_core.o
LOAD ./Middlewares/ST/STM32_USB_Host_Library/Core/Src/usbh_ctlreq.o
LOAD ./Middlewares/ST/STM32_USB_Host_Library/Core/Src/usbh_ioreq.o
LOAD ./Middlewares/ST/STM32_USB_Host_Library/Core/Src/usbh_pipes.o
LOAD ./Middlewares/Third_Party/FreeRTOS/Source/CMSIS_RTOS_V2/cmsis_os2.o
LOAD ./Middlewares/Third_Party/FreeRTOS/Source/croutine.o
LOAD ./Middlewares/Third_Party/FreeRTOS/Source/event_groups.o
LOAD ./Middlewares/Third_Party/FreeRTOS/Source/list.o
LOAD ./Middlewares/Third_Party/FreeRTOS/Source/queue.o
LOAD ./Middlewares/Third_Party/FreeRTOS/Source/stream_buffer.o
LOAD ./Middlewares/Third_Party/FreeRTOS/Source/tasks.o
LOAD ./Middlewares/Third_Party/FreeRTOS/Source/timers.o
LOAD ./Middlewares/Third_Party/FreeRTOS/Source/portable/GCC/ARM_CM4F/port.o
LOAD ./Middlewares/Third_Party/FreeRTOS/Source/portable/MemMang/heap_4.o
LOAD ./USB_HOST/App/usb_host.o
LOAD ./USB_HOST/Target/usbh_conf.o
LOAD ./USB_HOST/Target/usbh_platform.o
START GROUP
LOAD /home/odemki/st/stm32cubeide_1.8.0_2/plugins/com.st.stm32cube.ide.mcu.externaltools.gnu-tools-for-stm32.9-2020-q2-update.linux64_2.0.0.202105311346/tools/bin/../lib/gcc/arm-none-eabi/9.3.1/../../../../arm-none-eabi/lib/thumb/v7e-m+fp/hard/libc_nano.a
LOAD /home/odemki/st/stm32cubeide_1.8.0_2/plugins/com.st.stm32cube.ide.mcu.externaltools.gnu-tools-for-stm32.9-2020-q2-update.linux64_2.0.0.202105311346/tools/bin/../lib/gcc/arm-none-eabi/9.3.1/../../../../arm-none-eabi/lib/thumb/v7e-m+fp/hard/libm.a
END GROUP
START GROUP
LOAD /home/odemki/st/stm32cubeide_1.8.0_2/plugins/com.st.stm32cube.ide.mcu.externaltools.gnu-tools-for-stm32.9-2020-q2-update.linux64_2.0.0.202105311346/tools/bin/../lib/gcc/arm-none-eabi/9.3.1/thumb/v7e-m+fp/hard/libgcc.a
LOAD /home/odemki/st/stm32cubeide_1.8.0_2/plugins/com.st.stm32cube.ide.mcu.externaltools.gnu-tools-for-stm32.9-2020-q2-update.linux64_2.0.0.202105311346/tools/bin/../lib/gcc/arm-none-eabi/9.3.1/../../../../arm-none-eabi/lib/thumb/v7e-m+fp/hard/libc_nano.a
END GROUP
START GROUP
LOAD /home/odemki/st/stm32cubeide_1.8.0_2/plugins/com.st.stm32cube.ide.mcu.externaltools.gnu-tools-for-stm32.9-2020-q2-update.linux64_2.0.0.202105311346/tools/bin/../lib/gcc/arm-none-eabi/9.3.1/thumb/v7e-m+fp/hard/libgcc.a
LOAD /home/odemki/st/stm32cubeide_1.8.0_2/plugins/com.st.stm32cube.ide.mcu.externaltools.gnu-tools-for-stm32.9-2020-q2-update.linux64_2.0.0.202105311346/tools/bin/../lib/gcc/arm-none-eabi/9.3.1/../../../../arm-none-eabi/lib/thumb/v7e-m+fp/hard/libc_nano.a
LOAD /home/odemki/st/stm32cubeide_1.8.0_2/plugins/com.st.stm32cube.ide.mcu.externaltools.gnu-tools-for-stm32.9-2020-q2-update.linux64_2.0.0.202105311346/tools/bin/../lib/gcc/arm-none-eabi/9.3.1/../../../../arm-none-eabi/lib/thumb/v7e-m+fp/hard/libnosys.a
END GROUP
START GROUP
LOAD /home/odemki/st/stm32cubeide_1.8.0_2/plugins/com.st.stm32cube.ide.mcu.externaltools.gnu-tools-for-stm32.9-2020-q2-update.linux64_2.0.0.202105311346/tools/bin/../lib/gcc/arm-none-eabi/9.3.1/thumb/v7e-m+fp/hard/libgcc.a
LOAD /home/odemki/st/stm32cubeide_1.8.0_2/plugins/com.st.stm32cube.ide.mcu.externaltools.gnu-tools-for-stm32.9-2020-q2-update.linux64_2.0.0.202105311346/tools/bin/../lib/gcc/arm-none-eabi/9.3.1/../../../../arm-none-eabi/lib/thumb/v7e-m+fp/hard/libc_nano.a
LOAD /home/odemki/st/stm32cubeide_1.8.0_2/plugins/com.st.stm32cube.ide.mcu.externaltools.gnu-tools-for-stm32.9-2020-q2-update.linux64_2.0.0.202105311346/tools/bin/../lib/gcc/arm-none-eabi/9.3.1/../../../../arm-none-eabi/lib/thumb/v7e-m+fp/hard/libnosys.a
END GROUP
LOAD /home/odemki/st/stm32cubeide_1.8.0_2/plugins/com.st.stm32cube.ide.mcu.externaltools.gnu-tools-for-stm32.9-2020-q2-update.linux64_2.0.0.202105311346/tools/bin/../lib/gcc/arm-none-eabi/9.3.1/thumb/v7e-m+fp/hard/crtend.o
LOAD /home/odemki/st/stm32cubeide_1.8.0_2/plugins/com.st.stm32cube.ide.mcu.externaltools.gnu-tools-for-stm32.9-2020-q2-update.linux64_2.0.0.202105311346/tools/bin/../lib/gcc/arm-none-eabi/9.3.1/thumb/v7e-m+fp/hard/crtn.o
                0x0000000020020000                _estack = (ORIGIN (RAM) + LENGTH (RAM))
                0x0000000000000200                _Min_Heap_Size = 0x200
                0x0000000000000400                _Min_Stack_Size = 0x400

.isr_vector     0x0000000008000000      0x188
                0x0000000008000000                . = ALIGN (0x4)
 *(.isr_vector)
 .isr_vector    0x0000000008000000      0x188 ./Core/Startup/startup_stm32f407vgtx.o
                0x0000000008000000                g_pfnVectors
                0x0000000008000188                . = ALIGN (0x4)

.text           0x0000000008000190    0x121dc
                0x0000000008000190                . = ALIGN (0x4)
 *(.text)
 .text          0x0000000008000190       0x40 /home/odemki/st/stm32cubeide_1.8.0_2/plugins/com.st.stm32cube.ide.mcu.externaltools.gnu-tools-for-stm32.9-2020-q2-update.linux64_2.0.0.202105311346/tools/bin/../lib/gcc/arm-none-eabi/9.3.1/thumb/v7e-m+fp/hard/crtbegin.o
 .text          0x00000000080001d0       0x14 /home/odemki/st/stm32cubeide_1.8.0_2/plugins/com.st.stm32cube.ide.mcu.externaltools.gnu-tools-for-stm32.9-2020-q2-update.linux64_2.0.0.202105311346/tools/bin/../lib/gcc/arm-none-eabi/9.3.1/../../../../arm-none-eabi/lib/thumb/v7e-m+fp/hard/libc_nano.a(lib_a-strcmp.o)
                0x00000000080001d0                strcmp
 .text          0x00000000080001e4       0x10 /home/odemki/st/stm32cubeide_1.8.0_2/plugins/com.st.stm32cube.ide.mcu.externaltools.gnu-tools-for-stm32.9-2020-q2-update.linux64_2.0.0.202105311346/tools/bin/../lib/gcc/arm-none-eabi/9.3.1/../../../../arm-none-eabi/lib/thumb/v7e-m+fp/hard/libc_nano.a(lib_a-strlen.o)
                0x00000000080001e4                strlen
 *fill*         0x00000000080001f4        0xc 
 .text          0x0000000008000200       0xa0 /home/odemki/st/stm32cubeide_1.8.0_2/plugins/com.st.stm32cube.ide.mcu.externaltools.gnu-tools-for-stm32.9-2020-q2-update.linux64_2.0.0.202105311346/tools/bin/../lib/gcc/arm-none-eabi/9.3.1/../../../../arm-none-eabi/lib/thumb/v7e-m+fp/hard/libc_nano.a(lib_a-memchr.o)
                0x0000000008000200                memchr
 .text          0x00000000080002a0       0x30 /home/odemki/st/stm32cubeide_1.8.0_2/plugins/com.st.stm32cube.ide.mcu.externaltools.gnu-tools-for-stm32.9-2020-q2-update.linux64_2.0.0.202105311346/tools/bin/../lib/gcc/arm-none-eabi/9.3.1/thumb/v7e-m+fp/hard/libgcc.a(_aeabi_uldivmod.o)
                0x00000000080002a0                __aeabi_uldivmod
 .text          0x00000000080002d0      0x2c4 /home/odemki/st/stm32cubeide_1.8.0_2/plugins/com.st.stm32cube.ide.mcu.externaltools.gnu-tools-for-stm32.9-2020-q2-update.linux64_2.0.0.202105311346/tools/bin/../lib/gcc/arm-none-eabi/9.3.1/thumb/v7e-m+fp/hard/libgcc.a(_udivmoddi4.o)
                0x00000000080002d0                __udivmoddi4
 .text          0x0000000008000594        0x4 /home/odemki/st/stm32cubeide_1.8.0_2/plugins/com.st.stm32cube.ide.mcu.externaltools.gnu-tools-for-stm32.9-2020-q2-update.linux64_2.0.0.202105311346/tools/bin/../lib/gcc/arm-none-eabi/9.3.1/thumb/v7e-m+fp/hard/libgcc.a(_dvmd_tls.o)
                0x0000000008000594                __aeabi_ldiv0
                0x0000000008000594                __aeabi_idiv0
 *(.text*)
 .text.time_i2c_write_single
                0x0000000008000598       0x40 ./Core/Src/clock/DS3231.o
                0x0000000008000598                time_i2c_write_single
 .text.time_i2c_write_multi
                0x00000000080005d8       0x48 ./Core/Src/clock/DS3231.o
                0x00000000080005d8                time_i2c_write_multi
 .text.time_i2c_read_single
                0x0000000008000620       0x40 ./Core/Src/clock/DS3231.o
                0x0000000008000620                time_i2c_read_single
 .text.time_i2c_read_multi
                0x0000000008000660       0x48 ./Core/Src/clock/DS3231.o
                0x0000000008000660                time_i2c_read_multi
 .text.ds3231_I2C_init
                0x00000000080006a8        0xe ./Core/Src/clock/DS3231.o
                0x00000000080006a8                ds3231_I2C_init
 *fill*         0x00000000080006b6        0x2 
 .text.ds3231_read
                0x00000000080006b8      0x180 ./Core/Src/clock/DS3231.o
                0x00000000080006b8                ds3231_read
 .text.ds3231_set
                0x0000000008000838      0x1f0 ./Core/Src/clock/DS3231.o
                0x0000000008000838                ds3231_set
 .text.ds3231_data_clone
                0x0000000008000a28       0xa0 ./Core/Src/clock/DS3231.o
 .text.BCD_to_HEX
                0x0000000008000ac8       0x7e ./Core/Src/clock/DS3231.o
 .text.HEX_to_BCD
                0x0000000008000b46       0x88 ./Core/Src/clock/DS3231.o
 *fill*         0x0000000008000bce        0x2 
 .text.main     0x0000000008000bd0      0x1d0 ./Core/Src/main.o
                0x0000000008000bd0                main
 .text.SystemClock_Config
                0x0000000008000da0       0xd8 ./Core/Src/main.o
                0x0000000008000da0                SystemClock_Config
 .text.MX_I2C1_Init
                0x0000000008000e78       0x5c ./Core/Src/main.o
 .text.MX_I2C3_Init
                0x0000000008000ed4       0x5c ./Core/Src/main.o
 .text.MX_I2S3_Init
                0x0000000008000f30       0x60 ./Core/Src/main.o
 .text.MX_RTC_Init
                0x0000000008000f90       0x4c ./Core/Src/main.o
 .text.MX_SPI1_Init
                0x0000000008000fdc       0x6c ./Core/Src/main.o
 .text.MX_TIM1_Init
                0x0000000008001048       0xb0 ./Core/Src/main.o
 .text.MX_TIM7_Init
                0x00000000080010f8       0x6c ./Core/Src/main.o
 .text.MX_USART2_UART_Init
                0x0000000008001164       0x54 ./Core/Src/main.o
 .text.MX_GPIO_Init
                0x00000000080011b8      0x228 ./Core/Src/main.o
 .text.HAL_UART_RxCpltCallback
                0x00000000080013e0       0x98 ./Core/Src/main.o
                0x00000000080013e0                HAL_UART_RxCpltCallback
 .text.led_effect_stop
                0x0000000008001478       0x40 ./Core/Src/main.o
                0x0000000008001478                led_effect_stop
 .text.led_effect
                0x00000000080014b8       0x3c ./Core/Src/main.o
                0x00000000080014b8                led_effect
 .text.turn_off_all_leds
                0x00000000080014f4       0x3c ./Core/Src/main.o
                0x00000000080014f4                turn_off_all_leds
 .text.turn_on_all_leds
                0x0000000008001530       0x3c ./Core/Src/main.o
                0x0000000008001530                turn_on_all_leds
 .text.turn_on_even_leds
                0x000000000800156c       0x3c ./Core/Src/main.o
                0x000000000800156c                turn_on_even_leds
 .text.turn_on_odd_leds
                0x00000000080015a8       0x3c ./Core/Src/main.o
                0x00000000080015a8                turn_on_odd_leds
 .text.LED_control
                0x00000000080015e4       0x4c ./Core/Src/main.o
                0x00000000080015e4                LED_control
 .text.LED_effect1
                0x0000000008001630       0x2c ./Core/Src/main.o
                0x0000000008001630                LED_effect1
 .text.LED_effect2
                0x000000000800165c       0x2c ./Core/Src/main.o
                0x000000000800165c                LED_effect2
 .text.LED_effect3
                0x0000000008001688       0x30 ./Core/Src/main.o
                0x0000000008001688                LED_effect3
 .text.LED_effect4
                0x00000000080016b8       0x30 ./Core/Src/main.o
                0x00000000080016b8                LED_effect4
 .text.led_effect_callback
                0x00000000080016e8       0x50 ./Core/Src/main.o
                0x00000000080016e8                led_effect_callback
 .text.process_command
                0x0000000008001738       0xa0 ./Core/Src/main.o
                0x0000000008001738                process_command
 .text.extract_command
                0x00000000080017d8       0x74 ./Core/Src/main.o
                0x00000000080017d8                extract_command
 .text.show_time_date
                0x000000000800184c       0xd8 ./Core/Src/main.o
                0x000000000800184c                show_time_date
 .text.rtc_configure_time
                0x0000000008001924       0x24 ./Core/Src/main.o
                0x0000000008001924                rtc_configure_time
 .text.rtc_configure_date
                0x0000000008001948       0x20 ./Core/Src/main.o
                0x0000000008001948                rtc_configure_date
 .text.getnumber
                0x0000000008001968       0x48 ./Core/Src/main.o
                0x0000000008001968                getnumber
 .text.validate_rtc_information
                0x00000000080019b0       0x92 ./Core/Src/main.o
                0x00000000080019b0                validate_rtc_information
 .text.StartDefaultTask
                0x0000000008001a42       0x14 ./Core/Src/main.o
                0x0000000008001a42                StartDefaultTask
 *fill*         0x0000000008001a56        0x2 
 .text.start_menu_task
                0x0000000008001a58      0x11c ./Core/Src/main.o
                0x0000000008001a58                start_menu_task
 .text.start_led_task
                0x0000000008001b74      0x154 ./Core/Src/main.o
                0x0000000008001b74                start_led_task
 .text.start_rtc_task
                0x0000000008001cc8      0x3c0 ./Core/Src/main.o
                0x0000000008001cc8                start_rtc_task
 .text.start_print
                0x0000000008002088       0x58 ./Core/Src/main.o
                0x0000000008002088                start_print
 .text.start_cmd_handl
                0x00000000080020e0       0x2a ./Core/Src/main.o
                0x00000000080020e0                start_cmd_handl
 *fill*         0x000000000800210a        0x2 
 .text.StartOLED_RTC
                0x000000000800210c     0x10c8 ./Core/Src/main.o
                0x000000000800210c                StartOLED_RTC
 .text.start_test_task
                0x00000000080031d4      0x164 ./Core/Src/main.o
                0x00000000080031d4                start_test_task
 .text.HAL_TIM_PeriodElapsedCallback
                0x0000000008003338       0x24 ./Core/Src/main.o
                0x0000000008003338                HAL_TIM_PeriodElapsedCallback
 .text.Error_Handler
                0x000000000800335c        0xa ./Core/Src/main.o
                0x000000000800335c                Error_Handler
 *fill*         0x0000000008003366        0x2 
 .text.HAL_MspInit
                0x0000000008003368       0x58 ./Core/Src/stm32f4xx_hal_msp.o
                0x0000000008003368                HAL_MspInit
 .text.HAL_I2C_MspInit
                0x00000000080033c0      0x140 ./Core/Src/stm32f4xx_hal_msp.o
                0x00000000080033c0                HAL_I2C_MspInit
 .text.HAL_I2S_MspInit
                0x0000000008003500      0x100 ./Core/Src/stm32f4xx_hal_msp.o
                0x0000000008003500                HAL_I2S_MspInit
 .text.HAL_RTC_MspInit
                0x0000000008003600       0x54 ./Core/Src/stm32f4xx_hal_msp.o
                0x0000000008003600                HAL_RTC_MspInit
 .text.HAL_SPI_MspInit
                0x0000000008003654       0x90 ./Core/Src/stm32f4xx_hal_msp.o
                0x0000000008003654                HAL_SPI_MspInit
 .text.HAL_TIM_Encoder_MspInit
                0x00000000080036e4       0xa0 ./Core/Src/stm32f4xx_hal_msp.o
                0x00000000080036e4                HAL_TIM_Encoder_MspInit
 .text.HAL_TIM_Base_MspInit
                0x0000000008003784       0x50 ./Core/Src/stm32f4xx_hal_msp.o
                0x0000000008003784                HAL_TIM_Base_MspInit
 .text.HAL_UART_MspInit
                0x00000000080037d4       0xa0 ./Core/Src/stm32f4xx_hal_msp.o
                0x00000000080037d4                HAL_UART_MspInit
 .text.HAL_InitTick
                0x0000000008003874       0xb4 ./Core/Src/stm32f4xx_hal_timebase_tim.o
                0x0000000008003874                HAL_InitTick
 .text.NMI_Handler
                0x0000000008003928        0x6 ./Core/Src/stm32f4xx_it.o
                0x0000000008003928                NMI_Handler
 .text.HardFault_Handler
                0x000000000800392e        0x6 ./Core/Src/stm32f4xx_it.o
                0x000000000800392e                HardFault_Handler
 .text.MemManage_Handler
                0x0000000008003934        0x6 ./Core/Src/stm32f4xx_it.o
                0x0000000008003934                MemManage_Handler
 .text.BusFault_Handler
                0x000000000800393a        0x6 ./Core/Src/stm32f4xx_it.o
                0x000000000800393a                BusFault_Handler
 .text.UsageFault_Handler
                0x0000000008003940        0x6 ./Core/Src/stm32f4xx_it.o
                0x0000000008003940                UsageFault_Handler
 .text.DebugMon_Handler
                0x0000000008003946        0xe ./Core/Src/stm32f4xx_it.o
                0x0000000008003946                DebugMon_Handler
 .text.TIM1_UP_TIM10_IRQHandler
                0x0000000008003954       0x14 ./Core/Src/stm32f4xx_it.o
                0x0000000008003954                TIM1_UP_TIM10_IRQHandler
 .text.USART2_IRQHandler
                0x0000000008003968       0x14 ./Core/Src/stm32f4xx_it.o
                0x0000000008003968                USART2_IRQHandler
 .text.EXTI15_10_IRQHandler
                0x000000000800397c       0x1c ./Core/Src/stm32f4xx_it.o
                0x000000000800397c                EXTI15_10_IRQHandler
 .text.TIM6_DAC_IRQHandler
                0x0000000008003998       0x14 ./Core/Src/stm32f4xx_it.o
                0x0000000008003998                TIM6_DAC_IRQHandler
 .text.TIM7_IRQHandler
                0x00000000080039ac       0x6c ./Core/Src/stm32f4xx_it.o
                0x00000000080039ac                TIM7_IRQHandler
 .text.OTG_FS_IRQHandler
                0x0000000008003a18       0x14 ./Core/Src/stm32f4xx_it.o
                0x0000000008003a18                OTG_FS_IRQHandler
 .text._sbrk    0x0000000008003a2c       0x6c ./Core/Src/sysmem.o
                0x0000000008003a2c                _sbrk
 .text.SystemInit
                0x0000000008003a98       0x24 ./Core/Src/system_stm32f4xx.o
                0x0000000008003a98                SystemInit
 .text.draw_pixel
                0x0000000008003abc       0xa4 ./Core/Src/oled/gfx.o
                0x0000000008003abc                draw_pixel
 .text.invert_pixel
                0x0000000008003b60       0x74 ./Core/Src/oled/gfx.o
                0x0000000008003b60                invert_pixel
 .text.invert_rectangle
                0x0000000008003bd4       0x5c ./Core/Src/oled/gfx.o
                0x0000000008003bd4                invert_rectangle
 .text.clear    0x0000000008003c30       0x50 ./Core/Src/oled/gfx.o
                0x0000000008003c30                clear
 .text.line_h   0x0000000008003c80      0x240 ./Core/Src/oled/gfx.o
                0x0000000008003c80                line_h
 .text.graphics_Glyph
                0x0000000008003ec0       0xd6 ./Core/Src/oled/gfx.o
                0x0000000008003ec0                graphics_Glyph
 *fill*         0x0000000008003f96        0x2 
 .text.graphics_text
                0x0000000008003f98      0x138 ./Core/Src/oled/gfx.o
                0x0000000008003f98                graphics_text
 .text.ssd1306_command
                0x00000000080040d0       0x30 ./Core/Src/oled/oled.o
                0x00000000080040d0                ssd1306_command
 .text.oled_update
                0x0000000008004100       0xa8 ./Core/Src/oled/oled.o
                0x0000000008004100                oled_update
 .text.oled_init
                0x00000000080041a8       0xe4 ./Core/Src/oled/oled.o
                0x00000000080041a8                oled_init
 .text.Reset_Handler
                0x000000000800428c       0x50 ./Core/Startup/startup_stm32f407vgtx.o
                0x000000000800428c                Reset_Handler
 .text.Default_Handler
                0x00000000080042dc        0x2 ./Core/Startup/startup_stm32f407vgtx.o
                0x00000000080042dc                RTC_Alarm_IRQHandler
                0x00000000080042dc                HASH_RNG_IRQHandler
                0x00000000080042dc                EXTI2_IRQHandler
                0x00000000080042dc                TIM8_CC_IRQHandler
                0x00000000080042dc                TIM1_CC_IRQHandler
                0x00000000080042dc                DMA2_Stream5_IRQHandler
                0x00000000080042dc                DMA1_Stream5_IRQHandler
                0x00000000080042dc                PVD_IRQHandler
                0x00000000080042dc                SDIO_IRQHandler
                0x00000000080042dc                TAMP_STAMP_IRQHandler
                0x00000000080042dc                CAN2_RX1_IRQHandler
                0x00000000080042dc                EXTI3_IRQHandler
                0x00000000080042dc                TIM8_TRG_COM_TIM14_IRQHandler
                0x00000000080042dc                TIM8_UP_TIM13_IRQHandler
                0x00000000080042dc                I2C3_ER_IRQHandler
                0x00000000080042dc                EXTI0_IRQHandler
                0x00000000080042dc                I2C2_EV_IRQHandler
                0x00000000080042dc                DMA1_Stream2_IRQHandler
                0x00000000080042dc                CAN1_RX0_IRQHandler
                0x00000000080042dc                FPU_IRQHandler
                0x00000000080042dc                OTG_HS_WKUP_IRQHandler
                0x00000000080042dc                CAN2_SCE_IRQHandler
                0x00000000080042dc                DMA2_Stream2_IRQHandler
                0x00000000080042dc                SPI1_IRQHandler
                0x00000000080042dc                TIM1_BRK_TIM9_IRQHandler
                0x00000000080042dc                DCMI_IRQHandler
                0x00000000080042dc                CAN2_RX0_IRQHandler
                0x00000000080042dc                DMA2_Stream3_IRQHandler
                0x00000000080042dc                USART6_IRQHandler
                0x00000000080042dc                USART3_IRQHandler
                0x00000000080042dc                CAN1_RX1_IRQHandler
                0x00000000080042dc                UART5_IRQHandler
                0x00000000080042dc                DMA2_Stream0_IRQHandler
                0x00000000080042dc                TIM4_IRQHandler
                0x00000000080042dc                I2C1_EV_IRQHandler
                0x00000000080042dc                DMA1_Stream6_IRQHandler
                0x00000000080042dc                DMA1_Stream1_IRQHandler
                0x00000000080042dc                UART4_IRQHandler
                0x00000000080042dc                TIM3_IRQHandler
                0x00000000080042dc                RCC_IRQHandler
                0x00000000080042dc                TIM8_BRK_TIM12_IRQHandler
                0x00000000080042dc                Default_Handler
                0x00000000080042dc                ADC_IRQHandler
                0x00000000080042dc                DMA1_Stream7_IRQHandler
                0x00000000080042dc                CAN2_TX_IRQHandler
                0x00000000080042dc                TIM5_IRQHandler
                0x00000000080042dc                DMA2_Stream7_IRQHandler
                0x00000000080042dc                I2C3_EV_IRQHandler
                0x00000000080042dc                EXTI9_5_IRQHandler
                0x00000000080042dc                RTC_WKUP_IRQHandler
                0x00000000080042dc                ETH_WKUP_IRQHandler
                0x00000000080042dc                SPI2_IRQHandler
                0x00000000080042dc                OTG_HS_EP1_IN_IRQHandler
                0x00000000080042dc                DMA1_Stream0_IRQHandler
                0x00000000080042dc                CAN1_TX_IRQHandler
                0x00000000080042dc                EXTI4_IRQHandler
                0x00000000080042dc                FSMC_IRQHandler
                0x00000000080042dc                ETH_IRQHandler
                0x00000000080042dc                OTG_HS_EP1_OUT_IRQHandler
                0x00000000080042dc                WWDG_IRQHandler
                0x00000000080042dc                TIM2_IRQHandler
                0x00000000080042dc                OTG_FS_WKUP_IRQHandler
                0x00000000080042dc                TIM1_TRG_COM_TIM11_IRQHandler
                0x00000000080042dc                OTG_HS_IRQHandler
                0x00000000080042dc                EXTI1_IRQHandler
                0x00000000080042dc                I2C2_ER_IRQHandler
                0x00000000080042dc                DMA2_Stream1_IRQHandler
                0x00000000080042dc                CAN1_SCE_IRQHandler
                0x00000000080042dc                FLASH_IRQHandler
                0x00000000080042dc                DMA2_Stream4_IRQHandler
                0x00000000080042dc                USART1_IRQHandler
                0x00000000080042dc                SPI3_IRQHandler
                0x00000000080042dc                DMA1_Stream4_IRQHandler
                0x00000000080042dc                I2C1_ER_IRQHandler
                0x00000000080042dc                DMA2_Stream6_IRQHandler
                0x00000000080042dc                DMA1_Stream3_IRQHandler
 *fill*         0x00000000080042de        0x2 
 .text.HAL_Init
                0x00000000080042e0       0x44 ./Drivers/STM32F4xx_HAL_Driver/Src/stm32f4xx_hal.o
                0x00000000080042e0                HAL_Init
 .text.HAL_IncTick
                0x0000000008004324       0x28 ./Drivers/STM32F4xx_HAL_Driver/Src/stm32f4xx_hal.o
                0x0000000008004324                HAL_IncTick
 .text.HAL_GetTick
                0x000000000800434c       0x18 ./Drivers/STM32F4xx_HAL_Driver/Src/stm32f4xx_hal.o
                0x000000000800434c                HAL_GetTick
 .text.HAL_Delay
                0x0000000008004364       0x48 ./Drivers/STM32F4xx_HAL_Driver/Src/stm32f4xx_hal.o
                0x0000000008004364                HAL_Delay
 .text.__NVIC_SetPriorityGrouping
                0x00000000080043ac       0x48 ./Drivers/STM32F4xx_HAL_Driver/Src/stm32f4xx_hal_cortex.o
 .text.__NVIC_GetPriorityGrouping
                0x00000000080043f4       0x1c ./Drivers/STM32F4xx_HAL_Driver/Src/stm32f4xx_hal_cortex.o
 .text.__NVIC_EnableIRQ
                0x0000000008004410       0x3c ./Drivers/STM32F4xx_HAL_Driver/Src/stm32f4xx_hal_cortex.o
 .text.__NVIC_SetPriority
                0x000000000800444c       0x54 ./Drivers/STM32F4xx_HAL_Driver/Src/stm32f4xx_hal_cortex.o
 .text.NVIC_EncodePriority
                0x00000000080044a0       0x66 ./Drivers/STM32F4xx_HAL_Driver/Src/stm32f4xx_hal_cortex.o
 .text.HAL_NVIC_SetPriorityGrouping
                0x0000000008004506       0x16 ./Drivers/STM32F4xx_HAL_Driver/Src/stm32f4xx_hal_cortex.o
                0x0000000008004506                HAL_NVIC_SetPriorityGrouping
 .text.HAL_NVIC_SetPriority
                0x000000000800451c       0x38 ./Drivers/STM32F4xx_HAL_Driver/Src/stm32f4xx_hal_cortex.o
                0x000000000800451c                HAL_NVIC_SetPriority
 .text.HAL_NVIC_EnableIRQ
                0x0000000008004554       0x1c ./Drivers/STM32F4xx_HAL_Driver/Src/stm32f4xx_hal_cortex.o
                0x0000000008004554                HAL_NVIC_EnableIRQ
 .text.HAL_DMA_Abort
                0x0000000008004570       0xe0 ./Drivers/STM32F4xx_HAL_Driver/Src/stm32f4xx_hal_dma.o
                0x0000000008004570                HAL_DMA_Abort
 .text.HAL_DMA_Abort_IT
                0x0000000008004650       0x44 ./Drivers/STM32F4xx_HAL_Driver/Src/stm32f4xx_hal_dma.o
                0x0000000008004650                HAL_DMA_Abort_IT
 .text.HAL_GPIO_Init
                0x0000000008004694      0x338 ./Drivers/STM32F4xx_HAL_Driver/Src/stm32f4xx_hal_gpio.o
                0x0000000008004694                HAL_GPIO_Init
 .text.HAL_GPIO_ReadPin
                0x00000000080049cc       0x30 ./Drivers/STM32F4xx_HAL_Driver/Src/stm32f4xx_hal_gpio.o
                0x00000000080049cc                HAL_GPIO_ReadPin
 .text.HAL_GPIO_WritePin
                0x00000000080049fc       0x32 ./Drivers/STM32F4xx_HAL_Driver/Src/stm32f4xx_hal_gpio.o
                0x00000000080049fc                HAL_GPIO_WritePin
 *fill*         0x0000000008004a2e        0x2 
 .text.HAL_GPIO_EXTI_IRQHandler
                0x0000000008004a30       0x30 ./Drivers/STM32F4xx_HAL_Driver/Src/stm32f4xx_hal_gpio.o
                0x0000000008004a30                HAL_GPIO_EXTI_IRQHandler
 .text.HAL_GPIO_EXTI_Callback
                0x0000000008004a60       0x16 ./Drivers/STM32F4xx_HAL_Driver/Src/stm32f4xx_hal_gpio.o
                0x0000000008004a60                HAL_GPIO_EXTI_Callback
 .text.HAL_HCD_Init
                0x0000000008004a76       0xc4 ./Drivers/STM32F4xx_HAL_Driver/Src/stm32f4xx_hal_hcd.o
                0x0000000008004a76                HAL_HCD_Init
 .text.HAL_HCD_HC_Init
                0x0000000008004b3a      0x11e ./Drivers/STM32F4xx_HAL_Driver/Src/stm32f4xx_hal_hcd.o
                0x0000000008004b3a                HAL_HCD_HC_Init
 .text.HAL_HCD_HC_Halt
                0x0000000008004c58       0x46 ./Drivers/STM32F4xx_HAL_Driver/Src/stm32f4xx_hal_hcd.o
                0x0000000008004c58                HAL_HCD_HC_Halt
 *fill*         0x0000000008004c9e        0x2 
 .text.HAL_HCD_HC_SubmitRequest
                0x0000000008004ca0      0x2ac ./Drivers/STM32F4xx_HAL_Driver/Src/stm32f4xx_hal_hcd.o
                0x0000000008004ca0                HAL_HCD_HC_SubmitRequest
 .text.HAL_HCD_IRQHandler
                0x0000000008004f4c      0x216 ./Drivers/STM32F4xx_HAL_Driver/Src/stm32f4xx_hal_hcd.o
                0x0000000008004f4c                HAL_HCD_IRQHandler
 .text.HAL_HCD_Start
                0x0000000008005162       0x46 ./Drivers/STM32F4xx_HAL_Driver/Src/stm32f4xx_hal_hcd.o
                0x0000000008005162                HAL_HCD_Start
 .text.HAL_HCD_Stop
                0x00000000080051a8       0x3a ./Drivers/STM32F4xx_HAL_Driver/Src/stm32f4xx_hal_hcd.o
                0x00000000080051a8                HAL_HCD_Stop
 .text.HAL_HCD_ResetPort
                0x00000000080051e2       0x1c ./Drivers/STM32F4xx_HAL_Driver/Src/stm32f4xx_hal_hcd.o
                0x00000000080051e2                HAL_HCD_ResetPort
 .text.HAL_HCD_HC_GetURBState
                0x00000000080051fe       0x28 ./Drivers/STM32F4xx_HAL_Driver/Src/stm32f4xx_hal_hcd.o
                0x00000000080051fe                HAL_HCD_HC_GetURBState
 .text.HAL_HCD_HC_GetXferCount
                0x0000000008005226       0x28 ./Drivers/STM32F4xx_HAL_Driver/Src/stm32f4xx_hal_hcd.o
                0x0000000008005226                HAL_HCD_HC_GetXferCount
 .text.HAL_HCD_GetCurrentFrame
                0x000000000800524e       0x1c ./Drivers/STM32F4xx_HAL_Driver/Src/stm32f4xx_hal_hcd.o
                0x000000000800524e                HAL_HCD_GetCurrentFrame
 .text.HAL_HCD_GetCurrentSpeed
                0x000000000800526a       0x1c ./Drivers/STM32F4xx_HAL_Driver/Src/stm32f4xx_hal_hcd.o
                0x000000000800526a                HAL_HCD_GetCurrentSpeed
 .text.HCD_HC_IN_IRQHandler
                0x0000000008005286      0x844 ./Drivers/STM32F4xx_HAL_Driver/Src/stm32f4xx_hal_hcd.o
 .text.HCD_HC_OUT_IRQHandler
                0x0000000008005aca      0x802 ./Drivers/STM32F4xx_HAL_Driver/Src/stm32f4xx_hal_hcd.o
 .text.HCD_RXQLVL_IRQHandler
                0x00000000080062cc      0x1a4 ./Drivers/STM32F4xx_HAL_Driver/Src/stm32f4xx_hal_hcd.o
 .text.HCD_Port_IRQHandler
                0x0000000008006470       0xe6 ./Drivers/STM32F4xx_HAL_Driver/Src/stm32f4xx_hal_hcd.o
 *fill*         0x0000000008006556        0x2 
 .text.HAL_I2C_Init
                0x0000000008006558      0x288 ./Drivers/STM32F4xx_HAL_Driver/Src/stm32f4xx_hal_i2c.o
                0x0000000008006558                HAL_I2C_Init
 .text.HAL_I2C_Master_Transmit
                0x00000000080067e0      0x1fc ./Drivers/STM32F4xx_HAL_Driver/Src/stm32f4xx_hal_i2c.o
                0x00000000080067e0                HAL_I2C_Master_Transmit
 .text.HAL_I2C_Mem_Write
                0x00000000080069dc      0x1f4 ./Drivers/STM32F4xx_HAL_Driver/Src/stm32f4xx_hal_i2c.o
                0x00000000080069dc                HAL_I2C_Mem_Write
 .text.HAL_I2C_Mem_Read
                0x0000000008006bd0      0x44c ./Drivers/STM32F4xx_HAL_Driver/Src/stm32f4xx_hal_i2c.o
                0x0000000008006bd0                HAL_I2C_Mem_Read
 .text.I2C_MasterRequestWrite
                0x000000000800701c      0x104 ./Drivers/STM32F4xx_HAL_Driver/Src/stm32f4xx_hal_i2c.o
 .text.I2C_RequestMemoryWrite
                0x0000000008007120      0x12c ./Drivers/STM32F4xx_HAL_Driver/Src/stm32f4xx_hal_i2c.o
 .text.I2C_RequestMemoryRead
                0x000000000800724c      0x1d0 ./Drivers/STM32F4xx_HAL_Driver/Src/stm32f4xx_hal_i2c.o
 .text.I2C_WaitOnFlagUntilTimeout
                0x000000000800741c       0xae ./Drivers/STM32F4xx_HAL_Driver/Src/stm32f4xx_hal_i2c.o
 .text.I2C_WaitOnMasterAddressFlagUntilTimeout
                0x00000000080074ca       0xfe ./Drivers/STM32F4xx_HAL_Driver/Src/stm32f4xx_hal_i2c.o
 .text.I2C_WaitOnTXEFlagUntilTimeout
                0x00000000080075c8       0x82 ./Drivers/STM32F4xx_HAL_Driver/Src/stm32f4xx_hal_i2c.o
 .text.I2C_WaitOnBTFFlagUntilTimeout
                0x000000000800764a       0x82 ./Drivers/STM32F4xx_HAL_Driver/Src/stm32f4xx_hal_i2c.o
 .text.I2C_WaitOnRXNEFlagUntilTimeout
                0x00000000080076cc       0xac ./Drivers/STM32F4xx_HAL_Driver/Src/stm32f4xx_hal_i2c.o
 .text.I2C_IsAcknowledgeFailed
                0x0000000008007778       0x5e ./Drivers/STM32F4xx_HAL_Driver/Src/stm32f4xx_hal_i2c.o
 *fill*         0x00000000080077d6        0x2 
 .text.HAL_I2S_Init
                0x00000000080077d8      0x280 ./Drivers/STM32F4xx_HAL_Driver/Src/stm32f4xx_hal_i2s.o
                0x00000000080077d8                HAL_I2S_Init
 .text.HAL_I2S_TxCpltCallback
                0x0000000008007a58       0x14 ./Drivers/STM32F4xx_HAL_Driver/Src/stm32f4xx_hal_i2s.o
                0x0000000008007a58                HAL_I2S_TxCpltCallback
 .text.HAL_I2S_RxCpltCallback
                0x0000000008007a6c       0x14 ./Drivers/STM32F4xx_HAL_Driver/Src/stm32f4xx_hal_i2s.o
                0x0000000008007a6c                HAL_I2S_RxCpltCallback
 .text.HAL_I2S_ErrorCallback
                0x0000000008007a80       0x14 ./Drivers/STM32F4xx_HAL_Driver/Src/stm32f4xx_hal_i2s.o
                0x0000000008007a80                HAL_I2S_ErrorCallback
 .text.I2S_Transmit_IT
                0x0000000008007a94       0x5c ./Drivers/STM32F4xx_HAL_Driver/Src/stm32f4xx_hal_i2s.o
 .text.I2S_Receive_IT
                0x0000000008007af0       0x5e ./Drivers/STM32F4xx_HAL_Driver/Src/stm32f4xx_hal_i2s.o
 .text.I2S_IRQHandler
                0x0000000008007b4e      0x114 ./Drivers/STM32F4xx_HAL_Driver/Src/stm32f4xx_hal_i2s.o
 *fill*         0x0000000008007c62        0x2 
 .text.HAL_I2SEx_FullDuplex_IRQHandler
                0x0000000008007c64      0x2a8 ./Drivers/STM32F4xx_HAL_Driver/Src/stm32f4xx_hal_i2s_ex.o
                0x0000000008007c64                HAL_I2SEx_FullDuplex_IRQHandler
 .text.HAL_I2SEx_TxRxCpltCallback
                0x0000000008007f0c       0x14 ./Drivers/STM32F4xx_HAL_Driver/Src/stm32f4xx_hal_i2s_ex.o
                0x0000000008007f0c                HAL_I2SEx_TxRxCpltCallback
 .text.I2SEx_TxISR_I2S
                0x0000000008007f20       0x62 ./Drivers/STM32F4xx_HAL_Driver/Src/stm32f4xx_hal_i2s_ex.o
 *fill*         0x0000000008007f82        0x2 
 .text.I2SEx_TxISR_I2SExt
                0x0000000008007f84       0x98 ./Drivers/STM32F4xx_HAL_Driver/Src/stm32f4xx_hal_i2s_ex.o
 .text.I2SEx_RxISR_I2S
                0x000000000800801c       0x64 ./Drivers/STM32F4xx_HAL_Driver/Src/stm32f4xx_hal_i2s_ex.o
 .text.I2SEx_RxISR_I2SExt
                0x0000000008008080       0x98 ./Drivers/STM32F4xx_HAL_Driver/Src/stm32f4xx_hal_i2s_ex.o
 .text.HAL_RCC_OscConfig
                0x0000000008008118      0x4f0 ./Drivers/STM32F4xx_HAL_Driver/Src/stm32f4xx_hal_rcc.o
                0x0000000008008118                HAL_RCC_OscConfig
 .text.HAL_RCC_ClockConfig
                0x0000000008008608      0x1cc ./Drivers/STM32F4xx_HAL_Driver/Src/stm32f4xx_hal_rcc.o
                0x0000000008008608                HAL_RCC_ClockConfig
 .text.HAL_RCC_GetSysClockFreq
                0x00000000080087d4      0x1c4 ./Drivers/STM32F4xx_HAL_Driver/Src/stm32f4xx_hal_rcc.o
                0x00000000080087d4                HAL_RCC_GetSysClockFreq
 .text.HAL_RCC_GetHCLKFreq
                0x0000000008008998       0x18 ./Drivers/STM32F4xx_HAL_Driver/Src/stm32f4xx_hal_rcc.o
                0x0000000008008998                HAL_RCC_GetHCLKFreq
 .text.HAL_RCC_GetPCLK1Freq
                0x00000000080089b0       0x28 ./Drivers/STM32F4xx_HAL_Driver/Src/stm32f4xx_hal_rcc.o
                0x00000000080089b0                HAL_RCC_GetPCLK1Freq
 .text.HAL_RCC_GetPCLK2Freq
                0x00000000080089d8       0x28 ./Drivers/STM32F4xx_HAL_Driver/Src/stm32f4xx_hal_rcc.o
                0x00000000080089d8                HAL_RCC_GetPCLK2Freq
 .text.HAL_RCC_GetClockConfig
                0x0000000008008a00       0x64 ./Drivers/STM32F4xx_HAL_Driver/Src/stm32f4xx_hal_rcc.o
                0x0000000008008a00                HAL_RCC_GetClockConfig
 .text.HAL_RCCEx_PeriphCLKConfig
                0x0000000008008a64      0x1c4 ./Drivers/STM32F4xx_HAL_Driver/Src/stm32f4xx_hal_rcc_ex.o
                0x0000000008008a64                HAL_RCCEx_PeriphCLKConfig
 .text.HAL_RCCEx_GetPeriphCLKFreq
                0x0000000008008c28       0xbc ./Drivers/STM32F4xx_HAL_Driver/Src/stm32f4xx_hal_rcc_ex.o
                0x0000000008008c28                HAL_RCCEx_GetPeriphCLKFreq
 .text.HAL_RTC_Init
                0x0000000008008ce4      0x122 ./Drivers/STM32F4xx_HAL_Driver/Src/stm32f4xx_hal_rtc.o
                0x0000000008008ce4                HAL_RTC_Init
 .text.HAL_RTC_SetTime
                0x0000000008008e06      0x17a ./Drivers/STM32F4xx_HAL_Driver/Src/stm32f4xx_hal_rtc.o
                0x0000000008008e06                HAL_RTC_SetTime
 .text.HAL_RTC_GetTime
                0x0000000008008f80       0xbc ./Drivers/STM32F4xx_HAL_Driver/Src/stm32f4xx_hal_rtc.o
                0x0000000008008f80                HAL_RTC_GetTime
 .text.HAL_RTC_SetDate
                0x000000000800903c      0x14e ./Drivers/STM32F4xx_HAL_Driver/Src/stm32f4xx_hal_rtc.o
                0x000000000800903c                HAL_RTC_SetDate
 .text.HAL_RTC_WaitForSynchro
                0x000000000800918a       0x50 ./Drivers/STM32F4xx_HAL_Driver/Src/stm32f4xx_hal_rtc.o
                0x000000000800918a                HAL_RTC_WaitForSynchro
 .text.RTC_EnterInitMode
                0x00000000080091da       0x58 ./Drivers/STM32F4xx_HAL_Driver/Src/stm32f4xx_hal_rtc.o
                0x00000000080091da                RTC_EnterInitMode
 .text.RTC_ByteToBcd2
                0x0000000008009232       0x3c ./Drivers/STM32F4xx_HAL_Driver/Src/stm32f4xx_hal_rtc.o
                0x0000000008009232                RTC_ByteToBcd2
 .text.RTC_Bcd2ToByte
                0x000000000800926e       0x3c ./Drivers/STM32F4xx_HAL_Driver/Src/stm32f4xx_hal_rtc.o
                0x000000000800926e                RTC_Bcd2ToByte
 .text.HAL_SPI_Init
                0x00000000080092aa      0x112 ./Drivers/STM32F4xx_HAL_Driver/Src/stm32f4xx_hal_spi.o
                0x00000000080092aa                HAL_SPI_Init
 .text.HAL_TIM_Base_Init
                0x00000000080093bc       0x9e ./Drivers/STM32F4xx_HAL_Driver/Src/stm32f4xx_hal_tim.o
                0x00000000080093bc                HAL_TIM_Base_Init
 *fill*         0x000000000800945a        0x2 
 .text.HAL_TIM_Base_Start_IT
                0x000000000800945c       0xe0 ./Drivers/STM32F4xx_HAL_Driver/Src/stm32f4xx_hal_tim.o
                0x000000000800945c                HAL_TIM_Base_Start_IT
 .text.HAL_TIM_Base_Stop_IT
                0x000000000800953c       0x5e ./Drivers/STM32F4xx_HAL_Driver/Src/stm32f4xx_hal_tim.o
                0x000000000800953c                HAL_TIM_Base_Stop_IT
 .text.HAL_TIM_Encoder_Init
                0x000000000800959a      0x14c ./Drivers/STM32F4xx_HAL_Driver/Src/stm32f4xx_hal_tim.o
                0x000000000800959a                HAL_TIM_Encoder_Init
 .text.HAL_TIM_Encoder_Start
                0x00000000080096e6      0x11c ./Drivers/STM32F4xx_HAL_Driver/Src/stm32f4xx_hal_tim.o
                0x00000000080096e6                HAL_TIM_Encoder_Start
 .text.HAL_TIM_IRQHandler
                0x0000000008009802      0x210 ./Drivers/STM32F4xx_HAL_Driver/Src/stm32f4xx_hal_tim.o
                0x0000000008009802                HAL_TIM_IRQHandler
 .text.HAL_TIM_OC_DelayElapsedCallback
                0x0000000008009a12       0x14 ./Drivers/STM32F4xx_HAL_Driver/Src/stm32f4xx_hal_tim.o
                0x0000000008009a12                HAL_TIM_OC_DelayElapsedCallback
 .text.HAL_TIM_IC_CaptureCallback
                0x0000000008009a26       0x14 ./Drivers/STM32F4xx_HAL_Driver/Src/stm32f4xx_hal_tim.o
                0x0000000008009a26                HAL_TIM_IC_CaptureCallback
 .text.HAL_TIM_PWM_PulseFinishedCallback
                0x0000000008009a3a       0x14 ./Drivers/STM32F4xx_HAL_Driver/Src/stm32f4xx_hal_tim.o
                0x0000000008009a3a                HAL_TIM_PWM_PulseFinishedCallback
 .text.HAL_TIM_TriggerCallback
                0x0000000008009a4e       0x14 ./Drivers/STM32F4xx_HAL_Driver/Src/stm32f4xx_hal_tim.o
                0x0000000008009a4e                HAL_TIM_TriggerCallback
 *fill*         0x0000000008009a62        0x2 
 .text.TIM_Base_SetConfig
                0x0000000008009a64      0x140 ./Drivers/STM32F4xx_HAL_Driver/Src/stm32f4xx_hal_tim.o
                0x0000000008009a64                TIM_Base_SetConfig
 .text.TIM_CCxChannelCmd
                0x0000000008009ba4       0x4a ./Drivers/STM32F4xx_HAL_Driver/Src/stm32f4xx_hal_tim.o
                0x0000000008009ba4                TIM_CCxChannelCmd
 *fill*         0x0000000008009bee        0x2 
 .text.HAL_TIMEx_MasterConfigSynchronization
                0x0000000008009bf0       0xf8 ./Drivers/STM32F4xx_HAL_Driver/Src/stm32f4xx_hal_tim_ex.o
                0x0000000008009bf0                HAL_TIMEx_MasterConfigSynchronization
 .text.HAL_TIMEx_CommutCallback
                0x0000000008009ce8       0x14 ./Drivers/STM32F4xx_HAL_Driver/Src/stm32f4xx_hal_tim_ex.o
                0x0000000008009ce8                HAL_TIMEx_CommutCallback
 .text.HAL_TIMEx_BreakCallback
                0x0000000008009cfc       0x14 ./Drivers/STM32F4xx_HAL_Driver/Src/stm32f4xx_hal_tim_ex.o
                0x0000000008009cfc                HAL_TIMEx_BreakCallback
 .text.HAL_UART_Init
                0x0000000008009d10       0x9a ./Drivers/STM32F4xx_HAL_Driver/Src/stm32f4xx_hal_uart.o
                0x0000000008009d10                HAL_UART_Init
 .text.HAL_UART_Transmit
                0x0000000008009daa      0x124 ./Drivers/STM32F4xx_HAL_Driver/Src/stm32f4xx_hal_uart.o
                0x0000000008009daa                HAL_UART_Transmit
 .text.HAL_UART_Receive_IT
                0x0000000008009ece       0x60 ./Drivers/STM32F4xx_HAL_Driver/Src/stm32f4xx_hal_uart.o
                0x0000000008009ece                HAL_UART_Receive_IT
 *fill*         0x0000000008009f2e        0x2 
 .text.HAL_UART_IRQHandler
                0x0000000008009f30      0x51c ./Drivers/STM32F4xx_HAL_Driver/Src/stm32f4xx_hal_uart.o
                0x0000000008009f30                HAL_UART_IRQHandler
 .text.HAL_UART_TxCpltCallback
                0x000000000800a44c       0x14 ./Drivers/STM32F4xx_HAL_Driver/Src/stm32f4xx_hal_uart.o
                0x000000000800a44c                HAL_UART_TxCpltCallback
 .text.HAL_UART_ErrorCallback
                0x000000000800a460       0x14 ./Drivers/STM32F4xx_HAL_Driver/Src/stm32f4xx_hal_uart.o
                0x000000000800a460                HAL_UART_ErrorCallback
 .text.HAL_UARTEx_RxEventCallback
                0x000000000800a474       0x18 ./Drivers/STM32F4xx_HAL_Driver/Src/stm32f4xx_hal_uart.o
                0x000000000800a474                HAL_UARTEx_RxEventCallback
 .text.UART_WaitOnFlagUntilTimeout
                0x000000000800a48c       0xdc ./Drivers/STM32F4xx_HAL_Driver/Src/stm32f4xx_hal_uart.o
 .text.UART_Start_Receive_IT
                0x000000000800a568       0x74 ./Drivers/STM32F4xx_HAL_Driver/Src/stm32f4xx_hal_uart.o
                0x000000000800a568                UART_Start_Receive_IT
 .text.UART_EndRxTransfer
                0x000000000800a5dc       0xc6 ./Drivers/STM32F4xx_HAL_Driver/Src/stm32f4xx_hal_uart.o
 .text.UART_DMAAbortOnError
                0x000000000800a6a2       0x28 ./Drivers/STM32F4xx_HAL_Driver/Src/stm32f4xx_hal_uart.o
 .text.UART_Transmit_IT
                0x000000000800a6ca       0xa0 ./Drivers/STM32F4xx_HAL_Driver/Src/stm32f4xx_hal_uart.o
 .text.UART_EndTransmit_IT
                0x000000000800a76a       0x30 ./Drivers/STM32F4xx_HAL_Driver/Src/stm32f4xx_hal_uart.o
 .text.UART_Receive_IT
                0x000000000800a79a      0x176 ./Drivers/STM32F4xx_HAL_Driver/Src/stm32f4xx_hal_uart.o
 .text.UART_SetConfig
                0x000000000800a910      0x390 ./Drivers/STM32F4xx_HAL_Driver/Src/stm32f4xx_hal_uart.o
 .text.USB_CoreInit
                0x000000000800aca0       0xc2 ./Drivers/STM32F4xx_HAL_Driver/Src/stm32f4xx_ll_usb.o
                0x000000000800aca0                USB_CoreInit
 .text.USB_EnableGlobalInt
                0x000000000800ad62       0x22 ./Drivers/STM32F4xx_HAL_Driver/Src/stm32f4xx_ll_usb.o
                0x000000000800ad62                USB_EnableGlobalInt
 .text.USB_DisableGlobalInt
                0x000000000800ad84       0x22 ./Drivers/STM32F4xx_HAL_Driver/Src/stm32f4xx_ll_usb.o
                0x000000000800ad84                USB_DisableGlobalInt
 .text.USB_SetCurrentMode
                0x000000000800ada6       0x98 ./Drivers/STM32F4xx_HAL_Driver/Src/stm32f4xx_ll_usb.o
                0x000000000800ada6                USB_SetCurrentMode
 *fill*         0x000000000800ae3e        0x2 
 .text.USB_FlushTxFifo
                0x000000000800ae40       0x48 ./Drivers/STM32F4xx_HAL_Driver/Src/stm32f4xx_ll_usb.o
                0x000000000800ae40                USB_FlushTxFifo
 .text.USB_FlushRxFifo
                0x000000000800ae88       0x40 ./Drivers/STM32F4xx_HAL_Driver/Src/stm32f4xx_ll_usb.o
                0x000000000800ae88                USB_FlushRxFifo
 .text.USB_WritePacket
                0x000000000800aec8       0x7c ./Drivers/STM32F4xx_HAL_Driver/Src/stm32f4xx_ll_usb.o
                0x000000000800aec8                USB_WritePacket
 .text.USB_ReadPacket
                0x000000000800af44       0xb0 ./Drivers/STM32F4xx_HAL_Driver/Src/stm32f4xx_ll_usb.o
                0x000000000800af44                USB_ReadPacket
 .text.USB_ReadInterrupts
                0x000000000800aff4       0x26 ./Drivers/STM32F4xx_HAL_Driver/Src/stm32f4xx_ll_usb.o
                0x000000000800aff4                USB_ReadInterrupts
 .text.USB_GetMode
                0x000000000800b01a       0x1c ./Drivers/STM32F4xx_HAL_Driver/Src/stm32f4xx_ll_usb.o
                0x000000000800b01a                USB_GetMode
 *fill*         0x000000000800b036        0x2 
 .text.USB_CoreReset
                0x000000000800b038       0x64 ./Drivers/STM32F4xx_HAL_Driver/Src/stm32f4xx_ll_usb.o
 .text.USB_HostInit
                0x000000000800b09c      0x168 ./Drivers/STM32F4xx_HAL_Driver/Src/stm32f4xx_ll_usb.o
                0x000000000800b09c                USB_HostInit
 .text.USB_InitFSLSPClkSel
                0x000000000800b204       0x74 ./Drivers/STM32F4xx_HAL_Driver/Src/stm32f4xx_ll_usb.o
                0x000000000800b204                USB_InitFSLSPClkSel
 .text.USB_ResetPort
                0x000000000800b278       0x54 ./Drivers/STM32F4xx_HAL_Driver/Src/stm32f4xx_ll_usb.o
                0x000000000800b278                USB_ResetPort
 .text.USB_DriveVbus
                0x000000000800b2cc       0x72 ./Drivers/STM32F4xx_HAL_Driver/Src/stm32f4xx_ll_usb.o
                0x000000000800b2cc                USB_DriveVbus
 .text.USB_GetHostSpeed
                0x000000000800b33e       0x2e ./Drivers/STM32F4xx_HAL_Driver/Src/stm32f4xx_ll_usb.o
                0x000000000800b33e                USB_GetHostSpeed
 .text.USB_GetCurrentFrame
                0x000000000800b36c       0x22 ./Drivers/STM32F4xx_HAL_Driver/Src/stm32f4xx_ll_usb.o
                0x000000000800b36c                USB_GetCurrentFrame
 *fill*         0x000000000800b38e        0x2 
 .text.USB_HC_Init
                0x000000000800b390      0x21c ./Drivers/STM32F4xx_HAL_Driver/Src/stm32f4xx_ll_usb.o
                0x000000000800b390                USB_HC_Init
 .text.USB_HC_StartXfer
                0x000000000800b5ac      0x284 ./Drivers/STM32F4xx_HAL_Driver/Src/stm32f4xx_ll_usb.o
                0x000000000800b5ac                USB_HC_StartXfer
 .text.USB_HC_ReadInterrupt
                0x000000000800b830       0x22 ./Drivers/STM32F4xx_HAL_Driver/Src/stm32f4xx_ll_usb.o
                0x000000000800b830                USB_HC_ReadInterrupt
 .text.USB_HC_Halt
                0x000000000800b852      0x238 ./Drivers/STM32F4xx_HAL_Driver/Src/stm32f4xx_ll_usb.o
                0x000000000800b852                USB_HC_Halt
 *fill*         0x000000000800ba8a        0x2 
 .text.USB_DoPing
                0x000000000800ba8c       0x78 ./Drivers/STM32F4xx_HAL_Driver/Src/stm32f4xx_ll_usb.o
                0x000000000800ba8c                USB_DoPing
 .text.USB_StopHost
                0x000000000800bb04      0x10c ./Drivers/STM32F4xx_HAL_Driver/Src/stm32f4xx_ll_usb.o
                0x000000000800bb04                USB_StopHost
 .text.USBH_CDC_InterfaceInit
                0x000000000800bc10      0x2ac ./Middlewares/ST/STM32_USB_Host_Library/Class/CDC/Src/usbh_cdc.o
 .text.USBH_CDC_InterfaceDeInit
                0x000000000800bebc       0xb2 ./Middlewares/ST/STM32_USB_Host_Library/Class/CDC/Src/usbh_cdc.o
 .text.USBH_CDC_ClassRequest
                0x000000000800bf6e       0x3e ./Middlewares/ST/STM32_USB_Host_Library/Class/CDC/Src/usbh_cdc.o
 .text.USBH_CDC_Process
                0x000000000800bfac      0x12c ./Middlewares/ST/STM32_USB_Host_Library/Class/CDC/Src/usbh_cdc.o
 .text.USBH_CDC_SOFProcess
                0x000000000800c0d8       0x16 ./Middlewares/ST/STM32_USB_Host_Library/Class/CDC/Src/usbh_cdc.o
 .text.GetLineCoding
                0x000000000800c0ee       0x3e ./Middlewares/ST/STM32_USB_Host_Library/Class/CDC/Src/usbh_cdc.o
 .text.SetLineCoding
                0x000000000800c12c       0x3e ./Middlewares/ST/STM32_USB_Host_Library/Class/CDC/Src/usbh_cdc.o
 .text.CDC_ProcessTransmission
                0x000000000800c16a      0x124 ./Middlewares/ST/STM32_USB_Host_Library/Class/CDC/Src/usbh_cdc.o
 .text.CDC_ProcessReception
                0x000000000800c28e       0xd2 ./Middlewares/ST/STM32_USB_Host_Library/Class/CDC/Src/usbh_cdc.o
 .text.USBH_CDC_TransmitCallback
                0x000000000800c360       0x14 ./Middlewares/ST/STM32_USB_Host_Library/Class/CDC/Src/usbh_cdc.o
                0x000000000800c360                USBH_CDC_TransmitCallback
 .text.USBH_CDC_ReceiveCallback
                0x000000000800c374       0x14 ./Middlewares/ST/STM32_USB_Host_Library/Class/CDC/Src/usbh_cdc.o
                0x000000000800c374                USBH_CDC_ReceiveCallback
 .text.USBH_CDC_LineCodingChanged
                0x000000000800c388       0x14 ./Middlewares/ST/STM32_USB_Host_Library/Class/CDC/Src/usbh_cdc.o
                0x000000000800c388                USBH_CDC_LineCodingChanged
 .text.USBH_Init
                0x000000000800c39c       0xb8 ./Middlewares/ST/STM32_USB_Host_Library/Core/Src/usbh_core.o
                0x000000000800c39c                USBH_Init
 .text.DeInitStateMachine
                0x000000000800c454       0xa8 ./Middlewares/ST/STM32_USB_Host_Library/Core/Src/usbh_core.o
 .text.USBH_RegisterClass
                0x000000000800c4fc       0x54 ./Middlewares/ST/STM32_USB_Host_Library/Core/Src/usbh_core.o
                0x000000000800c4fc                USBH_RegisterClass
 .text.USBH_SelectInterface
                0x000000000800c550       0x38 ./Middlewares/ST/STM32_USB_Host_Library/Core/Src/usbh_core.o
                0x000000000800c550                USBH_SelectInterface
 .text.USBH_FindInterface
                0x000000000800c588       0x8c ./Middlewares/ST/STM32_USB_Host_Library/Core/Src/usbh_core.o
                0x000000000800c588                USBH_FindInterface
 .text.USBH_Start
                0x000000000800c614       0x20 ./Middlewares/ST/STM32_USB_Host_Library/Core/Src/usbh_core.o
                0x000000000800c614                USBH_Start
 .text.USBH_Process
                0x000000000800c634      0x4c4 ./Middlewares/ST/STM32_USB_Host_Library/Core/Src/usbh_core.o
                0x000000000800c634                USBH_Process
 .text.USBH_HandleEnum
                0x000000000800caf8      0x458 ./Middlewares/ST/STM32_USB_Host_Library/Core/Src/usbh_core.o
 .text.USBH_LL_SetTimer
                0x000000000800cf50       0x1e ./Middlewares/ST/STM32_USB_Host_Library/Core/Src/usbh_core.o
                0x000000000800cf50                USBH_LL_SetTimer
 .text.USBH_LL_IncTimer
                0x000000000800cf6e       0x24 ./Middlewares/ST/STM32_USB_Host_Library/Core/Src/usbh_core.o
                0x000000000800cf6e                USBH_LL_IncTimer
 .text.USBH_HandleSof
                0x000000000800cf92       0x30 ./Middlewares/ST/STM32_USB_Host_Library/Core/Src/usbh_core.o
 .text.USBH_LL_PortEnabled
                0x000000000800cfc2       0x34 ./Middlewares/ST/STM32_USB_Host_Library/Core/Src/usbh_core.o
                0x000000000800cfc2                USBH_LL_PortEnabled
 .text.USBH_LL_PortDisabled
                0x000000000800cff6       0x1c ./Middlewares/ST/STM32_USB_Host_Library/Core/Src/usbh_core.o
                0x000000000800cff6                USBH_LL_PortDisabled
 .text.USBH_LL_Connect
                0x000000000800d012       0x46 ./Middlewares/ST/STM32_USB_Host_Library/Core/Src/usbh_core.o
                0x000000000800d012                USBH_LL_Connect
 .text.USBH_LL_Disconnect
                0x000000000800d058       0x64 ./Middlewares/ST/STM32_USB_Host_Library/Core/Src/usbh_core.o
                0x000000000800d058                USBH_LL_Disconnect
 .text.USBH_Process_OS
                0x000000000800d0bc       0x2e ./Middlewares/ST/STM32_USB_Host_Library/Core/Src/usbh_core.o
 .text.USBH_LL_NotifyURBChange
                0x000000000800d0ea       0x2e ./Middlewares/ST/STM32_USB_Host_Library/Core/Src/usbh_core.o
                0x000000000800d0ea                USBH_LL_NotifyURBChange
 .text.USBH_Get_DevDesc
                0x000000000800d118       0x50 ./Middlewares/ST/STM32_USB_Host_Library/Core/Src/usbh_ctlreq.o
                0x000000000800d118                USBH_Get_DevDesc
 .text.USBH_Get_CfgDesc
                0x000000000800d168       0x48 ./Middlewares/ST/STM32_USB_Host_Library/Core/Src/usbh_ctlreq.o
                0x000000000800d168                USBH_Get_CfgDesc
 .text.USBH_Get_StringDesc
                0x000000000800d1b0       0x56 ./Middlewares/ST/STM32_USB_Host_Library/Core/Src/usbh_ctlreq.o
                0x000000000800d1b0                USBH_Get_StringDesc
 .text.USBH_GetDescriptor
                0x000000000800d206       0x6a ./Middlewares/ST/STM32_USB_Host_Library/Core/Src/usbh_ctlreq.o
                0x000000000800d206                USBH_GetDescriptor
 .text.USBH_SetAddress
                0x000000000800d270       0x48 ./Middlewares/ST/STM32_USB_Host_Library/Core/Src/usbh_ctlreq.o
                0x000000000800d270                USBH_SetAddress
 .text.USBH_SetCfg
                0x000000000800d2b8       0x46 ./Middlewares/ST/STM32_USB_Host_Library/Core/Src/usbh_ctlreq.o
                0x000000000800d2b8                USBH_SetCfg
 .text.USBH_SetFeature
                0x000000000800d2fe       0x48 ./Middlewares/ST/STM32_USB_Host_Library/Core/Src/usbh_ctlreq.o
                0x000000000800d2fe                USBH_SetFeature
 .text.USBH_ClrFeature
                0x000000000800d346       0x48 ./Middlewares/ST/STM32_USB_Host_Library/Core/Src/usbh_ctlreq.o
                0x000000000800d346                USBH_ClrFeature
 .text.USBH_ParseDevDesc
                0x000000000800d38e       0xe0 ./Middlewares/ST/STM32_USB_Host_Library/Core/Src/usbh_ctlreq.o
 .text.USBH_ParseCfgDesc
                0x000000000800d46e      0x144 ./Middlewares/ST/STM32_USB_Host_Library/Core/Src/usbh_ctlreq.o
 .text.USBH_ParseInterfaceDesc
                0x000000000800d5b2       0x5e ./Middlewares/ST/STM32_USB_Host_Library/Core/Src/usbh_ctlreq.o
 .text.USBH_ParseEPDesc
                0x000000000800d610       0x5a ./Middlewares/ST/STM32_USB_Host_Library/Core/Src/usbh_ctlreq.o
 .text.USBH_ParseStringDesc
                0x000000000800d66a       0x66 ./Middlewares/ST/STM32_USB_Host_Library/Core/Src/usbh_ctlreq.o
 .text.USBH_GetNextDesc
                0x000000000800d6d0       0x36 ./Middlewares/ST/STM32_USB_Host_Library/Core/Src/usbh_ctlreq.o
                0x000000000800d6d0                USBH_GetNextDesc
 .text.USBH_CtlReq
                0x000000000800d706       0xb2 ./Middlewares/ST/STM32_USB_Host_Library/Core/Src/usbh_ctlreq.o
                0x000000000800d706                USBH_CtlReq
 .text.USBH_HandleControl
                0x000000000800d7b8      0x490 ./Middlewares/ST/STM32_USB_Host_Library/Core/Src/usbh_ctlreq.o
 .text.USBH_CtlSendSetup
                0x000000000800dc48       0x34 ./Middlewares/ST/STM32_USB_Host_Library/Core/Src/usbh_ioreq.o
                0x000000000800dc48                USBH_CtlSendSetup
 .text.USBH_CtlSendData
                0x000000000800dc7c       0x4a ./Middlewares/ST/STM32_USB_Host_Library/Core/Src/usbh_ioreq.o
                0x000000000800dc7c                USBH_CtlSendData
 .text.USBH_CtlReceiveData
                0x000000000800dcc6       0x3c ./Middlewares/ST/STM32_USB_Host_Library/Core/Src/usbh_ioreq.o
                0x000000000800dcc6                USBH_CtlReceiveData
 .text.USBH_BulkSendData
                0x000000000800dd02       0x4a ./Middlewares/ST/STM32_USB_Host_Library/Core/Src/usbh_ioreq.o
                0x000000000800dd02                USBH_BulkSendData
 .text.USBH_BulkReceiveData
                0x000000000800dd4c       0x3c ./Middlewares/ST/STM32_USB_Host_Library/Core/Src/usbh_ioreq.o
                0x000000000800dd4c                USBH_BulkReceiveData
 .text.USBH_OpenPipe
                0x000000000800dd88       0x3e ./Middlewares/ST/STM32_USB_Host_Library/Core/Src/usbh_pipes.o
                0x000000000800dd88                USBH_OpenPipe
 .text.USBH_ClosePipe
                0x000000000800ddc6       0x20 ./Middlewares/ST/STM32_USB_Host_Library/Core/Src/usbh_pipes.o
                0x000000000800ddc6                USBH_ClosePipe
 .text.USBH_AllocPipe
                0x000000000800dde6       0x42 ./Middlewares/ST/STM32_USB_Host_Library/Core/Src/usbh_pipes.o
                0x000000000800dde6                USBH_AllocPipe
 .text.USBH_FreePipe
                0x000000000800de28       0x3c ./Middlewares/ST/STM32_USB_Host_Library/Core/Src/usbh_pipes.o
                0x000000000800de28                USBH_FreePipe
 .text.USBH_GetFreePipe
                0x000000000800de64       0x48 ./Middlewares/ST/STM32_USB_Host_Library/Core/Src/usbh_pipes.o
 .text.__NVIC_SetPriority
                0x000000000800deac       0x54 ./Middlewares/Third_Party/FreeRTOS/Source/CMSIS_RTOS_V2/cmsis_os2.o
 .text.SysTick_Handler
                0x000000000800df00       0x20 ./Middlewares/Third_Party/FreeRTOS/Source/CMSIS_RTOS_V2/cmsis_os2.o
                0x000000000800df00                SysTick_Handler
 .text.SVC_Setup
                0x000000000800df20       0x12 ./Middlewares/Third_Party/FreeRTOS/Source/CMSIS_RTOS_V2/cmsis_os2.o
 *fill*         0x000000000800df32        0x2 
 .text.osKernelInitialize
                0x000000000800df34       0x48 ./Middlewares/Third_Party/FreeRTOS/Source/CMSIS_RTOS_V2/cmsis_os2.o
                0x000000000800df34                osKernelInitialize
 .text.osKernelStart
                0x000000000800df7c       0x4c ./Middlewares/Third_Party/FreeRTOS/Source/CMSIS_RTOS_V2/cmsis_os2.o
                0x000000000800df7c                osKernelStart
 .text.osThreadNew
                0x000000000800dfc8      0x124 ./Middlewares/Third_Party/FreeRTOS/Source/CMSIS_RTOS_V2/cmsis_os2.o
                0x000000000800dfc8                osThreadNew
 .text.osDelay  0x000000000800e0ec       0x36 ./Middlewares/Third_Party/FreeRTOS/Source/CMSIS_RTOS_V2/cmsis_os2.o
                0x000000000800e0ec                osDelay
 .text.osMessageQueueNew
                0x000000000800e122       0xe6 ./Middlewares/Third_Party/FreeRTOS/Source/CMSIS_RTOS_V2/cmsis_os2.o
                0x000000000800e122                osMessageQueueNew
 .text.osMessageQueuePut
                0x000000000800e208       0xc0 ./Middlewares/Third_Party/FreeRTOS/Source/CMSIS_RTOS_V2/cmsis_os2.o
                0x000000000800e208                osMessageQueuePut
 .text.osMessageQueueGet
                0x000000000800e2c8       0xbc ./Middlewares/Third_Party/FreeRTOS/Source/CMSIS_RTOS_V2/cmsis_os2.o
                0x000000000800e2c8                osMessageQueueGet
 .text.vApplicationGetIdleTaskMemory
                0x000000000800e384       0x34 ./Middlewares/Third_Party/FreeRTOS/Source/CMSIS_RTOS_V2/cmsis_os2.o
                0x000000000800e384                vApplicationGetIdleTaskMemory
 .text.vApplicationGetTimerTaskMemory
                0x000000000800e3b8       0x34 ./Middlewares/Third_Party/FreeRTOS/Source/CMSIS_RTOS_V2/cmsis_os2.o
                0x000000000800e3b8                vApplicationGetTimerTaskMemory
 .text.vListInitialise
                0x000000000800e3ec       0x40 ./Middlewares/Third_Party/FreeRTOS/Source/list.o
                0x000000000800e3ec                vListInitialise
 .text.vListInitialiseItem
                0x000000000800e42c       0x1a ./Middlewares/Third_Party/FreeRTOS/Source/list.o
                0x000000000800e42c                vListInitialiseItem
 .text.vListInsertEnd
                0x000000000800e446       0x48 ./Middlewares/Third_Party/FreeRTOS/Source/list.o
                0x000000000800e446                vListInsertEnd
 .text.vListInsert
                0x000000000800e48e       0x72 ./Middlewares/Third_Party/FreeRTOS/Source/list.o
                0x000000000800e48e                vListInsert
 .text.uxListRemove
                0x000000000800e500       0x54 ./Middlewares/Third_Party/FreeRTOS/Source/list.o
                0x000000000800e500                uxListRemove
 .text.xQueueGenericReset
                0x000000000800e554       0xd0 ./Middlewares/Third_Party/FreeRTOS/Source/queue.o
                0x000000000800e554                xQueueGenericReset
 .text.xQueueGenericCreateStatic
                0x000000000800e624       0xf0 ./Middlewares/Third_Party/FreeRTOS/Source/queue.o
                0x000000000800e624                xQueueGenericCreateStatic
 .text.xQueueGenericCreate
                0x000000000800e714       0x74 ./Middlewares/Third_Party/FreeRTOS/Source/queue.o
                0x000000000800e714                xQueueGenericCreate
 .text.prvInitialiseNewQueue
                0x000000000800e788       0x46 ./Middlewares/Third_Party/FreeRTOS/Source/queue.o
 *fill*         0x000000000800e7ce        0x2 
 .text.xQueueGenericSend
                0x000000000800e7d0      0x1fc ./Middlewares/Third_Party/FreeRTOS/Source/queue.o
                0x000000000800e7d0                xQueueGenericSend
 .text.xQueueGenericSendFromISR
                0x000000000800e9cc      0x136 ./Middlewares/Third_Party/FreeRTOS/Source/queue.o
                0x000000000800e9cc                xQueueGenericSendFromISR
 *fill*         0x000000000800eb02        0x2 
 .text.xQueueReceive
                0x000000000800eb04      0x1c0 ./Middlewares/Third_Party/FreeRTOS/Source/queue.o
                0x000000000800eb04                xQueueReceive
 .text.xQueueReceiveFromISR
                0x000000000800ecc4      0x100 ./Middlewares/Third_Party/FreeRTOS/Source/queue.o
                0x000000000800ecc4                xQueueReceiveFromISR
 .text.uxQueueMessagesWaiting
                0x000000000800edc4       0x3c ./Middlewares/Third_Party/FreeRTOS/Source/queue.o
                0x000000000800edc4                uxQueueMessagesWaiting
 .text.prvCopyDataToQueue
                0x000000000800ee00       0xd4 ./Middlewares/Third_Party/FreeRTOS/Source/queue.o
 .text.prvCopyDataFromQueue
                0x000000000800eed4       0x4c ./Middlewares/Third_Party/FreeRTOS/Source/queue.o
 .text.prvUnlockQueue
                0x000000000800ef20       0xa4 ./Middlewares/Third_Party/FreeRTOS/Source/queue.o
 .text.prvIsQueueEmpty
                0x000000000800efc4       0x2c ./Middlewares/Third_Party/FreeRTOS/Source/queue.o
 .text.prvIsQueueFull
                0x000000000800eff0       0x30 ./Middlewares/Third_Party/FreeRTOS/Source/queue.o
 .text.xQueueIsQueueFullFromISR
                0x000000000800f020       0x4c ./Middlewares/Third_Party/FreeRTOS/Source/queue.o
                0x000000000800f020                xQueueIsQueueFullFromISR
 .text.vQueueAddToRegistry
                0x000000000800f06c       0x54 ./Middlewares/Third_Party/FreeRTOS/Source/queue.o
                0x000000000800f06c                vQueueAddToRegistry
 .text.vQueueWaitForMessageRestricted
                0x000000000800f0c0       0x68 ./Middlewares/Third_Party/FreeRTOS/Source/queue.o
                0x000000000800f0c0                vQueueWaitForMessageRestricted
 .text.xTaskCreateStatic
                0x000000000800f128       0xba ./Middlewares/Third_Party/FreeRTOS/Source/tasks.o
                0x000000000800f128                xTaskCreateStatic
 .text.xTaskCreate
                0x000000000800f1e2       0x8a ./Middlewares/Third_Party/FreeRTOS/Source/tasks.o
                0x000000000800f1e2                xTaskCreate
 .text.prvInitialiseNewTask
                0x000000000800f26c      0x14c ./Middlewares/Third_Party/FreeRTOS/Source/tasks.o
 .text.prvAddNewTaskToReadyList
                0x000000000800f3b8       0xe0 ./Middlewares/Third_Party/FreeRTOS/Source/tasks.o
 .text.vTaskDelay
                0x000000000800f498       0x68 ./Middlewares/Third_Party/FreeRTOS/Source/tasks.o
                0x000000000800f498                vTaskDelay
 .text.vTaskStartScheduler
                0x000000000800f500       0xe0 ./Middlewares/Third_Party/FreeRTOS/Source/tasks.o
                0x000000000800f500                vTaskStartScheduler
 .text.vTaskSuspendAll
                0x000000000800f5e0       0x1c ./Middlewares/Third_Party/FreeRTOS/Source/tasks.o
                0x000000000800f5e0                vTaskSuspendAll
 .text.xTaskResumeAll
                0x000000000800f5fc      0x13c ./Middlewares/Third_Party/FreeRTOS/Source/tasks.o
                0x000000000800f5fc                xTaskResumeAll
 .text.xTaskGetTickCount
                0x000000000800f738       0x20 ./Middlewares/Third_Party/FreeRTOS/Source/tasks.o
                0x000000000800f738                xTaskGetTickCount
 .text.xTaskIncrementTick
                0x000000000800f758      0x174 ./Middlewares/Third_Party/FreeRTOS/Source/tasks.o
                0x000000000800f758                xTaskIncrementTick
 .text.vTaskSwitchContext
                0x000000000800f8cc       0xc8 ./Middlewares/Third_Party/FreeRTOS/Source/tasks.o
                0x000000000800f8cc                vTaskSwitchContext
 .text.vTaskPlaceOnEventList
                0x000000000800f994       0x48 ./Middlewares/Third_Party/FreeRTOS/Source/tasks.o
                0x000000000800f994                vTaskPlaceOnEventList
 .text.vTaskPlaceOnEventListRestricted
                0x000000000800f9dc       0x58 ./Middlewares/Third_Party/FreeRTOS/Source/tasks.o
                0x000000000800f9dc                vTaskPlaceOnEventListRestricted
 .text.xTaskRemoveFromEventList
                0x000000000800fa34       0xc8 ./Middlewares/Third_Party/FreeRTOS/Source/tasks.o
                0x000000000800fa34                xTaskRemoveFromEventList
 .text.vTaskInternalSetTimeOutState
                0x000000000800fafc       0x2c ./Middlewares/Third_Party/FreeRTOS/Source/tasks.o
                0x000000000800fafc                vTaskInternalSetTimeOutState
 .text.xTaskCheckForTimeOut
                0x000000000800fb28       0xc4 ./Middlewares/Third_Party/FreeRTOS/Source/tasks.o
                0x000000000800fb28                xTaskCheckForTimeOut
 .text.vTaskMissedYield
                0x000000000800fbec       0x18 ./Middlewares/Third_Party/FreeRTOS/Source/tasks.o
                0x000000000800fbec                vTaskMissedYield
 .text.prvIdleTask
                0x000000000800fc04       0x30 ./Middlewares/Third_Party/FreeRTOS/Source/tasks.o
 .text.prvInitialiseTaskLists
                0x000000000800fc34       0x80 ./Middlewares/Third_Party/FreeRTOS/Source/tasks.o
 .text.prvCheckTasksWaitingTermination
                0x000000000800fcb4       0x5c ./Middlewares/Third_Party/FreeRTOS/Source/tasks.o
 .text.prvDeleteTCB
                0x000000000800fd10       0x68 ./Middlewares/Third_Party/FreeRTOS/Source/tasks.o
 .text.prvResetNextTaskUnblockTime
                0x000000000800fd78       0x40 ./Middlewares/Third_Party/FreeRTOS/Source/tasks.o
 .text.xTaskGetSchedulerState
                0x000000000800fdb8       0x3c ./Middlewares/Third_Party/FreeRTOS/Source/tasks.o
                0x000000000800fdb8                xTaskGetSchedulerState
 .text.xTaskPriorityDisinherit
                0x000000000800fdf4       0xdc ./Middlewares/Third_Party/FreeRTOS/Source/tasks.o
                0x000000000800fdf4                xTaskPriorityDisinherit
 .text.xTaskNotifyWait
                0x000000000800fed0       0xc0 ./Middlewares/Third_Party/FreeRTOS/Source/tasks.o
                0x000000000800fed0                xTaskNotifyWait
 .text.xTaskGenericNotify
                0x000000000800ff90      0x17c ./Middlewares/Third_Party/FreeRTOS/Source/tasks.o
                0x000000000800ff90                xTaskGenericNotify
 .text.xTaskGenericNotifyFromISR
                0x000000000801010c      0x1c8 ./Middlewares/Third_Party/FreeRTOS/Source/tasks.o
                0x000000000801010c                xTaskGenericNotifyFromISR
 .text.prvAddCurrentTaskToDelayedList
                0x00000000080102d4       0xa8 ./Middlewares/Third_Party/FreeRTOS/Source/tasks.o
 .text.xTimerCreateTimerTask
                0x000000000801037c       0x90 ./Middlewares/Third_Party/FreeRTOS/Source/timers.o
                0x000000000801037c                xTimerCreateTimerTask
 .text.xTimerCreate
                0x000000000801040c       0x42 ./Middlewares/Third_Party/FreeRTOS/Source/timers.o
                0x000000000801040c                xTimerCreate
 .text.prvInitialiseNewTimer
                0x000000000801044e       0x76 ./Middlewares/Third_Party/FreeRTOS/Source/timers.o
 .text.xTimerGenericCommand
                0x00000000080104c4       0x9c ./Middlewares/Third_Party/FreeRTOS/Source/timers.o
                0x00000000080104c4                xTimerGenericCommand
 .text.prvProcessExpiredTimer
                0x0000000008010560       0x98 ./Middlewares/Third_Party/FreeRTOS/Source/timers.o
 .text.prvTimerTask
                0x00000000080105f8       0x24 ./Middlewares/Third_Party/FreeRTOS/Source/timers.o
 .text.prvProcessTimerOrBlockTask
                0x000000000801061c       0x9c ./Middlewares/Third_Party/FreeRTOS/Source/timers.o
 .text.prvGetNextExpireTime
                0x00000000080106b8       0x48 ./Middlewares/Third_Party/FreeRTOS/Source/timers.o
 .text.prvSampleTimeNow
                0x0000000008010700       0x40 ./Middlewares/Third_Party/FreeRTOS/Source/timers.o
 .text.prvInsertTimerInActiveList
                0x0000000008010740       0x84 ./Middlewares/Third_Party/FreeRTOS/Source/timers.o
 .text.prvProcessReceivedCommands
                0x00000000080107c4      0x1c4 ./Middlewares/Third_Party/FreeRTOS/Source/timers.o
 .text.prvSwitchTimerLists
                0x0000000008010988       0xc8 ./Middlewares/Third_Party/FreeRTOS/Source/timers.o
 .text.prvCheckForValidListAndQueue
                0x0000000008010a50       0x80 ./Middlewares/Third_Party/FreeRTOS/Source/timers.o
 .text.pvTimerGetTimerID
                0x0000000008010ad0       0x40 ./Middlewares/Third_Party/FreeRTOS/Source/timers.o
                0x0000000008010ad0                pvTimerGetTimerID
 .text.pxPortInitialiseStack
                0x0000000008010b10       0x68 ./Middlewares/Third_Party/FreeRTOS/Source/portable/GCC/ARM_CM4F/port.o
                0x0000000008010b10                pxPortInitialiseStack
 .text.prvTaskExitError
                0x0000000008010b78       0x58 ./Middlewares/Third_Party/FreeRTOS/Source/portable/GCC/ARM_CM4F/port.o
 .text.SVC_Handler
                0x0000000008010bd0       0x28 ./Middlewares/Third_Party/FreeRTOS/Source/portable/GCC/ARM_CM4F/port.o
                0x0000000008010bd0                SVC_Handler
 .text.prvPortStartFirstTask
                0x0000000008010bf8       0x28 ./Middlewares/Third_Party/FreeRTOS/Source/portable/GCC/ARM_CM4F/port.o
 .text.xPortStartScheduler
                0x0000000008010c20      0x144 ./Middlewares/Third_Party/FreeRTOS/Source/portable/GCC/ARM_CM4F/port.o
                0x0000000008010c20                xPortStartScheduler
 .text.vPortEnterCritical
                0x0000000008010d64       0x60 ./Middlewares/Third_Party/FreeRTOS/Source/portable/GCC/ARM_CM4F/port.o
                0x0000000008010d64                vPortEnterCritical
 .text.vPortExitCritical
                0x0000000008010dc4       0x54 ./Middlewares/Third_Party/FreeRTOS/Source/portable/GCC/ARM_CM4F/port.o
                0x0000000008010dc4                vPortExitCritical
 *fill*         0x0000000008010e18        0x8 
 .text.PendSV_Handler
                0x0000000008010e20       0x68 ./Middlewares/Third_Party/FreeRTOS/Source/portable/GCC/ARM_CM4F/port.o
                0x0000000008010e20                PendSV_Handler
 .text.xPortSysTickHandler
                0x0000000008010e88       0x44 ./Middlewares/Third_Party/FreeRTOS/Source/portable/GCC/ARM_CM4F/port.o
                0x0000000008010e88                xPortSysTickHandler
 .text.vPortSetupTimerInterrupt
                0x0000000008010ecc       0x48 ./Middlewares/Third_Party/FreeRTOS/Source/portable/GCC/ARM_CM4F/port.o
                0x0000000008010ecc                vPortSetupTimerInterrupt
 .text.vPortEnableVFP
                0x0000000008010f14       0x14 ./Middlewares/Third_Party/FreeRTOS/Source/portable/GCC/ARM_CM4F/port.o
 .text.vPortValidateInterruptPriority
                0x0000000008010f28       0x80 ./Middlewares/Third_Party/FreeRTOS/Source/portable/GCC/ARM_CM4F/port.o
                0x0000000008010f28                vPortValidateInterruptPriority
 .text.pvPortMalloc
                0x0000000008010fa8      0x198 ./Middlewares/Third_Party/FreeRTOS/Source/portable/MemMang/heap_4.o
                0x0000000008010fa8                pvPortMalloc
 .text.vPortFree
                0x0000000008011140       0xc4 ./Middlewares/Third_Party/FreeRTOS/Source/portable/MemMang/heap_4.o
                0x0000000008011140                vPortFree
 .text.prvHeapInit
                0x0000000008011204       0xc4 ./Middlewares/Third_Party/FreeRTOS/Source/portable/MemMang/heap_4.o
 .text.prvInsertBlockIntoFreeList
                0x00000000080112c8       0xb4 ./Middlewares/Third_Party/FreeRTOS/Source/portable/MemMang/heap_4.o
 .text.MX_USB_HOST_Init
                0x000000000801137c       0x4c ./USB_HOST/App/usb_host.o
                0x000000000801137c                MX_USB_HOST_Init
 .text.USBH_UserProcess
                0x00000000080113c8       0x5c ./USB_HOST/App/usb_host.o
 .text.HAL_HCD_MspInit
                0x0000000008011424       0xc4 ./USB_HOST/Target/usbh_conf.o
                0x0000000008011424                HAL_HCD_MspInit
 .text.HAL_HCD_SOF_Callback
                0x00000000080114e8       0x1c ./USB_HOST/Target/usbh_conf.o
                0x00000000080114e8                HAL_HCD_SOF_Callback
 .text.HAL_HCD_Connect_Callback
                0x0000000008011504       0x1c ./USB_HOST/Target/usbh_conf.o
                0x0000000008011504                HAL_HCD_Connect_Callback
 .text.HAL_HCD_Disconnect_Callback
                0x0000000008011520       0x1c ./USB_HOST/Target/usbh_conf.o
                0x0000000008011520                HAL_HCD_Disconnect_Callback
 .text.HAL_HCD_HC_NotifyURBChange_Callback
                0x000000000801153c       0x24 ./USB_HOST/Target/usbh_conf.o
                0x000000000801153c                HAL_HCD_HC_NotifyURBChange_Callback
 .text.HAL_HCD_PortEnabled_Callback
                0x0000000008011560       0x1c ./USB_HOST/Target/usbh_conf.o
                0x0000000008011560                HAL_HCD_PortEnabled_Callback
 .text.HAL_HCD_PortDisabled_Callback
                0x000000000801157c       0x1c ./USB_HOST/Target/usbh_conf.o
                0x000000000801157c                HAL_HCD_PortDisabled_Callback
 .text.USBH_LL_Init
                0x0000000008011598       0x78 ./USB_HOST/Target/usbh_conf.o
                0x0000000008011598                USBH_LL_Init
 .text.USBH_LL_Start
                0x0000000008011610       0x36 ./USB_HOST/Target/usbh_conf.o
                0x0000000008011610                USBH_LL_Start
 .text.USBH_LL_Stop
                0x0000000008011646       0x36 ./USB_HOST/Target/usbh_conf.o
                0x0000000008011646                USBH_LL_Stop
 .text.USBH_LL_GetSpeed
                0x000000000801167c       0x4e ./USB_HOST/Target/usbh_conf.o
                0x000000000801167c                USBH_LL_GetSpeed
 .text.USBH_LL_ResetPort
                0x00000000080116ca       0x36 ./USB_HOST/Target/usbh_conf.o
                0x00000000080116ca                USBH_LL_ResetPort
 .text.USBH_LL_GetLastXferSize
                0x0000000008011700       0x26 ./USB_HOST/Target/usbh_conf.o
                0x0000000008011700                USBH_LL_GetLastXferSize
 .text.USBH_LL_OpenPipe
                0x0000000008011726       0x5e ./USB_HOST/Target/usbh_conf.o
                0x0000000008011726                USBH_LL_OpenPipe
 .text.USBH_LL_ClosePipe
                0x0000000008011784       0x3e ./USB_HOST/Target/usbh_conf.o
                0x0000000008011784                USBH_LL_ClosePipe
 .text.USBH_LL_SubmitURB
                0x00000000080117c2       0x62 ./USB_HOST/Target/usbh_conf.o
                0x00000000080117c2                USBH_LL_SubmitURB
 .text.USBH_LL_GetURBState
                0x0000000008011824       0x26 ./USB_HOST/Target/usbh_conf.o
                0x0000000008011824                USBH_LL_GetURBState
 .text.USBH_LL_DriverVBUS
                0x000000000801184a       0x2e ./USB_HOST/Target/usbh_conf.o
                0x000000000801184a                USBH_LL_DriverVBUS
 .text.USBH_LL_SetToggle
                0x0000000008011878       0x60 ./USB_HOST/Target/usbh_conf.o
                0x0000000008011878                USBH_LL_SetToggle
 .text.USBH_Delay
                0x00000000080118d8       0x16 ./USB_HOST/Target/usbh_conf.o
                0x00000000080118d8                USBH_Delay
 *fill*         0x00000000080118ee        0x2 
 .text.USBH_Get_USB_Status
                0x00000000080118f0       0x58 ./USB_HOST/Target/usbh_conf.o
                0x00000000080118f0                USBH_Get_USB_Status
 .text.MX_DriverVbusFS
                0x0000000008011948       0x38 ./USB_HOST/Target/usbh_platform.o
                0x0000000008011948                MX_DriverVbusFS
 .text.__errno  0x0000000008011980        0xc /home/odemki/st/stm32cubeide_1.8.0_2/plugins/com.st.stm32cube.ide.mcu.externaltools.gnu-tools-for-stm32.9-2020-q2-update.linux64_2.0.0.202105311346/tools/bin/../lib/gcc/arm-none-eabi/9.3.1/../../../../arm-none-eabi/lib/thumb/v7e-m+fp/hard/libc_nano.a(lib_a-errno.o)
                0x0000000008011980                __errno
 .text.__libc_init_array
                0x000000000801198c       0x48 /home/odemki/st/stm32cubeide_1.8.0_2/plugins/com.st.stm32cube.ide.mcu.externaltools.gnu-tools-for-stm32.9-2020-q2-update.linux64_2.0.0.202105311346/tools/bin/../lib/gcc/arm-none-eabi/9.3.1/../../../../arm-none-eabi/lib/thumb/v7e-m+fp/hard/libc_nano.a(lib_a-init.o)
                0x000000000801198c                __libc_init_array
 .text.__retarget_lock_acquire_recursive
                0x00000000080119d4        0x2 /home/odemki/st/stm32cubeide_1.8.0_2/plugins/com.st.stm32cube.ide.mcu.externaltools.gnu-tools-for-stm32.9-2020-q2-update.linux64_2.0.0.202105311346/tools/bin/../lib/gcc/arm-none-eabi/9.3.1/../../../../arm-none-eabi/lib/thumb/v7e-m+fp/hard/libc_nano.a(lib_a-lock.o)
                0x00000000080119d4                __retarget_lock_acquire_recursive
 .text.__retarget_lock_release_recursive
                0x00000000080119d6        0x2 /home/odemki/st/stm32cubeide_1.8.0_2/plugins/com.st.stm32cube.ide.mcu.externaltools.gnu-tools-for-stm32.9-2020-q2-update.linux64_2.0.0.202105311346/tools/bin/../lib/gcc/arm-none-eabi/9.3.1/../../../../arm-none-eabi/lib/thumb/v7e-m+fp/hard/libc_nano.a(lib_a-lock.o)
                0x00000000080119d6                __retarget_lock_release_recursive
 .text.malloc   0x00000000080119d8       0x10 /home/odemki/st/stm32cubeide_1.8.0_2/plugins/com.st.stm32cube.ide.mcu.externaltools.gnu-tools-for-stm32.9-2020-q2-update.linux64_2.0.0.202105311346/tools/bin/../lib/gcc/arm-none-eabi/9.3.1/../../../../arm-none-eabi/lib/thumb/v7e-m+fp/hard/libc_nano.a(lib_a-malloc.o)
                0x00000000080119d8                malloc
 .text.free     0x00000000080119e8       0x10 /home/odemki/st/stm32cubeide_1.8.0_2/plugins/com.st.stm32cube.ide.mcu.externaltools.gnu-tools-for-stm32.9-2020-q2-update.linux64_2.0.0.202105311346/tools/bin/../lib/gcc/arm-none-eabi/9.3.1/../../../../arm-none-eabi/lib/thumb/v7e-m+fp/hard/libc_nano.a(lib_a-malloc.o)
                0x00000000080119e8                free
 .text.memcpy   0x00000000080119f8       0x1c /home/odemki/st/stm32cubeide_1.8.0_2/plugins/com.st.stm32cube.ide.mcu.externaltools.gnu-tools-for-stm32.9-2020-q2-update.linux64_2.0.0.202105311346/tools/bin/../lib/gcc/arm-none-eabi/9.3.1/../../../../arm-none-eabi/lib/thumb/v7e-m+fp/hard/libc_nano.a(lib_a-memcpy-stub.o)
                0x00000000080119f8                memcpy
 .text.memset   0x0000000008011a14       0x10 /home/odemki/st/stm32cubeide_1.8.0_2/plugins/com.st.stm32cube.ide.mcu.externaltools.gnu-tools-for-stm32.9-2020-q2-update.linux64_2.0.0.202105311346/tools/bin/../lib/gcc/arm-none-eabi/9.3.1/../../../../arm-none-eabi/lib/thumb/v7e-m+fp/hard/libc_nano.a(lib_a-memset.o)
                0x0000000008011a14                memset
 .text._free_r  0x0000000008011a24       0xa0 /home/odemki/st/stm32cubeide_1.8.0_2/plugins/com.st.stm32cube.ide.mcu.externaltools.gnu-tools-for-stm32.9-2020-q2-update.linux64_2.0.0.202105311346/tools/bin/../lib/gcc/arm-none-eabi/9.3.1/../../../../arm-none-eabi/lib/thumb/v7e-m+fp/hard/libc_nano.a(lib_a-nano-freer.o)
                0x0000000008011a24                _free_r
 .text._malloc_r
                0x0000000008011ac4       0xb4 /home/odemki/st/stm32cubeide_1.8.0_2/plugins/com.st.stm32cube.ide.mcu.externaltools.gnu-tools-for-stm32.9-2020-q2-update.linux64_2.0.0.202105311346/tools/bin/../lib/gcc/arm-none-eabi/9.3.1/../../../../arm-none-eabi/lib/thumb/v7e-m+fp/hard/libc_nano.a(lib_a-nano-mallocr.o)
                0x0000000008011ac4                _malloc_r
 .text.cleanup_glue
                0x0000000008011b78       0x1a /home/odemki/st/stm32cubeide_1.8.0_2/plugins/com.st.stm32cube.ide.mcu.externaltools.gnu-tools-for-stm32.9-2020-q2-update.linux64_2.0.0.202105311346/tools/bin/../lib/gcc/arm-none-eabi/9.3.1/../../../../arm-none-eabi/lib/thumb/v7e-m+fp/hard/libc_nano.a(lib_a-reent.o)
                0x0000000008011b78                cleanup_glue
 *fill*         0x0000000008011b92        0x2 
 .text._reclaim_reent
                0x0000000008011b94       0xb8 /home/odemki/st/stm32cubeide_1.8.0_2/plugins/com.st.stm32cube.ide.mcu.externaltools.gnu-tools-for-stm32.9-2020-q2-update.linux64_2.0.0.202105311346/tools/bin/../lib/gcc/arm-none-eabi/9.3.1/../../../../arm-none-eabi/lib/thumb/v7e-m+fp/hard/libc_nano.a(lib_a-reent.o)
                0x0000000008011b94                _reclaim_reent
 .text._sbrk_r  0x0000000008011c4c       0x20 /home/odemki/st/stm32cubeide_1.8.0_2/plugins/com.st.stm32cube.ide.mcu.externaltools.gnu-tools-for-stm32.9-2020-q2-update.linux64_2.0.0.202105311346/tools/bin/../lib/gcc/arm-none-eabi/9.3.1/../../../../arm-none-eabi/lib/thumb/v7e-m+fp/hard/libc_nano.a(lib_a-sbrkr.o)
                0x0000000008011c4c                _sbrk_r
 .text.sprintf  0x0000000008011c6c       0x40 /home/odemki/st/stm32cubeide_1.8.0_2/plugins/com.st.stm32cube.ide.mcu.externaltools.gnu-tools-for-stm32.9-2020-q2-update.linux64_2.0.0.202105311346/tools/bin/../lib/gcc/arm-none-eabi/9.3.1/../../../../arm-none-eabi/lib/thumb/v7e-m+fp/hard/libc_nano.a(lib_a-sprintf.o)
                0x0000000008011c6c                sprintf
                0x0000000008011c6c                siprintf
 .text.strcat   0x0000000008011cac       0x1e /home/odemki/st/stm32cubeide_1.8.0_2/plugins/com.st.stm32cube.ide.mcu.externaltools.gnu-tools-for-stm32.9-2020-q2-update.linux64_2.0.0.202105311346/tools/bin/../lib/gcc/arm-none-eabi/9.3.1/../../../../arm-none-eabi/lib/thumb/v7e-m+fp/hard/libc_nano.a(lib_a-strcat.o)
                0x0000000008011cac                strcat
 *fill*         0x0000000008011cca        0x2 
 .text.__malloc_lock
                0x0000000008011ccc        0xc /home/odemki/st/stm32cubeide_1.8.0_2/plugins/com.st.stm32cube.ide.mcu.externaltools.gnu-tools-for-stm32.9-2020-q2-update.linux64_2.0.0.202105311346/tools/bin/../lib/gcc/arm-none-eabi/9.3.1/../../../../arm-none-eabi/lib/thumb/v7e-m+fp/hard/libc_nano.a(lib_a-mlock.o)
                0x0000000008011ccc                __malloc_lock
 .text.__malloc_unlock
                0x0000000008011cd8        0xc /home/odemki/st/stm32cubeide_1.8.0_2/plugins/com.st.stm32cube.ide.mcu.externaltools.gnu-tools-for-stm32.9-2020-q2-update.linux64_2.0.0.202105311346/tools/bin/../lib/gcc/arm-none-eabi/9.3.1/../../../../arm-none-eabi/lib/thumb/v7e-m+fp/hard/libc_nano.a(lib_a-mlock.o)
                0x0000000008011cd8                __malloc_unlock
 .text.__ssputs_r
                0x0000000008011ce4       0xb6 /home/odemki/st/stm32cubeide_1.8.0_2/plugins/com.st.stm32cube.ide.mcu.externaltools.gnu-tools-for-stm32.9-2020-q2-update.linux64_2.0.0.202105311346/tools/bin/../lib/gcc/arm-none-eabi/9.3.1/../../../../arm-none-eabi/lib/thumb/v7e-m+fp/hard/libc_nano.a(lib_a-nano-svfprintf.o)
                0x0000000008011ce4                __ssputs_r
 *fill*         0x0000000008011d9a        0x2 
 .text._svfprintf_r
                0x0000000008011d9c      0x200 /home/odemki/st/stm32cubeide_1.8.0_2/plugins/com.st.stm32cube.ide.mcu.externaltools.gnu-tools-for-stm32.9-2020-q2-update.linux64_2.0.0.202105311346/tools/bin/../lib/gcc/arm-none-eabi/9.3.1/../../../../arm-none-eabi/lib/thumb/v7e-m+fp/hard/libc_nano.a(lib_a-nano-svfprintf.o)
                0x0000000008011d9c                _svfprintf_r
                0x0000000008011d9c                _svfiprintf_r
 .text._printf_common
                0x0000000008011f9c       0xda /home/odemki/st/stm32cubeide_1.8.0_2/plugins/com.st.stm32cube.ide.mcu.externaltools.gnu-tools-for-stm32.9-2020-q2-update.linux64_2.0.0.202105311346/tools/bin/../lib/gcc/arm-none-eabi/9.3.1/../../../../arm-none-eabi/lib/thumb/v7e-m+fp/hard/libc_nano.a(lib_a-nano-vfprintf_i.o)
                0x0000000008011f9c                _printf_common
 *fill*         0x0000000008012076        0x2 
 .text._printf_i
                0x0000000008012078      0x24c /home/odemki/st/stm32cubeide_1.8.0_2/plugins/com.st.stm32cube.ide.mcu.externaltools.gnu-tools-for-stm32.9-2020-q2-update.linux64_2.0.0.202105311346/tools/bin/../lib/gcc/arm-none-eabi/9.3.1/../../../../arm-none-eabi/lib/thumb/v7e-m+fp/hard/libc_nano.a(lib_a-nano-vfprintf_i.o)
                0x0000000008012078                _printf_i
 .text.memmove  0x00000000080122c4       0x34 /home/odemki/st/stm32cubeide_1.8.0_2/plugins/com.st.stm32cube.ide.mcu.externaltools.gnu-tools-for-stm32.9-2020-q2-update.linux64_2.0.0.202105311346/tools/bin/../lib/gcc/arm-none-eabi/9.3.1/../../../../arm-none-eabi/lib/thumb/v7e-m+fp/hard/libc_nano.a(lib_a-memmove.o)
                0x00000000080122c4                memmove
 .text._realloc_r
                0x00000000080122f8       0x4c /home/odemki/st/stm32cubeide_1.8.0_2/plugins/com.st.stm32cube.ide.mcu.externaltools.gnu-tools-for-stm32.9-2020-q2-update.linux64_2.0.0.202105311346/tools/bin/../lib/gcc/arm-none-eabi/9.3.1/../../../../arm-none-eabi/lib/thumb/v7e-m+fp/hard/libc_nano.a(lib_a-nano-reallocr.o)
                0x00000000080122f8                _realloc_r
 .text._malloc_usable_size_r
                0x0000000008012344       0x10 /home/odemki/st/stm32cubeide_1.8.0_2/plugins/com.st.stm32cube.ide.mcu.externaltools.gnu-tools-for-stm32.9-2020-q2-update.linux64_2.0.0.202105311346/tools/bin/../lib/gcc/arm-none-eabi/9.3.1/../../../../arm-none-eabi/lib/thumb/v7e-m+fp/hard/libc_nano.a(lib_a-nano-msizer.o)
                0x0000000008012344                _malloc_usable_size_r
 *(.glue_7)
 .glue_7        0x0000000008012354        0x0 linker stubs
 *(.glue_7t)
 .glue_7t       0x0000000008012354        0x0 linker stubs
 *(.eh_frame)
 .eh_frame      0x0000000008012354        0x0 /home/odemki/st/stm32cubeide_1.8.0_2/plugins/com.st.stm32cube.ide.mcu.externaltools.gnu-tools-for-stm32.9-2020-q2-update.linux64_2.0.0.202105311346/tools/bin/../lib/gcc/arm-none-eabi/9.3.1/thumb/v7e-m+fp/hard/crtbegin.o
 *(.init)
 .init          0x0000000008012354        0x4 /home/odemki/st/stm32cubeide_1.8.0_2/plugins/com.st.stm32cube.ide.mcu.externaltools.gnu-tools-for-stm32.9-2020-q2-update.linux64_2.0.0.202105311346/tools/bin/../lib/gcc/arm-none-eabi/9.3.1/thumb/v7e-m+fp/hard/crti.o
                0x0000000008012354                _init
 .init          0x0000000008012358        0x8 /home/odemki/st/stm32cubeide_1.8.0_2/plugins/com.st.stm32cube.ide.mcu.externaltools.gnu-tools-for-stm32.9-2020-q2-update.linux64_2.0.0.202105311346/tools/bin/../lib/gcc/arm-none-eabi/9.3.1/thumb/v7e-m+fp/hard/crtn.o
 *(.fini)
 .fini          0x0000000008012360        0x4 /home/odemki/st/stm32cubeide_1.8.0_2/plugins/com.st.stm32cube.ide.mcu.externaltools.gnu-tools-for-stm32.9-2020-q2-update.linux64_2.0.0.202105311346/tools/bin/../lib/gcc/arm-none-eabi/9.3.1/thumb/v7e-m+fp/hard/crti.o
                0x0000000008012360                _fini
 .fini          0x0000000008012364        0x8 /home/odemki/st/stm32cubeide_1.8.0_2/plugins/com.st.stm32cube.ide.mcu.externaltools.gnu-tools-for-stm32.9-2020-q2-update.linux64_2.0.0.202105311346/tools/bin/../lib/gcc/arm-none-eabi/9.3.1/thumb/v7e-m+fp/hard/crtn.o
                0x000000000801236c                . = ALIGN (0x4)
                0x000000000801236c                _etext = .

.vfp11_veneer   0x000000000801236c        0x0
 .vfp11_veneer  0x000000000801236c        0x0 linker stubs

.v4_bx          0x000000000801236c        0x0
 .v4_bx         0x000000000801236c        0x0 linker stubs

.iplt           0x000000000801236c        0x0