Archive member included to satisfy reference by file (symbol)

/home/odemki/st/stm32cubeide_1.8.0_2/plugins/com.st.stm32cube.ide.mcu.externaltools.gnu-tools-for-stm32.9-2020-q2-update.linux64_2.0.0.202105311346/tools/bin/../lib/gcc/arm-none-eabi/9.3.1/../../../../arm-none-eabi/lib/thumb/v7e-m+fp/hard/libc_nano.a(lib_a-errno.o)
                              ./Core/Src/syscalls.o (__errno)
/home/odemki/st/stm32cubeide_1.8.0_2/plugins/com.st.stm32cube.ide.mcu.externaltools.gnu-tools-for-stm32.9-2020-q2-update.linux64_2.0.0.202105311346/tools/bin/../lib/gcc/arm-none-eabi/9.3.1/../../../../arm-none-eabi/lib/thumb/v7e-m+fp/hard/libc_nano.a(lib_a-exit.o)
                              /home/odemki/st/stm32cubeide_1.8.0_2/plugins/com.st.stm32cube.ide.mcu.externaltools.gnu-tools-for-stm32.9-2020-q2-update.linux64_2.0.0.202105311346/tools/bin/../lib/gcc/arm-none-eabi/9.3.1/../../../../arm-none-eabi/lib/thumb/v7e-m+fp/hard/crt0.o (exit)
/home/odemki/st/stm32cubeide_1.8.0_2/plugins/com.st.stm32cube.ide.mcu.externaltools.gnu-tools-for-stm32.9-2020-q2-update.linux64_2.0.0.202105311346/tools/bin/../lib/gcc/arm-none-eabi/9.3.1/../../../../arm-none-eabi/lib/thumb/v7e-m+fp/hard/libc_nano.a(lib_a-findfp.o)
                              ./Middlewares/Third_Party/FreeRTOS/Source/tasks.o (__sf_fake_stderr)
/home/odemki/st/stm32cubeide_1.8.0_2/plugins/com.st.stm32cube.ide.mcu.externaltools.gnu-tools-for-stm32.9-2020-q2-update.linux64_2.0.0.202105311346/tools/bin/../lib/gcc/arm-none-eabi/9.3.1/../../../../arm-none-eabi/lib/thumb/v7e-m+fp/hard/libc_nano.a(lib_a-fwalk.o)
                              /home/odemki/st/stm32cubeide_1.8.0_2/plugins/com.st.stm32cube.ide.mcu.externaltools.gnu-tools-for-stm32.9-2020-q2-update.linux64_2.0.0.202105311346/tools/bin/../lib/gcc/arm-none-eabi/9.3.1/../../../../arm-none-eabi/lib/thumb/v7e-m+fp/hard/libc_nano.a(lib_a-findfp.o) (_fwalk)
/home/odemki/st/stm32cubeide_1.8.0_2/plugins/com.st.stm32cube.ide.mcu.externaltools.gnu-tools-for-stm32.9-2020-q2-update.linux64_2.0.0.202105311346/tools/bin/../lib/gcc/arm-none-eabi/9.3.1/../../../../arm-none-eabi/lib/thumb/v7e-m+fp/hard/libc_nano.a(lib_a-impure.o)
                              /home/odemki/st/stm32cubeide_1.8.0_2/plugins/com.st.stm32cube.ide.mcu.externaltools.gnu-tools-for-stm32.9-2020-q2-update.linux64_2.0.0.202105311346/tools/bin/../lib/gcc/arm-none-eabi/9.3.1/../../../../arm-none-eabi/lib/thumb/v7e-m+fp/hard/libc_nano.a(lib_a-exit.o) (_global_impure_ptr)
/home/odemki/st/stm32cubeide_1.8.0_2/plugins/com.st.stm32cube.ide.mcu.externaltools.gnu-tools-for-stm32.9-2020-q2-update.linux64_2.0.0.202105311346/tools/bin/../lib/gcc/arm-none-eabi/9.3.1/../../../../arm-none-eabi/lib/thumb/v7e-m+fp/hard/libc_nano.a(lib_a-init.o)
                              /home/odemki/st/stm32cubeide_1.8.0_2/plugins/com.st.stm32cube.ide.mcu.externaltools.gnu-tools-for-stm32.9-2020-q2-update.linux64_2.0.0.202105311346/tools/bin/../lib/gcc/arm-none-eabi/9.3.1/../../../../arm-none-eabi/lib/thumb/v7e-m+fp/hard/crt0.o (__libc_init_array)
/home/odemki/st/stm32cubeide_1.8.0_2/plugins/com.st.stm32cube.ide.mcu.externaltools.gnu-tools-for-stm32.9-2020-q2-update.linux64_2.0.0.202105311346/tools/bin/../lib/gcc/arm-none-eabi/9.3.1/../../../../arm-none-eabi/lib/thumb/v7e-m+fp/hard/libc_nano.a(lib_a-lock.o)
                              /home/odemki/st/stm32cubeide_1.8.0_2/plugins/com.st.stm32cube.ide.mcu.externaltools.gnu-tools-for-stm32.9-2020-q2-update.linux64_2.0.0.202105311346/tools/bin/../lib/gcc/arm-none-eabi/9.3.1/../../../../arm-none-eabi/lib/thumb/v7e-m+fp/hard/libc_nano.a(lib_a-findfp.o) (__retarget_lock_init_recursive)
/home/odemki/st/stm32cubeide_1.8.0_2/plugins/com.st.stm32cube.ide.mcu.externaltools.gnu-tools-for-stm32.9-2020-q2-update.linux64_2.0.0.202105311346/tools/bin/../lib/gcc/arm-none-eabi/9.3.1/../../../../arm-none-eabi/lib/thumb/v7e-m+fp/hard/libc_nano.a(lib_a-malloc.o)
                              ./Middlewares/ST/STM32_USB_Host_Library/Class/CDC/Src/usbh_cdc.o (malloc)
/home/odemki/st/stm32cubeide_1.8.0_2/plugins/com.st.stm32cube.ide.mcu.externaltools.gnu-tools-for-stm32.9-2020-q2-update.linux64_2.0.0.202105311346/tools/bin/../lib/gcc/arm-none-eabi/9.3.1/../../../../arm-none-eabi/lib/thumb/v7e-m+fp/hard/libc_nano.a(lib_a-memcpy-stub.o)
                              ./Middlewares/Third_Party/FreeRTOS/Source/CMSIS_RTOS_V2/cmsis_os2.o (memcpy)
/home/odemki/st/stm32cubeide_1.8.0_2/plugins/com.st.stm32cube.ide.mcu.externaltools.gnu-tools-for-stm32.9-2020-q2-update.linux64_2.0.0.202105311346/tools/bin/../lib/gcc/arm-none-eabi/9.3.1/../../../../arm-none-eabi/lib/thumb/v7e-m+fp/hard/libc_nano.a(lib_a-memset.o)
                              /home/odemki/st/stm32cubeide_1.8.0_2/plugins/com.st.stm32cube.ide.mcu.externaltools.gnu-tools-for-stm32.9-2020-q2-update.linux64_2.0.0.202105311346/tools/bin/../lib/gcc/arm-none-eabi/9.3.1/../../../../arm-none-eabi/lib/thumb/v7e-m+fp/hard/crt0.o (memset)
[...]
Memory Configuration

Name             Origin             Length             Attributes
CCMRAM           0x0000000010000000 0x0000000000010000 xrw
RAM              0x0000000020000000 0x0000000000020000 xrw
FLASH            0x0000000008000000 0x0000000000100000 xr
*default*        0x0000000000000000 0xffffffffffffffff

Linker script and memory map

LOAD /home/odemki/st/stm32cubeide_1.8.0_2/plugins/com.st.stm32cube.ide.mcu.externaltools.gnu-tools-for-stm32.9-2020-q2-update.linux64_2.0.0.202105311346/tools/bin/../lib/gcc/arm-none-eabi/9.3.1/thumb/v7e-m+fp/hard/crti.o
LOAD /home/odemki/st/stm32cubeide_1.8.0_2/plugins/com.st.stm32cube.ide.mcu.externaltools.gnu-tools-for-stm32.9-2020-q2-update.linux64_2.0.0.202105311346/tools/bin/../lib/gcc/arm-none-eabi/9.3.1/thumb/v7e-m+fp/hard/crtbegin.o
LOAD /home/odemki/st/stm32cubeide_1.8.0_2/plugins/com.st.stm32cube.ide.mcu.externaltools.gnu-tools-for-stm32.9-2020-q2-update.linux64_2.0.0.202105311346/tools/bin/../lib/gcc/arm-none-eabi/9.3.1/../../../../arm-none-eabi/lib/thumb/v7e-m+fp/hard/crt0.o
LOAD ./Core/Src/clock/DS3231.o
LOAD ./Core/Src/clock/i2c_scanner.o
LOAD ./Core/Src/freertos.o
LOAD ./Core/Src/main.o
LOAD ./Core/Src/stm32f4xx_hal_msp.o
LOAD ./Core/Src/stm32f4xx_hal_timebase_tim.o
LOAD ./Core/Src/stm32f4xx_it.o
LOAD ./Core/Src/syscalls.o
LOAD ./Core/Src/sysmem.o
LOAD ./Core/Src/system_stm32f4xx.o
LOAD ./Core/Src/oled/fonts.o
LOAD ./Core/Src/oled/gfx.o
LOAD ./Core/Src/oled/oled.o
LOAD ./Core/Startup/startup_stm32f407vgtx.o
LOAD ./Drivers/STM32F4xx_HAL_Driver/Src/stm32f4xx_hal.o
LOAD ./Drivers/STM32F4xx_HAL_Driver/Src/stm32f4xx_hal_cortex.o
LOAD ./Drivers/STM32F4xx_HAL_Driver/Src/stm32f4xx_hal_dma.o
LOAD ./Drivers/STM32F4xx_HAL_Driver/Src/stm32f4xx_hal_dma_ex.o
LOAD ./Drivers/STM32F4xx_HAL_Driver/Src/stm32f4xx_hal_exti.o
LOAD ./Drivers/STM32F4xx_HAL_Driver/Src/stm32f4xx_hal_flash.o
LOAD ./Drivers/STM32F4xx_HAL_Driver/Src/stm32f4xx_hal_flash_ex.o
LOAD ./Drivers/STM32F4xx_HAL_Driver/Src/stm32f4xx_hal_flash_ramfunc.o
LOAD ./Drivers/STM32F4xx_HAL_Driver/Src/stm32f4xx_hal_gpio.o
LOAD ./Drivers/STM32F4xx_HAL_Driver/Src/stm32f4xx_hal_hcd.o
LOAD ./Drivers/STM32F4xx_HAL_Driver/Src/stm32f4xx_hal_i2c.o
LOAD ./Drivers/STM32F4xx_HAL_Driver/Src/stm32f4xx_hal_i2c_ex.o
LOAD ./Drivers/STM32F4xx_HAL_Driver/Src/stm32f4xx_hal_i2s.o
LOAD ./Drivers/STM32F4xx_HAL_Driver/Src/stm32f4xx_hal_i2s_ex.o
LOAD ./Drivers/STM32F4xx_HAL_Driver/Src/stm32f4xx_hal_pwr.o
LOAD ./Drivers/STM32F4xx_HAL_Driver/Src/stm32f4xx_hal_pwr_ex.o
LOAD ./Drivers/STM32F4xx_HAL_Driver/Src/stm32f4xx_hal_rcc.o
LOAD ./Drivers/STM32F4xx_HAL_Driver/Src/stm32f4xx_hal_rcc_ex.o
LOAD ./Drivers/STM32F4xx_HAL_Driver/Src/stm32f4xx_hal_rtc.o
LOAD ./Drivers/STM32F4xx_HAL_Driver/Src/stm32f4xx_hal_rtc_ex.o
LOAD ./Drivers/STM32F4xx_HAL_Driver/Src/stm32f4xx_hal_spi.o
LOAD ./Drivers/STM32F4xx_HAL_Driver/Src/stm32f4xx_hal_tim.o
LOAD ./Drivers/STM32F4xx_HAL_Driver/Src/stm32f4xx_hal_tim_ex.o
LOAD ./Drivers/STM32F4xx_HAL_Driver/Src/stm32f4xx_hal_uart.o
LOAD ./Drivers/STM32F4xx_HAL_Driver/Src/stm32f4xx_ll_usb.o
LOAD ./Middlewares/ST/STM32_USB_Host_Library/Class/CDC/Src/usbh_cdc.o
LOAD ./Middlewares/ST/STM32_USB_Host_Library/Core/Src/usbh_core.o
LOAD ./Middlewares/ST/STM32_USB_Host_Library/Core/Src/usbh_ctlreq.o
LOAD ./Middlewares/ST/STM32_USB_Host_Library/Core/Src/usbh_ioreq.o
LOAD ./Middlewares/ST/STM32_USB_Host_Library/Core/Src/usbh_pipes.o
LOAD ./Middlewares/Third_Party/FreeRTOS/Source/CMSIS_RTOS_V2/cmsis_os2.o
LOAD ./Middlewares/Third_Party/FreeRTOS/Source/croutine.o
LOAD ./Middlewares/Third_Party/FreeRTOS/Source/event_groups.o
LOAD ./Middlewares/Third_Party/FreeRTOS/Source/list.o
LOAD ./Middlewares/Third_Party/FreeRTOS/Source/queue.o
LOAD ./Middlewares/Third_Party/FreeRTOS/Source/stream_buffer.o
LOAD ./Middlewares/Third_Party/FreeRTOS/Source/tasks.o
LOAD ./Middlewares/Third_Party/FreeRTOS/Source/timers.o
LOAD ./Middlewares/Third_Party/FreeRTOS/Source/portable/GCC/ARM_CM4F/port.o
LOAD ./Middlewares/Third_Party/FreeRTOS/Source/portable/MemMang/heap_4.o
LOAD ./USB_HOST/App/usb_host.o
LOAD ./USB_HOST/Target/usbh_conf.o
LOAD ./USB_HOST/Target/usbh_platform.o
START GROUP
LOAD /home/odemki/st/stm32cubeide_1.8.0_2/plugins/com.st.stm32cube.ide.mcu.externaltools.gnu-tools-for-stm32.9-2020-q2-update.linux64_2.0.0.202105311346/tools/bin/../lib/gcc/arm-none-eabi/9.3.1/../../../../arm-none-eabi/lib/thumb/v7e-m+fp/hard/libc_nano.a
LOAD /home/odemki/st/stm32cubeide_1.8.0_2/plugins/com.st.stm32cube.ide.mcu.externaltools.gnu-tools-for-stm32.9-2020-q2-update.linux64_2.0.0.202105311346/tools/bin/../lib/gcc/arm-none-eabi/9.3.1/../../../../arm-none-eabi/lib/thumb/v7e-m+fp/hard/libm.a
END GROUP
START GROUP
LOAD /home/odemki/st/stm32cubeide_1.8.0_2/plugins/com.st.stm32cube.ide.mcu.externaltools.gnu-tools-for-stm32.9-2020-q2-update.linux64_2.0.0.202105311346/tools/bin/../lib/gcc/arm-none-eabi/9.3.1/thumb/v7e-m+fp/hard/libgcc.a
LOAD /home/odemki/st/stm32cubeide_1.8.0_2/plugins/com.st.stm32cube.ide.mcu.externaltools.gnu-tools-for-stm32.9-2020-q2-update.linux64_2.0.0.202105311346/tools/bin/../lib/gcc/arm-none-eabi/9.3.1/../../../../arm-none-eabi/lib/thumb/v7e-m+fp/hard/libc_nano.a
END GROUP
START GROUP
LOAD /home/odemki/st/stm32cubeide_1.8.0_2/plugins/com.st.stm32cube.ide.mcu.externaltools.gnu-tools-for-stm32.9-2020-q2-update.linux64_2.0.0.202105311346/tools/bin/../lib/gcc/arm-none-eabi/9.3.1/thumb/v7e-m+fp/hard/libgcc.a
LOAD /home/odemki/st/stm32cubeide_1.8.0_2/plugins/com.st.stm32cube.ide.mcu.externaltools.gnu-tools-for-stm32.9-2020-q2-update.linux64_2.0.0.202105311346/tools/bin/../lib/gcc/arm-none-eabi/9.3.1/../../../../arm-none-eabi/lib/thumb/v7e-m+fp/hard/libc_nano.a
LOAD /home/odemki/st/stm32cubeide_1.8.0_2/plugins/com.st.stm32cube.ide.mcu.externaltools.gnu-tools-for-stm32.9-2020-q2-update.linux64_2.0.0.202105311346/tools/bin/../lib/gcc/arm-none-eabi/9.3.1/../../../../arm-none-eabi/lib/thumb/v7e-m+fp/hard/libnosys.a
END GROUP
START GROUP
LOAD /home/odemki/st/stm32cubeide_1.8.0_2/plugins/com.st.stm32cube.ide.mcu.externaltools.gnu-tools-for-stm32.9-2020-q2-update.linux64_2.0.0.202105311346/tools/bin/../lib/gcc/arm-none-eabi/9.3.1/thumb/v7e-m+fp/hard/libgcc.a
LOAD /home/odemki/st/stm32cubeide_1.8.0_2/plugins/com.st.stm32cube.ide.mcu.externaltools.gnu-tools-for-stm32.9-2020-q2-update.linux64_2.0.0.202105311346/tools/bin/../lib/gcc/arm-none-eabi/9.3.1/../../../../arm-none-eabi/lib/thumb/v7e-m+fp/hard/libc_nano.a
LOAD /home/odemki/st/stm32cubeide_1.8.0_2/plugins/com.st.stm32cube.ide.mcu.externaltools.gnu-tools-for-stm32.9-2020-q2-update.linux64_2.0.0.202105311346/tools/bin/../lib/gcc/arm-none-eabi/9.3.1/../../../../arm-none-eabi/lib/thumb/v7e-m+fp/hard/libnosys.a
END GROUP
LOAD /home/odemki/st/stm32cubeide_1.8.0_2/plugins/com.st.stm32cube.ide.mcu.externaltools.gnu-tools-for-stm32.9-2020-q2-update.linux64_2.0.0.202105311346/tools/bin/../lib/gcc/arm-none-eabi/9.3.1/thumb/v7e-m+fp/hard/crtend.o
LOAD /home/odemki/st/stm32cubeide_1.8.0_2/plugins/com.st.stm32cube.ide.mcu.externaltools.gnu-tools-for-stm32.9-2020-q2-update.linux64_2.0.0.202105311346/tools/bin/../lib/gcc/arm-none-eabi/9.3.1/thumb/v7e-m+fp/hard/crtn.o
                0x0000000020020000                _estack = (ORIGIN (RAM) + LENGTH (RAM))
                0x0000000000000200                _Min_Heap_Size = 0x200
                0x0000000000000400                _Min_Stack_Size = 0x400

.isr_vector     0x0000000008000000      0x188
                0x0000000008000000                . = ALIGN (0x4)
 *(.isr_vector)
 .isr_vector    0x0000000008000000      0x188 ./Core/Startup/startup_stm32f407vgtx.o
                0x0000000008000000                g_pfnVectors
                0x0000000008000188                . = ALIGN (0x4)

.text           0x0000000008000190    0x10c0c
                0x0000000008000190                . = ALIGN (0x4)
 *(.text)
 .text          0x0000000008000190       0x40 /home/odemki/st/stm32cubeide_1.8.0_2/plugins/com.st.stm32cube.ide.mcu.externaltools.gnu-tools-for-stm32.9-2020-q2-update.linux64_2.0.0.202105311346/tools/bin/../lib/gcc/arm-none-eabi/9.3.1/thumb/v7e-m+fp/hard/crtbegin.o
 .text          0x00000000080001d0       0x10 /home/odemki/st/stm32cubeide_1.8.0_2/plugins/com.st.stm32cube.ide.mcu.externaltools.gnu-tools-for-stm32.9-2020-q2-update.linux64_2.0.0.202105311346/tools/bin/../lib/gcc/arm-none-eabi/9.3.1/../../../../arm-none-eabi/lib/thumb/v7e-m+fp/hard/libc_nano.a(lib_a-strlen.o)
                0x00000000080001d0                strlen
 .text          0x00000000080001e0       0xa0 /home/odemki/st/stm32cubeide_1.8.0_2/plugins/com.st.stm32cube.ide.mcu.externaltools.gnu-tools-for-stm32.9-2020-q2-update.linux64_2.0.0.202105311346/tools/bin/../lib/gcc/arm-none-eabi/9.3.1/../../../../arm-none-eabi/lib/thumb/v7e-m+fp/hard/libc_nano.a(lib_a-memchr.o)
                0x00000000080001e0                memchr
 .text          0x0000000008000280       0x30 /home/odemki/st/stm32cubeide_1.8.0_2/plugins/com.st.stm32cube.ide.mcu.externaltools.gnu-tools-for-stm32.9-2020-q2-update.linux64_2.0.0.202105311346/tools/bin/../lib/gcc/arm-none-eabi/9.3.1/thumb/v7e-m+fp/hard/libgcc.a(_aeabi_uldivmod.o)
                0x0000000008000280                __aeabi_uldivmod
 .text          0x00000000080002b0      0x2c4 /home/odemki/st/stm32cubeide_1.8.0_2/plugins/com.st.stm32cube.ide.mcu.externaltools.gnu-tools-for-stm32.9-2020-q2-update.linux64_2.0.0.202105311346/tools/bin/../lib/gcc/arm-none-eabi/9.3.1/thumb/v7e-m+fp/hard/libgcc.a(_udivmoddi4.o)
                0x00000000080002b0                __udivmoddi4
 .text          0x0000000008000574        0x4 /home/odemki/st/stm32cubeide_1.8.0_2/plugins/com.st.stm32cube.ide.mcu.externaltools.gnu-tools-for-stm32.9-2020-q2-update.linux64_2.0.0.202105311346/tools/bin/../lib/gcc/arm-none-eabi/9.3.1/thumb/v7e-m+fp/hard/libgcc.a(_dvmd_tls.o)
                0x0000000008000574                __aeabi_ldiv0
                0x0000000008000574                __aeabi_idiv0
 *(.text*)
 .text.time_i2c_write_single
                0x0000000008000578       0x40 ./Core/Src/clock/DS3231.o
                0x0000000008000578                time_i2c_write_single
 .text.time_i2c_write_multi
                0x00000000080005b8       0x48 ./Core/Src/clock/DS3231.o
                0x00000000080005b8                time_i2c_write_multi
 .text.time_i2c_read_single
                0x0000000008000600       0x40 ./Core/Src/clock/DS3231.o
                0x0000000008000600                time_i2c_read_single
 .text.time_i2c_read_multi
                0x0000000008000640       0x48 ./Core/Src/clock/DS3231.o
                0x0000000008000640                time_i2c_read_multi
 .text.ds3231_I2C_init
                0x0000000008000688        0xe ./Core/Src/clock/DS3231.o
                0x0000000008000688                ds3231_I2C_init
 *fill*         0x0000000008000696        0x2 
 .text.ds3231_read
                0x0000000008000698      0x180 ./Core/Src/clock/DS3231.o
                0x0000000008000698                ds3231_read
 .text.ds3231_set
                0x0000000008000818      0x1f0 ./Core/Src/clock/DS3231.o
                0x0000000008000818                ds3231_set
 .text.ds3231_data_clone
                0x0000000008000a08       0xa0 ./Core/Src/clock/DS3231.o
 .text.BCD_to_HEX
                0x0000000008000aa8       0x7e ./Core/Src/clock/DS3231.o
 .text.HEX_to_BCD
                0x0000000008000b26       0x88 ./Core/Src/clock/DS3231.o
 *fill*         0x0000000008000bae        0x2 
 .text.main     0x0000000008000bb0      0x140 ./Core/Src/main.o
                0x0000000008000bb0                main
 .text.SystemClock_Config
                0x0000000008000cf0       0xd8 ./Core/Src/main.o
                0x0000000008000cf0                SystemClock_Config
 .text.MX_I2C1_Init
                0x0000000008000dc8       0x5c ./Core/Src/main.o
 .text.MX_I2C3_Init
                0x0000000008000e24       0x5c ./Core/Src/main.o
 .text.MX_I2S3_Init
                0x0000000008000e80       0x60 ./Core/Src/main.o
 .text.MX_RTC_Init
                0x0000000008000ee0       0x4c ./Core/Src/main.o
 .text.MX_SPI1_Init
                0x0000000008000f2c       0x6c ./Core/Src/main.o
 .text.MX_TIM1_Init
                0x0000000008000f98       0xb0 ./Core/Src/main.o
 .text.MX_TIM7_Init
                0x0000000008001048       0x6c ./Core/Src/main.o
 .text.MX_USART2_UART_Init
                0x00000000080010b4       0x54 ./Core/Src/main.o
 .text.MX_GPIO_Init
                0x0000000008001108      0x228 ./Core/Src/main.o
 .text.HAL_UART_RxCpltCallback
                0x0000000008001330       0x98 ./Core/Src/main.o
                0x0000000008001330                HAL_UART_RxCpltCallback
 .text.process_command
                0x00000000080013c8       0x34 ./Core/Src/main.o
                0x00000000080013c8                process_command
 .text.extract_command
                0x00000000080013fc       0x16 ./Core/Src/main.o
                0x00000000080013fc                extract_command
 *fill*         0x0000000008001412        0x2 
 .text.StartDefaultTask
                0x0000000008001414       0x38 ./Core/Src/main.o
                0x0000000008001414                StartDefaultTask
 .text.start_menu_task
                0x000000000800144c       0x10 ./Core/Src/main.o
                0x000000000800144c                start_menu_task
 .text.start_led_task
                0x000000000800145c       0x10 ./Core/Src/main.o
                0x000000000800145c                start_led_task
 .text.start_rtc_task
                0x000000000800146c       0x10 ./Core/Src/main.o
                0x000000000800146c                start_rtc_task
 .text.start_print
                0x000000000800147c       0x10 ./Core/Src/main.o
                0x000000000800147c                start_print
 .text.start_com_handl
                0x000000000800148c       0x2a ./Core/Src/main.o
                0x000000000800148c                start_com_handl
 *fill*         0x00000000080014b6        0x2 
 .text.StartOLED_RTC
                0x00000000080014b8     0x10c8 ./Core/Src/main.o
                0x00000000080014b8                StartOLED_RTC
 .text.HAL_TIM_PeriodElapsedCallback
                0x0000000008002580       0x24 ./Core/Src/main.o
                0x0000000008002580                HAL_TIM_PeriodElapsedCallback
 .text.Error_Handler
                0x00000000080025a4        0xa ./Core/Src/main.o
                0x00000000080025a4                Error_Handler
 *fill*         0x00000000080025ae        0x2 
 .text.HAL_MspInit
                0x00000000080025b0       0x58 ./Core/Src/stm32f4xx_hal_msp.o
                0x00000000080025b0                HAL_MspInit
 .text.HAL_I2C_MspInit
                0x0000000008002608      0x140 ./Core/Src/stm32f4xx_hal_msp.o
                0x0000000008002608                HAL_I2C_MspInit
 .text.HAL_I2S_MspInit
                0x0000000008002748      0x100 ./Core/Src/stm32f4xx_hal_msp.o
                0x0000000008002748                HAL_I2S_MspInit
 .text.HAL_RTC_MspInit
                0x0000000008002848       0x54 ./Core/Src/stm32f4xx_hal_msp.o
                0x0000000008002848                HAL_RTC_MspInit
 .text.HAL_SPI_MspInit
                0x000000000800289c       0x90 ./Core/Src/stm32f4xx_hal_msp.o
                0x000000000800289c                HAL_SPI_MspInit
 .text.HAL_TIM_Encoder_MspInit
                0x000000000800292c       0xa0 ./Core/Src/stm32f4xx_hal_msp.o
                0x000000000800292c                HAL_TIM_Encoder_MspInit
 .text.HAL_TIM_Base_MspInit
                0x00000000080029cc       0x50 ./Core/Src/stm32f4xx_hal_msp.o
                0x00000000080029cc                HAL_TIM_Base_MspInit
 .text.HAL_UART_MspInit
                0x0000000008002a1c       0xa0 ./Core/Src/stm32f4xx_hal_msp.o
                0x0000000008002a1c                HAL_UART_MspInit
 .text.HAL_InitTick
                0x0000000008002abc       0xb4 ./Core/Src/stm32f4xx_hal_timebase_tim.o
                0x0000000008002abc                HAL_InitTick
 .text.NMI_Handler
                0x0000000008002b70        0x6 ./Core/Src/stm32f4xx_it.o
                0x0000000008002b70                NMI_Handler
 .text.HardFault_Handler
                0x0000000008002b76        0x6 ./Core/Src/stm32f4xx_it.o
                0x0000000008002b76                HardFault_Handler
 .text.MemManage_Handler
                0x0000000008002b7c        0x6 ./Core/Src/stm32f4xx_it.o
                0x0000000008002b7c                MemManage_Handler
 .text.BusFault_Handler
                0x0000000008002b82        0x6 ./Core/Src/stm32f4xx_it.o
                0x0000000008002b82                BusFault_Handler
 .text.UsageFault_Handler
                0x0000000008002b88        0x6 ./Core/Src/stm32f4xx_it.o
                0x0000000008002b88                UsageFault_Handler
 .text.DebugMon_Handler
                0x0000000008002b8e        0xe ./Core/Src/stm32f4xx_it.o
                0x0000000008002b8e                DebugMon_Handler
 .text.TIM1_UP_TIM10_IRQHandler
                0x0000000008002b9c       0x14 ./Core/Src/stm32f4xx_it.o
                0x0000000008002b9c                TIM1_UP_TIM10_IRQHandler
 .text.USART2_IRQHandler
                0x0000000008002bb0       0x14 ./Core/Src/stm32f4xx_it.o
                0x0000000008002bb0                USART2_IRQHandler
 .text.EXTI15_10_IRQHandler
                0x0000000008002bc4       0x1c ./Core/Src/stm32f4xx_it.o
                0x0000000008002bc4                EXTI15_10_IRQHandler
 .text.TIM6_DAC_IRQHandler
                0x0000000008002be0       0x14 ./Core/Src/stm32f4xx_it.o
                0x0000000008002be0                TIM6_DAC_IRQHandler
 .text.TIM7_IRQHandler
                0x0000000008002bf4       0x6c ./Core/Src/stm32f4xx_it.o
                0x0000000008002bf4                TIM7_IRQHandler
 .text.OTG_FS_IRQHandler
                0x0000000008002c60       0x14 ./Core/Src/stm32f4xx_it.o
                0x0000000008002c60                OTG_FS_IRQHandler
 .text._sbrk    0x0000000008002c74       0x6c ./Core/Src/sysmem.o
                0x0000000008002c74                _sbrk
 .text.SystemInit
                0x0000000008002ce0       0x24 ./Core/Src/system_stm32f4xx.o
                0x0000000008002ce0                SystemInit
 .text.draw_pixel
                0x0000000008002d04       0xa4 ./Core/Src/oled/gfx.o
                0x0000000008002d04                draw_pixel
 .text.invert_pixel
                0x0000000008002da8       0x74 ./Core/Src/oled/gfx.o
                0x0000000008002da8                invert_pixel
 .text.invert_rectangle
                0x0000000008002e1c       0x5c ./Core/Src/oled/gfx.o
                0x0000000008002e1c                invert_rectangle
 .text.clear    0x0000000008002e78       0x50 ./Core/Src/oled/gfx.o
                0x0000000008002e78                clear
 .text.line_h   0x0000000008002ec8      0x240 ./Core/Src/oled/gfx.o
                0x0000000008002ec8                line_h
 .text.graphics_Glyph
                0x0000000008003108       0xd6 ./Core/Src/oled/gfx.o
                0x0000000008003108                graphics_Glyph
 *fill*         0x00000000080031de        0x2 
 .text.graphics_text
                0x00000000080031e0      0x138 ./Core/Src/oled/gfx.o
                0x00000000080031e0                graphics_text
 .text.ssd1306_command
                0x0000000008003318       0x30 ./Core/Src/oled/oled.o
                0x0000000008003318                ssd1306_command
 .text.oled_update
                0x0000000008003348       0xa8 ./Core/Src/oled/oled.o
                0x0000000008003348                oled_update
 .text.oled_init
                0x00000000080033f0       0xe4 ./Core/Src/oled/oled.o
                0x00000000080033f0                oled_init
 .text.Reset_Handler
                0x00000000080034d4       0x50 ./Core/Startup/startup_stm32f407vgtx.o
                0x00000000080034d4                Reset_Handler
 .text.Default_Handler
                0x0000000008003524        0x2 ./Core/Startup/startup_stm32f407vgtx.o
                0x0000000008003524                RTC_Alarm_IRQHandler
                0x0000000008003524                HASH_RNG_IRQHandler
                0x0000000008003524                EXTI2_IRQHandler
                0x0000000008003524                TIM8_CC_IRQHandler
                0x0000000008003524                TIM1_CC_IRQHandler
                0x0000000008003524                DMA2_Stream5_IRQHandler
                0x0000000008003524                DMA1_Stream5_IRQHandler
                0x0000000008003524                PVD_IRQHandler
                0x0000000008003524                SDIO_IRQHandler
                0x0000000008003524                TAMP_STAMP_IRQHandler
                0x0000000008003524                CAN2_RX1_IRQHandler
                0x0000000008003524                EXTI3_IRQHandler
                0x0000000008003524                TIM8_TRG_COM_TIM14_IRQHandler
                0x0000000008003524                TIM8_UP_TIM13_IRQHandler
                0x0000000008003524                I2C3_ER_IRQHandler
                0x0000000008003524                EXTI0_IRQHandler
                0x0000000008003524                I2C2_EV_IRQHandler
                0x0000000008003524                DMA1_Stream2_IRQHandler
                0x0000000008003524                CAN1_RX0_IRQHandler
                0x0000000008003524                FPU_IRQHandler
                0x0000000008003524                OTG_HS_WKUP_IRQHandler
                0x0000000008003524                CAN2_SCE_IRQHandler
                0x0000000008003524                DMA2_Stream2_IRQHandler
                0x0000000008003524                SPI1_IRQHandler
                0x0000000008003524                TIM1_BRK_TIM9_IRQHandler
                0x0000000008003524                DCMI_IRQHandler
                0x0000000008003524                CAN2_RX0_IRQHandler
                0x0000000008003524                DMA2_Stream3_IRQHandler
                0x0000000008003524                USART6_IRQHandler
                0x0000000008003524                USART3_IRQHandler
                0x0000000008003524                CAN1_RX1_IRQHandler
                0x0000000008003524                UART5_IRQHandler
                0x0000000008003524                DMA2_Stream0_IRQHandler
                0x0000000008003524                TIM4_IRQHandler
                0x0000000008003524                I2C1_EV_IRQHandler
                0x0000000008003524                DMA1_Stream6_IRQHandler
                0x0000000008003524                DMA1_Stream1_IRQHandler
                0x0000000008003524                UART4_IRQHandler
                0x0000000008003524                TIM3_IRQHandler
                0x0000000008003524                RCC_IRQHandler
                0x0000000008003524                TIM8_BRK_TIM12_IRQHandler
                0x0000000008003524                Default_Handler
                0x0000000008003524                ADC_IRQHandler
                0x0000000008003524                DMA1_Stream7_IRQHandler
                0x0000000008003524                CAN2_TX_IRQHandler
                0x0000000008003524                TIM5_IRQHandler
                0x0000000008003524                DMA2_Stream7_IRQHandler
                0x0000000008003524                I2C3_EV_IRQHandler
                0x0000000008003524                EXTI9_5_IRQHandler
                0x0000000008003524                RTC_WKUP_IRQHandler
                0x0000000008003524                ETH_WKUP_IRQHandler
                0x0000000008003524                SPI2_IRQHandler
                0x0000000008003524                OTG_HS_EP1_IN_IRQHandler
                0x0000000008003524                DMA1_Stream0_IRQHandler
                0x0000000008003524                CAN1_TX_IRQHandler
                0x0000000008003524                EXTI4_IRQHandler
                0x0000000008003524                FSMC_IRQHandler
                0x0000000008003524                ETH_IRQHandler
                0x0000000008003524                OTG_HS_EP1_OUT_IRQHandler
                0x0000000008003524                WWDG_IRQHandler
                0x0000000008003524                TIM2_IRQHandler
                0x0000000008003524                OTG_FS_WKUP_IRQHandler
                0x0000000008003524                TIM1_TRG_COM_TIM11_IRQHandler
                0x0000000008003524                OTG_HS_IRQHandler
                0x0000000008003524                EXTI1_IRQHandler
                0x0000000008003524                I2C2_ER_IRQHandler
                0x0000000008003524                DMA2_Stream1_IRQHandler
                0x0000000008003524                CAN1_SCE_IRQHandler
                0x0000000008003524                FLASH_IRQHandler
                0x0000000008003524                DMA2_Stream4_IRQHandler
                0x0000000008003524                USART1_IRQHandler
                0x0000000008003524                SPI3_IRQHandler
                0x0000000008003524                DMA1_Stream4_IRQHandler
                0x0000000008003524                I2C1_ER_IRQHandler
                0x0000000008003524                DMA2_Stream6_IRQHandler
                0x0000000008003524                DMA1_Stream3_IRQHandler
 *fill*         0x0000000008003526        0x2 
 .text.HAL_Init
                0x0000000008003528       0x44 ./Drivers/STM32F4xx_HAL_Driver/Src/stm32f4xx_hal.o
                0x0000000008003528                HAL_Init
 .text.HAL_IncTick
                0x000000000800356c       0x28 ./Drivers/STM32F4xx_HAL_Driver/Src/stm32f4xx_hal.o
                0x000000000800356c                HAL_IncTick
 .text.HAL_GetTick
                0x0000000008003594       0x18 ./Drivers/STM32F4xx_HAL_Driver/Src/stm32f4xx_hal.o
                0x0000000008003594                HAL_GetTick
 .text.HAL_Delay
                0x00000000080035ac       0x48 ./Drivers/STM32F4xx_HAL_Driver/Src/stm32f4xx_hal.o
                0x00000000080035ac                HAL_Delay
 .text.__NVIC_SetPriorityGrouping
                0x00000000080035f4       0x48 ./Drivers/STM32F4xx_HAL_Driver/Src/stm32f4xx_hal_cortex.o
 .text.__NVIC_GetPriorityGrouping
                0x000000000800363c       0x1c ./Drivers/STM32F4xx_HAL_Driver/Src/stm32f4xx_hal_cortex.o
 .text.__NVIC_EnableIRQ
                0x0000000008003658       0x3c ./Drivers/STM32F4xx_HAL_Driver/Src/stm32f4xx_hal_cortex.o
 .text.__NVIC_SetPriority
                0x0000000008003694       0x54 ./Drivers/STM32F4xx_HAL_Driver/Src/stm32f4xx_hal_cortex.o
 .text.NVIC_EncodePriority
                0x00000000080036e8       0x66 ./Drivers/STM32F4xx_HAL_Driver/Src/stm32f4xx_hal_cortex.o
 .text.HAL_NVIC_SetPriorityGrouping
                0x000000000800374e       0x16 ./Drivers/STM32F4xx_HAL_Driver/Src/stm32f4xx_hal_cortex.o
                0x000000000800374e                HAL_NVIC_SetPriorityGrouping
 .text.HAL_NVIC_SetPriority
                0x0000000008003764       0x38 ./Drivers/STM32F4xx_HAL_Driver/Src/stm32f4xx_hal_cortex.o
                0x0000000008003764                HAL_NVIC_SetPriority
 .text.HAL_NVIC_EnableIRQ
                0x000000000800379c       0x1c ./Drivers/STM32F4xx_HAL_Driver/Src/stm32f4xx_hal_cortex.o
                0x000000000800379c                HAL_NVIC_EnableIRQ
 .text.HAL_DMA_Abort
                0x00000000080037b8       0xe0 ./Drivers/STM32F4xx_HAL_Driver/Src/stm32f4xx_hal_dma.o
                0x00000000080037b8                HAL_DMA_Abort
 .text.HAL_DMA_Abort_IT
                0x0000000008003898       0x44 ./Drivers/STM32F4xx_HAL_Driver/Src/stm32f4xx_hal_dma.o
                0x0000000008003898                HAL_DMA_Abort_IT
 .text.HAL_GPIO_Init
                0x00000000080038dc      0x338 ./Drivers/STM32F4xx_HAL_Driver/Src/stm32f4xx_hal_gpio.o
                0x00000000080038dc                HAL_GPIO_Init
 .text.HAL_GPIO_ReadPin
                0x0000000008003c14       0x30 ./Drivers/STM32F4xx_HAL_Driver/Src/stm32f4xx_hal_gpio.o
                0x0000000008003c14                HAL_GPIO_ReadPin
 .text.HAL_GPIO_WritePin
                0x0000000008003c44       0x32 ./Drivers/STM32F4xx_HAL_Driver/Src/stm32f4xx_hal_gpio.o
                0x0000000008003c44                HAL_GPIO_WritePin
 *fill*         0x0000000008003c76        0x2 
 .text.HAL_GPIO_EXTI_IRQHandler
                0x0000000008003c78       0x30 ./Drivers/STM32F4xx_HAL_Driver/Src/stm32f4xx_hal_gpio.o
                0x0000000008003c78                HAL_GPIO_EXTI_IRQHandler
 .text.HAL_GPIO_EXTI_Callback
                0x0000000008003ca8       0x16 ./Drivers/STM32F4xx_HAL_Driver/Src/stm32f4xx_hal_gpio.o
                0x0000000008003ca8                HAL_GPIO_EXTI_Callback
 .text.HAL_HCD_Init
                0x0000000008003cbe       0xc4 ./Drivers/STM32F4xx_HAL_Driver/Src/stm32f4xx_hal_hcd.o
                0x0000000008003cbe                HAL_HCD_Init
 .text.HAL_HCD_HC_Init
                0x0000000008003d82      0x11e ./Drivers/STM32F4xx_HAL_Driver/Src/stm32f4xx_hal_hcd.o
                0x0000000008003d82                HAL_HCD_HC_Init
 .text.HAL_HCD_HC_Halt
                0x0000000008003ea0       0x46 ./Drivers/STM32F4xx_HAL_Driver/Src/stm32f4xx_hal_hcd.o
                0x0000000008003ea0                HAL_HCD_HC_Halt
 *fill*         0x0000000008003ee6        0x2 
 .text.HAL_HCD_HC_SubmitRequest
                0x0000000008003ee8      0x2ac ./Drivers/STM32F4xx_HAL_Driver/Src/stm32f4xx_hal_hcd.o
                0x0000000008003ee8                HAL_HCD_HC_SubmitRequest
 .text.HAL_HCD_IRQHandler
                0x0000000008004194      0x216 ./Drivers/STM32F4xx_HAL_Driver/Src/stm32f4xx_hal_hcd.o
                0x0000000008004194                HAL_HCD_IRQHandler
 .text.HAL_HCD_Start
                0x00000000080043aa       0x46 ./Drivers/STM32F4xx_HAL_Driver/Src/stm32f4xx_hal_hcd.o
                0x00000000080043aa                HAL_HCD_Start
 .text.HAL_HCD_Stop
                0x00000000080043f0       0x3a ./Drivers/STM32F4xx_HAL_Driver/Src/stm32f4xx_hal_hcd.o
                0x00000000080043f0                HAL_HCD_Stop
 .text.HAL_HCD_ResetPort
                0x000000000800442a       0x1c ./Drivers/STM32F4xx_HAL_Driver/Src/stm32f4xx_hal_hcd.o
                0x000000000800442a                HAL_HCD_ResetPort
 .text.HAL_HCD_HC_GetURBState
                0x0000000008004446       0x28 ./Drivers/STM32F4xx_HAL_Driver/Src/stm32f4xx_hal_hcd.o
                0x0000000008004446                HAL_HCD_HC_GetURBState
 .text.HAL_HCD_HC_GetXferCount
                0x000000000800446e       0x28 ./Drivers/STM32F4xx_HAL_Driver/Src/stm32f4xx_hal_hcd.o
                0x000000000800446e                HAL_HCD_HC_GetXferCount
 .text.HAL_HCD_GetCurrentFrame
                0x0000000008004496       0x1c ./Drivers/STM32F4xx_HAL_Driver/Src/stm32f4xx_hal_hcd.o
                0x0000000008004496                HAL_HCD_GetCurrentFrame
 .text.HAL_HCD_GetCurrentSpeed
                0x00000000080044b2       0x1c ./Drivers/STM32F4xx_HAL_Driver/Src/stm32f4xx_hal_hcd.o
                0x00000000080044b2                HAL_HCD_GetCurrentSpeed
 .text.HCD_HC_IN_IRQHandler
                0x00000000080044ce      0x844 ./Drivers/STM32F4xx_HAL_Driver/Src/stm32f4xx_hal_hcd.o
 .text.HCD_HC_OUT_IRQHandler
                0x0000000008004d12      0x802 ./Drivers/STM32F4xx_HAL_Driver/Src/stm32f4xx_hal_hcd.o
 .text.HCD_RXQLVL_IRQHandler
                0x0000000008005514      0x1a4 ./Drivers/STM32F4xx_HAL_Driver/Src/stm32f4xx_hal_hcd.o
 .text.HCD_Port_IRQHandler
                0x00000000080056b8       0xe6 ./Drivers/STM32F4xx_HAL_Driver/Src/stm32f4xx_hal_hcd.o
 *fill*         0x000000000800579e        0x2 
 .text.HAL_I2C_Init
                0x00000000080057a0      0x288 ./Drivers/STM32F4xx_HAL_Driver/Src/stm32f4xx_hal_i2c.o
                0x00000000080057a0                HAL_I2C_Init
 .text.HAL_I2C_Master_Transmit
                0x0000000008005a28      0x1fc ./Drivers/STM32F4xx_HAL_Driver/Src/stm32f4xx_hal_i2c.o
                0x0000000008005a28                HAL_I2C_Master_Transmit
 .text.HAL_I2C_Mem_Write
                0x0000000008005c24      0x1f4 ./Drivers/STM32F4xx_HAL_Driver/Src/stm32f4xx_hal_i2c.o
                0x0000000008005c24                HAL_I2C_Mem_Write
 .text.HAL_I2C_Mem_Read
                0x0000000008005e18      0x44c ./Drivers/STM32F4xx_HAL_Driver/Src/stm32f4xx_hal_i2c.o
                0x0000000008005e18                HAL_I2C_Mem_Read
 .text.I2C_MasterRequestWrite
                0x0000000008006264      0x104 ./Drivers/STM32F4xx_HAL_Driver/Src/stm32f4xx_hal_i2c.o
 .text.I2C_RequestMemoryWrite
                0x0000000008006368      0x12c ./Drivers/STM32F4xx_HAL_Driver/Src/stm32f4xx_hal_i2c.o
 .text.I2C_RequestMemoryRead
                0x0000000008006494      0x1d0 ./Drivers/STM32F4xx_HAL_Driver/Src/stm32f4xx_hal_i2c.o
 .text.I2C_WaitOnFlagUntilTimeout
                0x0000000008006664       0xae ./Drivers/STM32F4xx_HAL_Driver/Src/stm32f4xx_hal_i2c.o
 .text.I2C_WaitOnMasterAddressFlagUntilTimeout
                0x0000000008006712       0xfe ./Drivers/STM32F4xx_HAL_Driver/Src/stm32f4xx_hal_i2c.o
 .text.I2C_WaitOnTXEFlagUntilTimeout
                0x0000000008006810       0x82 ./Drivers/STM32F4xx_HAL_Driver/Src/stm32f4xx_hal_i2c.o
 .text.I2C_WaitOnBTFFlagUntilTimeout
                0x0000000008006892       0x82 ./Drivers/STM32F4xx_HAL_Driver/Src/stm32f4xx_hal_i2c.o
 .text.I2C_WaitOnRXNEFlagUntilTimeout
                0x0000000008006914       0xac ./Drivers/STM32F4xx_HAL_Driver/Src/stm32f4xx_hal_i2c.o
 .text.I2C_IsAcknowledgeFailed
                0x00000000080069c0       0x5e ./Drivers/STM32F4xx_HAL_Driver/Src/stm32f4xx_hal_i2c.o
 *fill*         0x0000000008006a1e        0x2 
 .text.HAL_I2S_Init
                0x0000000008006a20      0x280 ./Drivers/STM32F4xx_HAL_Driver/Src/stm32f4xx_hal_i2s.o
                0x0000000008006a20                HAL_I2S_Init
 .text.HAL_I2S_TxCpltCallback
                0x0000000008006ca0       0x14 ./Drivers/STM32F4xx_HAL_Driver/Src/stm32f4xx_hal_i2s.o
                0x0000000008006ca0                HAL_I2S_TxCpltCallback
 .text.HAL_I2S_RxCpltCallback
                0x0000000008006cb4       0x14 ./Drivers/STM32F4xx_HAL_Driver/Src/stm32f4xx_hal_i2s.o
                0x0000000008006cb4                HAL_I2S_RxCpltCallback
 .text.HAL_I2S_ErrorCallback
                0x0000000008006cc8       0x14 ./Drivers/STM32F4xx_HAL_Driver/Src/stm32f4xx_hal_i2s.o
                0x0000000008006cc8                HAL_I2S_ErrorCallback
 .text.I2S_Transmit_IT
                0x0000000008006cdc       0x5c ./Drivers/STM32F4xx_HAL_Driver/Src/stm32f4xx_hal_i2s.o
 .text.I2S_Receive_IT
                0x0000000008006d38       0x5e ./Drivers/STM32F4xx_HAL_Driver/Src/stm32f4xx_hal_i2s.o
 .text.I2S_IRQHandler
                0x0000000008006d96      0x114 ./Drivers/STM32F4xx_HAL_Driver/Src/stm32f4xx_hal_i2s.o
 *fill*         0x0000000008006eaa        0x2 
 .text.HAL_I2SEx_FullDuplex_IRQHandler
                0x0000000008006eac      0x2a8 ./Drivers/STM32F4xx_HAL_Driver/Src/stm32f4xx_hal_i2s_ex.o
                0x0000000008006eac                HAL_I2SEx_FullDuplex_IRQHandler
 .text.HAL_I2SEx_TxRxCpltCallback
                0x0000000008007154       0x14 ./Drivers/STM32F4xx_HAL_Driver/Src/stm32f4xx_hal_i2s_ex.o
                0x0000000008007154                HAL_I2SEx_TxRxCpltCallback
 .text.I2SEx_TxISR_I2S
                0x0000000008007168       0x62 ./Drivers/STM32F4xx_HAL_Driver/Src/stm32f4xx_hal_i2s_ex.o
 *fill*         0x00000000080071ca        0x2 
 .text.I2SEx_TxISR_I2SExt
                0x00000000080071cc       0x98 ./Drivers/STM32F4xx_HAL_Driver/Src/stm32f4xx_hal_i2s_ex.o
 .text.I2SEx_RxISR_I2S
                0x0000000008007264       0x64 ./Drivers/STM32F4xx_HAL_Driver/Src/stm32f4xx_hal_i2s_ex.o
 .text.I2SEx_RxISR_I2SExt
                0x00000000080072c8       0x98 ./Drivers/STM32F4xx_HAL_Driver/Src/stm32f4xx_hal_i2s_ex.o
 .text.HAL_RCC_OscConfig
                0x0000000008007360      0x4f0 ./Drivers/STM32F4xx_HAL_Driver/Src/stm32f4xx_hal_rcc.o
                0x0000000008007360                HAL_RCC_OscConfig
 .text.HAL_RCC_ClockConfig
                0x0000000008007850      0x1cc ./Drivers/STM32F4xx_HAL_Driver/Src/stm32f4xx_hal_rcc.o
                0x0000000008007850                HAL_RCC_ClockConfig
 .text.HAL_RCC_GetSysClockFreq
                0x0000000008007a1c      0x1c4 ./Drivers/STM32F4xx_HAL_Driver/Src/stm32f4xx_hal_rcc.o
                0x0000000008007a1c                HAL_RCC_GetSysClockFreq
 .text.HAL_RCC_GetHCLKFreq
                0x0000000008007be0       0x18 ./Drivers/STM32F4xx_HAL_Driver/Src/stm32f4xx_hal_rcc.o
                0x0000000008007be0                HAL_RCC_GetHCLKFreq
 .text.HAL_RCC_GetPCLK1Freq
                0x0000000008007bf8       0x28 ./Drivers/STM32F4xx_HAL_Driver/Src/stm32f4xx_hal_rcc.o
                0x0000000008007bf8                HAL_RCC_GetPCLK1Freq
 .text.HAL_RCC_GetPCLK2Freq
                0x0000000008007c20       0x28 ./Drivers/STM32F4xx_HAL_Driver/Src/stm32f4xx_hal_rcc.o
                0x0000000008007c20                HAL_RCC_GetPCLK2Freq
 .text.HAL_RCC_GetClockConfig
                0x0000000008007c48       0x64 ./Drivers/STM32F4xx_HAL_Driver/Src/stm32f4xx_hal_rcc.o
                0x0000000008007c48                HAL_RCC_GetClockConfig
 .text.HAL_RCCEx_PeriphCLKConfig
                0x0000000008007cac      0x1c4 ./Drivers/STM32F4xx_HAL_Driver/Src/stm32f4xx_hal_rcc_ex.o
                0x0000000008007cac                HAL_RCCEx_PeriphCLKConfig
 .text.HAL_RCCEx_GetPeriphCLKFreq
                0x0000000008007e70       0xbc ./Drivers/STM32F4xx_HAL_Driver/Src/stm32f4xx_hal_rcc_ex.o
                0x0000000008007e70                HAL_RCCEx_GetPeriphCLKFreq
 .text.HAL_RTC_Init
                0x0000000008007f2c      0x122 ./Drivers/STM32F4xx_HAL_Driver/Src/stm32f4xx_hal_rtc.o
                0x0000000008007f2c                HAL_RTC_Init
 .text.HAL_RTC_WaitForSynchro
                0x000000000800804e       0x50 ./Drivers/STM32F4xx_HAL_Driver/Src/stm32f4xx_hal_rtc.o
                0x000000000800804e                HAL_RTC_WaitForSynchro
 .text.RTC_EnterInitMode
                0x000000000800809e       0x58 ./Drivers/STM32F4xx_HAL_Driver/Src/stm32f4xx_hal_rtc.o
                0x000000000800809e                RTC_EnterInitMode
 .text.HAL_SPI_Init
                0x00000000080080f6      0x112 ./Drivers/STM32F4xx_HAL_Driver/Src/stm32f4xx_hal_spi.o
                0x00000000080080f6                HAL_SPI_Init
 .text.HAL_TIM_Base_Init
                0x0000000008008208       0x9e ./Drivers/STM32F4xx_HAL_Driver/Src/stm32f4xx_hal_tim.o
                0x0000000008008208                HAL_TIM_Base_Init
 *fill*         0x00000000080082a6        0x2 
 .text.HAL_TIM_Base_Start_IT
                0x00000000080082a8       0xe0 ./Drivers/STM32F4xx_HAL_Driver/Src/stm32f4xx_hal_tim.o
                0x00000000080082a8                HAL_TIM_Base_Start_IT
 .text.HAL_TIM_Base_Stop_IT
                0x0000000008008388       0x5e ./Drivers/STM32F4xx_HAL_Driver/Src/stm32f4xx_hal_tim.o
                0x0000000008008388                HAL_TIM_Base_Stop_IT
 .text.HAL_TIM_Encoder_Init
                0x00000000080083e6      0x14c ./Drivers/STM32F4xx_HAL_Driver/Src/stm32f4xx_hal_tim.o
                0x00000000080083e6                HAL_TIM_Encoder_Init
 .text.HAL_TIM_Encoder_Start
                0x0000000008008532      0x11c ./Drivers/STM32F4xx_HAL_Driver/Src/stm32f4xx_hal_tim.o
                0x0000000008008532                HAL_TIM_Encoder_Start
 .text.HAL_TIM_IRQHandler
                0x000000000800864e      0x210 ./Drivers/STM32F4xx_HAL_Driver/Src/stm32f4xx_hal_tim.o
                0x000000000800864e                HAL_TIM_IRQHandler
 .text.HAL_TIM_OC_DelayElapsedCallback
                0x000000000800885e       0x14 ./Drivers/STM32F4xx_HAL_Driver/Src/stm32f4xx_hal_tim.o
                0x000000000800885e                HAL_TIM_OC_DelayElapsedCallback
 .text.HAL_TIM_IC_CaptureCallback
                0x0000000008008872       0x14 ./Drivers/STM32F4xx_HAL_Driver/Src/stm32f4xx_hal_tim.o
                0x0000000008008872                HAL_TIM_IC_CaptureCallback
 .text.HAL_TIM_PWM_PulseFinishedCallback
                0x0000000008008886       0x14 ./Drivers/STM32F4xx_HAL_Driver/Src/stm32f4xx_hal_tim.o
                0x0000000008008886                HAL_TIM_PWM_PulseFinishedCallback
 .text.HAL_TIM_TriggerCallback
                0x000000000800889a       0x14 ./Drivers/STM32F4xx_HAL_Driver/Src/stm32f4xx_hal_tim.o
                0x000000000800889a                HAL_TIM_TriggerCallback
 *fill*         0x00000000080088ae        0x2 
 .text.TIM_Base_SetConfig
                0x00000000080088b0      0x140 ./Drivers/STM32F4xx_HAL_Driver/Src/stm32f4xx_hal_tim.o
                0x00000000080088b0                TIM_Base_SetConfig
 .text.TIM_CCxChannelCmd
                0x00000000080089f0       0x4a ./Drivers/STM32F4xx_HAL_Driver/Src/stm32f4xx_hal_tim.o
                0x00000000080089f0                TIM_CCxChannelCmd
 *fill*         0x0000000008008a3a        0x2 
 .text.HAL_TIMEx_MasterConfigSynchronization
                0x0000000008008a3c       0xf8 ./Drivers/STM32F4xx_HAL_Driver/Src/stm32f4xx_hal_tim_ex.o
                0x0000000008008a3c                HAL_TIMEx_MasterConfigSynchronization
 .text.HAL_TIMEx_CommutCallback
                0x0000000008008b34       0x14 ./Drivers/STM32F4xx_HAL_Driver/Src/stm32f4xx_hal_tim_ex.o
                0x0000000008008b34                HAL_TIMEx_CommutCallback
 .text.HAL_TIMEx_BreakCallback
                0x0000000008008b48       0x14 ./Drivers/STM32F4xx_HAL_Driver/Src/stm32f4xx_hal_tim_ex.o
                0x0000000008008b48                HAL_TIMEx_BreakCallback
 .text.HAL_UART_Init
                0x0000000008008b5c       0x9a ./Drivers/STM32F4xx_HAL_Driver/Src/stm32f4xx_hal_uart.o
                0x0000000008008b5c                HAL_UART_Init
 .text.HAL_UART_Receive_IT
                0x0000000008008bf6       0x60 ./Drivers/STM32F4xx_HAL_Driver/Src/stm32f4xx_hal_uart.o
                0x0000000008008bf6                HAL_UART_Receive_IT
 *fill*         0x0000000008008c56        0x2 
 .text.HAL_UART_IRQHandler
                0x0000000008008c58      0x51c ./Drivers/STM32F4xx_HAL_Driver/Src/stm32f4xx_hal_uart.o
                0x0000000008008c58                HAL_UART_IRQHandler
 .text.HAL_UART_TxCpltCallback
                0x0000000008009174       0x14 ./Drivers/STM32F4xx_HAL_Driver/Src/stm32f4xx_hal_uart.o
                0x0000000008009174                HAL_UART_TxCpltCallback
 .text.HAL_UART_ErrorCallback
                0x0000000008009188       0x14 ./Drivers/STM32F4xx_HAL_Driver/Src/stm32f4xx_hal_uart.o
                0x0000000008009188                HAL_UART_ErrorCallback
 .text.HAL_UARTEx_RxEventCallback
                0x000000000800919c       0x18 ./Drivers/STM32F4xx_HAL_Driver/Src/stm32f4xx_hal_uart.o
                0x000000000800919c                HAL_UARTEx_RxEventCallback
 .text.UART_Start_Receive_IT
                0x00000000080091b4       0x74 ./Drivers/STM32F4xx_HAL_Driver/Src/stm32f4xx_hal_uart.o
                0x00000000080091b4                UART_Start_Receive_IT
 .text.UART_EndRxTransfer
                0x0000000008009228       0xc6 ./Drivers/STM32F4xx_HAL_Driver/Src/stm32f4xx_hal_uart.o
 .text.UART_DMAAbortOnError
                0x00000000080092ee       0x28 ./Drivers/STM32F4xx_HAL_Driver/Src/stm32f4xx_hal_uart.o
 .text.UART_Transmit_IT
                0x0000000008009316       0xa0 ./Drivers/STM32F4xx_HAL_Driver/Src/stm32f4xx_hal_uart.o
 .text.UART_EndTransmit_IT
                0x00000000080093b6       0x30 ./Drivers/STM32F4xx_HAL_Driver/Src/stm32f4xx_hal_uart.o
 .text.UART_Receive_IT
                0x00000000080093e6      0x176 ./Drivers/STM32F4xx_HAL_Driver/Src/stm32f4xx_hal_uart.o
 .text.UART_SetConfig
                0x000000000800955c      0x390 ./Drivers/STM32F4xx_HAL_Driver/Src/stm32f4xx_hal_uart.o
 .text.USB_CoreInit
                0x00000000080098ec       0xc2 ./Drivers/STM32F4xx_HAL_Driver/Src/stm32f4xx_ll_usb.o
                0x00000000080098ec                USB_CoreInit
 .text.USB_EnableGlobalInt
                0x00000000080099ae       0x22 ./Drivers/STM32F4xx_HAL_Driver/Src/stm32f4xx_ll_usb.o
                0x00000000080099ae                USB_EnableGlobalInt
 .text.USB_DisableGlobalInt
                0x00000000080099d0       0x22 ./Drivers/STM32F4xx_HAL_Driver/Src/stm32f4xx_ll_usb.o
                0x00000000080099d0                USB_DisableGlobalInt
 .text.USB_SetCurrentMode
                0x00000000080099f2       0x98 ./Drivers/STM32F4xx_HAL_Driver/Src/stm32f4xx_ll_usb.o
                0x00000000080099f2                USB_SetCurrentMode
 *fill*         0x0000000008009a8a        0x2 
 .text.USB_FlushTxFifo
                0x0000000008009a8c       0x48 ./Drivers/STM32F4xx_HAL_Driver/Src/stm32f4xx_ll_usb.o
                0x0000000008009a8c                USB_FlushTxFifo
 .text.USB_FlushRxFifo
                0x0000000008009ad4       0x40 ./Drivers/STM32F4xx_HAL_Driver/Src/stm32f4xx_ll_usb.o
                0x0000000008009ad4                USB_FlushRxFifo
 .text.USB_WritePacket
                0x0000000008009b14       0x7c ./Drivers/STM32F4xx_HAL_Driver/Src/stm32f4xx_ll_usb.o
                0x0000000008009b14                USB_WritePacket
 .text.USB_ReadPacket
                0x0000000008009b90       0xb0 ./Drivers/STM32F4xx_HAL_Driver/Src/stm32f4xx_ll_usb.o
                0x0000000008009b90                USB_ReadPacket
 .text.USB_ReadInterrupts
                0x0000000008009c40       0x26 ./Drivers/STM32F4xx_HAL_Driver/Src/stm32f4xx_ll_usb.o
                0x0000000008009c40                USB_ReadInterrupts
 .text.USB_GetMode
                0x0000000008009c66       0x1c ./Drivers/STM32F4xx_HAL_Driver/Src/stm32f4xx_ll_usb.o
                0x0000000008009c66                USB_GetMode
 *fill*         0x0000000008009c82        0x2 
 .text.USB_CoreReset
                0x0000000008009c84       0x64 ./Drivers/STM32F4xx_HAL_Driver/Src/stm32f4xx_ll_usb.o
 .text.USB_HostInit
                0x0000000008009ce8      0x168 ./Drivers/STM32F4xx_HAL_Driver/Src/stm32f4xx_ll_usb.o
                0x0000000008009ce8                USB_HostInit
 .text.USB_InitFSLSPClkSel
                0x0000000008009e50       0x74 ./Drivers/STM32F4xx_HAL_Driver/Src/stm32f4xx_ll_usb.o
                0x0000000008009e50                USB_InitFSLSPClkSel
 .text.USB_ResetPort
                0x0000000008009ec4       0x54 ./Drivers/STM32F4xx_HAL_Driver/Src/stm32f4xx_ll_usb.o
                0x0000000008009ec4                USB_ResetPort
 .text.USB_DriveVbus
                0x0000000008009f18       0x72 ./Drivers/STM32F4xx_HAL_Driver/Src/stm32f4xx_ll_usb.o
                0x0000000008009f18                USB_DriveVbus
 .text.USB_GetHostSpeed
                0x0000000008009f8a       0x2e ./Drivers/STM32F4xx_HAL_Driver/Src/stm32f4xx_ll_usb.o
                0x0000000008009f8a                USB_GetHostSpeed
 .text.USB_GetCurrentFrame
                0x0000000008009fb8       0x22 ./Drivers/STM32F4xx_HAL_Driver/Src/stm32f4xx_ll_usb.o
                0x0000000008009fb8                USB_GetCurrentFrame
 *fill*         0x0000000008009fda        0x2 
 .text.USB_HC_Init
                0x0000000008009fdc      0x21c ./Drivers/STM32F4xx_HAL_Driver/Src/stm32f4xx_ll_usb.o
                0x0000000008009fdc                USB_HC_Init
 .text.USB_HC_StartXfer
                0x000000000800a1f8      0x284 ./Drivers/STM32F4xx_HAL_Driver/Src/stm32f4xx_ll_usb.o
                0x000000000800a1f8                USB_HC_StartXfer
 .text.USB_HC_ReadInterrupt
                0x000000000800a47c       0x22 ./Drivers/STM32F4xx_HAL_Driver/Src/stm32f4xx_ll_usb.o
                0x000000000800a47c                USB_HC_ReadInterrupt
 .text.USB_HC_Halt
                0x000000000800a49e      0x238 ./Drivers/STM32F4xx_HAL_Driver/Src/stm32f4xx_ll_usb.o
                0x000000000800a49e                USB_HC_Halt
 *fill*         0x000000000800a6d6        0x2 
 .text.USB_DoPing
                0x000000000800a6d8       0x78 ./Drivers/STM32F4xx_HAL_Driver/Src/stm32f4xx_ll_usb.o
                0x000000000800a6d8                USB_DoPing
 .text.USB_StopHost
                0x000000000800a750      0x10c ./Drivers/STM32F4xx_HAL_Driver/Src/stm32f4xx_ll_usb.o
                0x000000000800a750                USB_StopHost
 .text.USBH_CDC_InterfaceInit
                0x000000000800a85c      0x2ac ./Middlewares/ST/STM32_USB_Host_Library/Class/CDC/Src/usbh_cdc.o
 .text.USBH_CDC_InterfaceDeInit
                0x000000000800ab08       0xb2 ./Middlewares/ST/STM32_USB_Host_Library/Class/CDC/Src/usbh_cdc.o
 .text.USBH_CDC_ClassRequest
                0x000000000800abba       0x3e ./Middlewares/ST/STM32_USB_Host_Library/Class/CDC/Src/usbh_cdc.o
 .text.USBH_CDC_Process
                0x000000000800abf8      0x12c ./Middlewares/ST/STM32_USB_Host_Library/Class/CDC/Src/usbh_cdc.o
 .text.USBH_CDC_SOFProcess
                0x000000000800ad24       0x16 ./Middlewares/ST/STM32_USB_Host_Library/Class/CDC/Src/usbh_cdc.o
 .text.GetLineCoding
                0x000000000800ad3a       0x3e ./Middlewares/ST/STM32_USB_Host_Library/Class/CDC/Src/usbh_cdc.o
 .text.SetLineCoding
                0x000000000800ad78       0x3e ./Middlewares/ST/STM32_USB_Host_Library/Class/CDC/Src/usbh_cdc.o
 .text.CDC_ProcessTransmission
                0x000000000800adb6      0x124 ./Middlewares/ST/STM32_USB_Host_Library/Class/CDC/Src/usbh_cdc.o
 .text.CDC_ProcessReception
                0x000000000800aeda       0xd2 ./Middlewares/ST/STM32_USB_Host_Library/Class/CDC/Src/usbh_cdc.o
 .text.USBH_CDC_TransmitCallback
                0x000000000800afac       0x14 ./Middlewares/ST/STM32_USB_Host_Library/Class/CDC/Src/usbh_cdc.o
                0x000000000800afac                USBH_CDC_TransmitCallback
 .text.USBH_CDC_ReceiveCallback
                0x000000000800afc0       0x14 ./Middlewares/ST/STM32_USB_Host_Library/Class/CDC/Src/usbh_cdc.o
                0x000000000800afc0                USBH_CDC_ReceiveCallback
 .text.USBH_CDC_LineCodingChanged
                0x000000000800afd4       0x14 ./Middlewares/ST/STM32_USB_Host_Library/Class/CDC/Src/usbh_cdc.o
                0x000000000800afd4                USBH_CDC_LineCodingChanged
 .text.USBH_Init
                0x000000000800afe8       0xb8 ./Middlewares/ST/STM32_USB_Host_Library/Core/Src/usbh_core.o
                0x000000000800afe8                USBH_Init
 .text.DeInitStateMachine
                0x000000000800b0a0       0xa8 ./Middlewares/ST/STM32_USB_Host_Library/Core/Src/usbh_core.o
 .text.USBH_RegisterClass
                0x000000000800b148       0x54 ./Middlewares/ST/STM32_USB_Host_Library/Core/Src/usbh_core.o
                0x000000000800b148                USBH_RegisterClass
 .text.USBH_SelectInterface
                0x000000000800b19c       0x38 ./Middlewares/ST/STM32_USB_Host_Library/Core/Src/usbh_core.o
                0x000000000800b19c                USBH_SelectInterface
 .text.USBH_FindInterface
                0x000000000800b1d4       0x8c ./Middlewares/ST/STM32_USB_Host_Library/Core/Src/usbh_core.o
                0x000000000800b1d4                USBH_FindInterface
 .text.USBH_Start
                0x000000000800b260       0x20 ./Middlewares/ST/STM32_USB_Host_Library/Core/Src/usbh_core.o
                0x000000000800b260                USBH_Start
 .text.USBH_Process
                0x000000000800b280      0x4c4 ./Middlewares/ST/STM32_USB_Host_Library/Core/Src/usbh_core.o
                0x000000000800b280                USBH_Process
 .text.USBH_HandleEnum
                0x000000000800b744      0x458 ./Middlewares/ST/STM32_USB_Host_Library/Core/Src/usbh_core.o
 .text.USBH_LL_SetTimer
                0x000000000800bb9c       0x1e ./Middlewares/ST/STM32_USB_Host_Library/Core/Src/usbh_core.o
                0x000000000800bb9c                USBH_LL_SetTimer
 .text.USBH_LL_IncTimer
                0x000000000800bbba       0x24 ./Middlewares/ST/STM32_USB_Host_Library/Core/Src/usbh_core.o
                0x000000000800bbba                USBH_LL_IncTimer
 .text.USBH_HandleSof
                0x000000000800bbde       0x30 ./Middlewares/ST/STM32_USB_Host_Library/Core/Src/usbh_core.o
 .text.USBH_LL_PortEnabled
                0x000000000800bc0e       0x34 ./Middlewares/ST/STM32_USB_Host_Library/Core/Src/usbh_core.o
                0x000000000800bc0e                USBH_LL_PortEnabled
 .text.USBH_LL_PortDisabled
                0x000000000800bc42       0x1c ./Middlewares/ST/STM32_USB_Host_Library/Core/Src/usbh_core.o
                0x000000000800bc42                USBH_LL_PortDisabled
 .text.USBH_LL_Connect
                0x000000000800bc5e       0x46 ./Middlewares/ST/STM32_USB_Host_Library/Core/Src/usbh_core.o
                0x000000000800bc5e                USBH_LL_Connect
 .text.USBH_LL_Disconnect
                0x000000000800bca4       0x64 ./Middlewares/ST/STM32_USB_Host_Library/Core/Src/usbh_core.o
                0x000000000800bca4                USBH_LL_Disconnect
 .text.USBH_Process_OS
                0x000000000800bd08       0x2e ./Middlewares/ST/STM32_USB_Host_Library/Core/Src/usbh_core.o
 .text.USBH_LL_NotifyURBChange
                0x000000000800bd36       0x2e ./Middlewares/ST/STM32_USB_Host_Library/Core/Src/usbh_core.o
                0x000000000800bd36                USBH_LL_NotifyURBChange
 .text.USBH_Get_DevDesc
                0x000000000800bd64       0x50 ./Middlewares/ST/STM32_USB_Host_Library/Core/Src/usbh_ctlreq.o
                0x000000000800bd64                USBH_Get_DevDesc
 .text.USBH_Get_CfgDesc
                0x000000000800bdb4       0x48 ./Middlewares/ST/STM32_USB_Host_Library/Core/Src/usbh_ctlreq.o
                0x000000000800bdb4                USBH_Get_CfgDesc
 .text.USBH_Get_StringDesc
                0x000000000800bdfc       0x56 ./Middlewares/ST/STM32_USB_Host_Library/Core/Src/usbh_ctlreq.o
                0x000000000800bdfc                USBH_Get_StringDesc
 .text.USBH_GetDescriptor
                0x000000000800be52       0x6a ./Middlewares/ST/STM32_USB_Host_Library/Core/Src/usbh_ctlreq.o
                0x000000000800be52                USBH_GetDescriptor
 .text.USBH_SetAddress
                0x000000000800bebc       0x48 ./Middlewares/ST/STM32_USB_Host_Library/Core/Src/usbh_ctlreq.o
                0x000000000800bebc                USBH_SetAddress
 .text.USBH_SetCfg
                0x000000000800bf04       0x46 ./Middlewares/ST/STM32_USB_Host_Library/Core/Src/usbh_ctlreq.o
                0x000000000800bf04                USBH_SetCfg
 .text.USBH_SetFeature
                0x000000000800bf4a       0x48 ./Middlewares/ST/STM32_USB_Host_Library/Core/Src/usbh_ctlreq.o
                0x000000000800bf4a                USBH_SetFeature
 .text.USBH_ClrFeature
                0x000000000800bf92       0x48 ./Middlewares/ST/STM32_USB_Host_Library/Core/Src/usbh_ctlreq.o
                0x000000000800bf92                USBH_ClrFeature
 .text.USBH_ParseDevDesc
                0x000000000800bfda       0xe0 ./Middlewares/ST/STM32_USB_Host_Library/Core/Src/usbh_ctlreq.o
 .text.USBH_ParseCfgDesc
                0x000000000800c0ba      0x144 ./Middlewares/ST/STM32_USB_Host_Library/Core/Src/usbh_ctlreq.o
 .text.USBH_ParseInterfaceDesc
                0x000000000800c1fe       0x5e ./Middlewares/ST/STM32_USB_Host_Library/Core/Src/usbh_ctlreq.o
 .text.USBH_ParseEPDesc
                0x000000000800c25c       0x5a ./Middlewares/ST/STM32_USB_Host_Library/Core/Src/usbh_ctlreq.o
 .text.USBH_ParseStringDesc
                0x000000000800c2b6       0x66 ./Middlewares/ST/STM32_USB_Host_Library/Core/Src/usbh_ctlreq.o
 .text.USBH_GetNextDesc
                0x000000000800c31c       0x36 ./Middlewares/ST/STM32_USB_Host_Library/Core/Src/usbh_ctlreq.o
                0x000000000800c31c                USBH_GetNextDesc
 .text.USBH_CtlReq
                0x000000000800c352       0xb2 ./Middlewares/ST/STM32_USB_Host_Library/Core/Src/usbh_ctlreq.o
                0x000000000800c352                USBH_CtlReq
 .text.USBH_HandleControl
                0x000000000800c404      0x490 ./Middlewares/ST/STM32_USB_Host_Library/Core/Src/usbh_ctlreq.o
 .text.USBH_CtlSendSetup
                0x000000000800c894       0x34 ./Middlewares/ST/STM32_USB_Host_Library/Core/Src/usbh_ioreq.o
                0x000000000800c894                USBH_CtlSendSetup
 .text.USBH_CtlSendData
                0x000000000800c8c8       0x4a ./Middlewares/ST/STM32_USB_Host_Library/Core/Src/usbh_ioreq.o
                0x000000000800c8c8                USBH_CtlSendData
 .text.USBH_CtlReceiveData
                0x000000000800c912       0x3c ./Middlewares/ST/STM32_USB_Host_Library/Core/Src/usbh_ioreq.o
                0x000000000800c912                USBH_CtlReceiveData
 .text.USBH_BulkSendData
                0x000000000800c94e       0x4a ./Middlewares/ST/STM32_USB_Host_Library/Core/Src/usbh_ioreq.o
                0x000000000800c94e                USBH_BulkSendData
 .text.USBH_BulkReceiveData
                0x000000000800c998       0x3c ./Middlewares/ST/STM32_USB_Host_Library/Core/Src/usbh_ioreq.o
                0x000000000800c998                USBH_BulkReceiveData
 .text.USBH_OpenPipe
                0x000000000800c9d4       0x3e ./Middlewares/ST/STM32_USB_Host_Library/Core/Src/usbh_pipes.o
                0x000000000800c9d4                USBH_OpenPipe
 .text.USBH_ClosePipe
                0x000000000800ca12       0x20 ./Middlewares/ST/STM32_USB_Host_Library/Core/Src/usbh_pipes.o
                0x000000000800ca12                USBH_ClosePipe
 .text.USBH_AllocPipe
                0x000000000800ca32       0x42 ./Middlewares/ST/STM32_USB_Host_Library/Core/Src/usbh_pipes.o
                0x000000000800ca32                USBH_AllocPipe
 .text.USBH_FreePipe
                0x000000000800ca74       0x3c ./Middlewares/ST/STM32_USB_Host_Library/Core/Src/usbh_pipes.o
                0x000000000800ca74                USBH_FreePipe
 .text.USBH_GetFreePipe
                0x000000000800cab0       0x48 ./Middlewares/ST/STM32_USB_Host_Library/Core/Src/usbh_pipes.o
 .text.__NVIC_SetPriority
                0x000000000800caf8       0x54 ./Middlewares/Third_Party/FreeRTOS/Source/CMSIS_RTOS_V2/cmsis_os2.o
 .text.SysTick_Handler
                0x000000000800cb4c       0x20 ./Middlewares/Third_Party/FreeRTOS/Source/CMSIS_RTOS_V2/cmsis_os2.o
                0x000000000800cb4c                SysTick_Handler
 .text.SVC_Setup
                0x000000000800cb6c       0x12 ./Middlewares/Third_Party/FreeRTOS/Source/CMSIS_RTOS_V2/cmsis_os2.o
 *fill*         0x000000000800cb7e        0x2 
 .text.osKernelInitialize
                0x000000000800cb80       0x48 ./Middlewares/Third_Party/FreeRTOS/Source/CMSIS_RTOS_V2/cmsis_os2.o
                0x000000000800cb80                osKernelInitialize
 .text.osKernelStart
                0x000000000800cbc8       0x4c ./Middlewares/Third_Party/FreeRTOS/Source/CMSIS_RTOS_V2/cmsis_os2.o
                0x000000000800cbc8                osKernelStart
 .text.osThreadNew
                0x000000000800cc14      0x124 ./Middlewares/Third_Party/FreeRTOS/Source/CMSIS_RTOS_V2/cmsis_os2.o
                0x000000000800cc14                osThreadNew
 .text.osDelay  0x000000000800cd38       0x36 ./Middlewares/Third_Party/FreeRTOS/Source/CMSIS_RTOS_V2/cmsis_os2.o
                0x000000000800cd38                osDelay
 .text.osMessageQueueNew
                0x000000000800cd6e       0xe6 ./Middlewares/Third_Party/FreeRTOS/Source/CMSIS_RTOS_V2/cmsis_os2.o
                0x000000000800cd6e                osMessageQueueNew
 .text.osMessageQueuePut
                0x000000000800ce54       0xc0 ./Middlewares/Third_Party/FreeRTOS/Source/CMSIS_RTOS_V2/cmsis_os2.o
                0x000000000800ce54                osMessageQueuePut
 .text.osMessageQueueGet
                0x000000000800cf14       0xbc ./Middlewares/Third_Party/FreeRTOS/Source/CMSIS_RTOS_V2/cmsis_os2.o
                0x000000000800cf14                osMessageQueueGet
 .text.vApplicationGetIdleTaskMemory
                0x000000000800cfd0       0x34 ./Middlewares/Third_Party/FreeRTOS/Source/CMSIS_RTOS_V2/cmsis_os2.o
                0x000000000800cfd0                vApplicationGetIdleTaskMemory
 .text.vApplicationGetTimerTaskMemory
                0x000000000800d004       0x34 ./Middlewares/Third_Party/FreeRTOS/Source/CMSIS_RTOS_V2/cmsis_os2.o
                0x000000000800d004                vApplicationGetTimerTaskMemory
 .text.vListInitialise
                0x000000000800d038       0x40 ./Middlewares/Third_Party/FreeRTOS/Source/list.o
                0x000000000800d038                vListInitialise
 .text.vListInitialiseItem
                0x000000000800d078       0x1a ./Middlewares/Third_Party/FreeRTOS/Source/list.o
                0x000000000800d078                vListInitialiseItem
 .text.vListInsertEnd
                0x000000000800d092       0x48 ./Middlewares/Third_Party/FreeRTOS/Source/list.o
                0x000000000800d092                vListInsertEnd
 .text.vListInsert
                0x000000000800d0da       0x72 ./Middlewares/Third_Party/FreeRTOS/Source/list.o
                0x000000000800d0da                vListInsert
 .text.uxListRemove
                0x000000000800d14c       0x54 ./Middlewares/Third_Party/FreeRTOS/Source/list.o
                0x000000000800d14c                uxListRemove
 .text.xQueueGenericReset
                0x000000000800d1a0       0xd0 ./Middlewares/Third_Party/FreeRTOS/Source/queue.o
                0x000000000800d1a0                xQueueGenericReset
 .text.xQueueGenericCreateStatic
                0x000000000800d270       0xf0 ./Middlewares/Third_Party/FreeRTOS/Source/queue.o
                0x000000000800d270                xQueueGenericCreateStatic
 .text.xQueueGenericCreate
                0x000000000800d360       0x74 ./Middlewares/Third_Party/FreeRTOS/Source/queue.o
                0x000000000800d360                xQueueGenericCreate
 .text.prvInitialiseNewQueue
                0x000000000800d3d4       0x46 ./Middlewares/Third_Party/FreeRTOS/Source/queue.o
 *fill*         0x000000000800d41a        0x2 
 .text.xQueueGenericSend
                0x000000000800d41c      0x1fc ./Middlewares/Third_Party/FreeRTOS/Source/queue.o
                0x000000000800d41c                xQueueGenericSend
 .text.xQueueGenericSendFromISR
                0x000000000800d618      0x136 ./Middlewares/Third_Party/FreeRTOS/Source/queue.o
                0x000000000800d618                xQueueGenericSendFromISR
 *fill*         0x000000000800d74e        0x2 
 .text.xQueueReceive
                0x000000000800d750      0x1c0 ./Middlewares/Third_Party/FreeRTOS/Source/queue.o
                0x000000000800d750                xQueueReceive
 .text.xQueueReceiveFromISR
                0x000000000800d910      0x100 ./Middlewares/Third_Party/FreeRTOS/Source/queue.o
                0x000000000800d910                xQueueReceiveFromISR
 .text.xQueuePeekFromISR
                0x000000000800da10       0xd2 ./Middlewares/Third_Party/FreeRTOS/Source/queue.o
                0x000000000800da10                xQueuePeekFromISR
 .text.prvCopyDataToQueue
                0x000000000800dae2       0xd4 ./Middlewares/Third_Party/FreeRTOS/Source/queue.o
 .text.prvCopyDataFromQueue
                0x000000000800dbb6       0x4c ./Middlewares/Third_Party/FreeRTOS/Source/queue.o
 .text.prvUnlockQueue
                0x000000000800dc02       0xa4 ./Middlewares/Third_Party/FreeRTOS/Source/queue.o
 .text.prvIsQueueEmpty
                0x000000000800dca6       0x2c ./Middlewares/Third_Party/FreeRTOS/Source/queue.o
 .text.prvIsQueueFull
                0x000000000800dcd2       0x30 ./Middlewares/Third_Party/FreeRTOS/Source/queue.o
 *fill*         0x000000000800dd02        0x2 
 .text.vQueueAddToRegistry
                0x000000000800dd04       0x54 ./Middlewares/Third_Party/FreeRTOS/Source/queue.o
                0x000000000800dd04                vQueueAddToRegistry
 .text.vQueueWaitForMessageRestricted
                0x000000000800dd58       0x68 ./Middlewares/Third_Party/FreeRTOS/Source/queue.o
                0x000000000800dd58                vQueueWaitForMessageRestricted
 .text.xTaskCreateStatic
                0x000000000800ddc0       0xba ./Middlewares/Third_Party/FreeRTOS/Source/tasks.o
                0x000000000800ddc0                xTaskCreateStatic
 .text.xTaskCreate
                0x000000000800de7a       0x8a ./Middlewares/Third_Party/FreeRTOS/Source/tasks.o
                0x000000000800de7a                xTaskCreate
 .text.prvInitialiseNewTask
                0x000000000800df04      0x14c ./Middlewares/Third_Party/FreeRTOS/Source/tasks.o
 .text.prvAddNewTaskToReadyList
                0x000000000800e050       0xe0 ./Middlewares/Third_Party/FreeRTOS/Source/tasks.o
 .text.vTaskDelay
                0x000000000800e130       0x68 ./Middlewares/Third_Party/FreeRTOS/Source/tasks.o
                0x000000000800e130                vTaskDelay
 .text.vTaskStartScheduler
                0x000000000800e198       0xe0 ./Middlewares/Third_Party/FreeRTOS/Source/tasks.o
                0x000000000800e198                vTaskStartScheduler
 .text.vTaskSuspendAll
                0x000000000800e278       0x1c ./Middlewares/Third_Party/FreeRTOS/Source/tasks.o
                0x000000000800e278                vTaskSuspendAll
 .text.xTaskResumeAll
                0x000000000800e294      0x13c ./Middlewares/Third_Party/FreeRTOS/Source/tasks.o
                0x000000000800e294                xTaskResumeAll
 .text.xTaskGetTickCount
                0x000000000800e3d0       0x20 ./Middlewares/Third_Party/FreeRTOS/Source/tasks.o
                0x000000000800e3d0                xTaskGetTickCount
 .text.xTaskIncrementTick
                0x000000000800e3f0      0x174 ./Middlewares/Third_Party/FreeRTOS/Source/tasks.o
                0x000000000800e3f0                xTaskIncrementTick
 .text.vTaskSwitchContext
                0x000000000800e564       0xc8 ./Middlewares/Third_Party/FreeRTOS/Source/tasks.o
                0x000000000800e564                vTaskSwitchContext
 .text.vTaskPlaceOnEventList
                0x000000000800e62c       0x48 ./Middlewares/Third_Party/FreeRTOS/Source/tasks.o
                0x000000000800e62c                vTaskPlaceOnEventList
 .text.vTaskPlaceOnEventListRestricted
                0x000000000800e674       0x58 ./Middlewares/Third_Party/FreeRTOS/Source/tasks.o
                0x000000000800e674                vTaskPlaceOnEventListRestricted
 .text.xTaskRemoveFromEventList
                0x000000000800e6cc       0xc8 ./Middlewares/Third_Party/FreeRTOS/Source/tasks.o
                0x000000000800e6cc                xTaskRemoveFromEventList
 .text.vTaskInternalSetTimeOutState
                0x000000000800e794       0x2c ./Middlewares/Third_Party/FreeRTOS/Source/tasks.o
                0x000000000800e794                vTaskInternalSetTimeOutState
 .text.xTaskCheckForTimeOut
                0x000000000800e7c0       0xc4 ./Middlewares/Third_Party/FreeRTOS/Source/tasks.o
                0x000000000800e7c0                xTaskCheckForTimeOut
 .text.vTaskMissedYield
                0x000000000800e884       0x18 ./Middlewares/Third_Party/FreeRTOS/Source/tasks.o
                0x000000000800e884                vTaskMissedYield
 .text.prvIdleTask
                0x000000000800e89c       0x30 ./Middlewares/Third_Party/FreeRTOS/Source/tasks.o
 .text.prvInitialiseTaskLists
                0x000000000800e8cc       0x80 ./Middlewares/Third_Party/FreeRTOS/Source/tasks.o
 .text.prvCheckTasksWaitingTermination
                0x000000000800e94c       0x5c ./Middlewares/Third_Party/FreeRTOS/Source/tasks.o
 .text.prvDeleteTCB
                0x000000000800e9a8       0x68 ./Middlewares/Third_Party/FreeRTOS/Source/tasks.o
 .text.prvResetNextTaskUnblockTime
                0x000000000800ea10       0x40 ./Middlewares/Third_Party/FreeRTOS/Source/tasks.o
 .text.xTaskGetSchedulerState
                0x000000000800ea50       0x3c ./Middlewares/Third_Party/FreeRTOS/Source/tasks.o
                0x000000000800ea50                xTaskGetSchedulerState
 .text.xTaskPriorityDisinherit
                0x000000000800ea8c       0xdc ./Middlewares/Third_Party/FreeRTOS/Source/tasks.o
                0x000000000800ea8c                xTaskPriorityDisinherit
 .text.xTaskNotifyWait
                0x000000000800eb68       0xc0 ./Middlewares/Third_Party/FreeRTOS/Source/tasks.o
                0x000000000800eb68                xTaskNotifyWait
 .text.xTaskGenericNotifyFromISR
                0x000000000800ec28      0x1c8 ./Middlewares/Third_Party/FreeRTOS/Source/tasks.o
                0x000000000800ec28                xTaskGenericNotifyFromISR
 .text.prvAddCurrentTaskToDelayedList
                0x000000000800edf0       0xa8 ./Middlewares/Third_Party/FreeRTOS/Source/tasks.o
 .text.xTimerCreateTimerTask
                0x000000000800ee98       0x90 ./Middlewares/Third_Party/FreeRTOS/Source/timers.o
                0x000000000800ee98                xTimerCreateTimerTask
 .text.xTimerGenericCommand
                0x000000000800ef28       0x9c ./Middlewares/Third_Party/FreeRTOS/Source/timers.o
                0x000000000800ef28                xTimerGenericCommand
 .text.prvProcessExpiredTimer
                0x000000000800efc4       0x98 ./Middlewares/Third_Party/FreeRTOS/Source/timers.o
 .text.prvTimerTask
                0x000000000800f05c       0x24 ./Middlewares/Third_Party/FreeRTOS/Source/timers.o
 .text.prvProcessTimerOrBlockTask
                0x000000000800f080       0x9c ./Middlewares/Third_Party/FreeRTOS/Source/timers.o
 .text.prvGetNextExpireTime
                0x000000000800f11c       0x48 ./Middlewares/Third_Party/FreeRTOS/Source/timers.o
 .text.prvSampleTimeNow
                0x000000000800f164       0x40 ./Middlewares/Third_Party/FreeRTOS/Source/timers.o
 .text.prvInsertTimerInActiveList
                0x000000000800f1a4       0x84 ./Middlewares/Third_Party/FreeRTOS/Source/timers.o
 .text.prvProcessReceivedCommands
                0x000000000800f228      0x1c4 ./Middlewares/Third_Party/FreeRTOS/Source/timers.o
 .text.prvSwitchTimerLists
                0x000000000800f3ec       0xc8 ./Middlewares/Third_Party/FreeRTOS/Source/timers.o
 .text.prvCheckForValidListAndQueue
                0x000000000800f4b4       0x80 ./Middlewares/Third_Party/FreeRTOS/Source/timers.o
 .text.pxPortInitialiseStack
                0x000000000800f534       0x68 ./Middlewares/Third_Party/FreeRTOS/Source/portable/GCC/ARM_CM4F/port.o
                0x000000000800f534                pxPortInitialiseStack
 .text.prvTaskExitError
                0x000000000800f59c       0x58 ./Middlewares/Third_Party/FreeRTOS/Source/portable/GCC/ARM_CM4F/port.o
 *fill*         0x000000000800f5f4        0xc 
 .text.SVC_Handler
                0x000000000800f600       0x28 ./Middlewares/Third_Party/FreeRTOS/Source/portable/GCC/ARM_CM4F/port.o
                0x000000000800f600                SVC_Handler
 .text.prvPortStartFirstTask
                0x000000000800f628       0x28 ./Middlewares/Third_Party/FreeRTOS/Source/portable/GCC/ARM_CM4F/port.o
 .text.xPortStartScheduler
                0x000000000800f650      0x144 ./Middlewares/Third_Party/FreeRTOS/Source/portable/GCC/ARM_CM4F/port.o
                0x000000000800f650                xPortStartScheduler
 .text.vPortEnterCritical
                0x000000000800f794       0x60 ./Middlewares/Third_Party/FreeRTOS/Source/portable/GCC/ARM_CM4F/port.o
                0x000000000800f794                vPortEnterCritical
 .text.vPortExitCritical
                0x000000000800f7f4       0x54 ./Middlewares/Third_Party/FreeRTOS/Source/portable/GCC/ARM_CM4F/port.o
                0x000000000800f7f4                vPortExitCritical
 *fill*         0x000000000800f848        0x8 
 .text.PendSV_Handler
                0x000000000800f850       0x68 ./Middlewares/Third_Party/FreeRTOS/Source/portable/GCC/ARM_CM4F/port.o
                0x000000000800f850                PendSV_Handler
 .text.xPortSysTickHandler
                0x000000000800f8b8       0x44 ./Middlewares/Third_Party/FreeRTOS/Source/portable/GCC/ARM_CM4F/port.o
                0x000000000800f8b8                xPortSysTickHandler
 .text.vPortSetupTimerInterrupt
                0x000000000800f8fc       0x48 ./Middlewares/Third_Party/FreeRTOS/Source/portable/GCC/ARM_CM4F/port.o
                0x000000000800f8fc                vPortSetupTimerInterrupt
 .text.vPortEnableVFP
                0x000000000800f944       0x14 ./Middlewares/Third_Party/FreeRTOS/Source/portable/GCC/ARM_CM4F/port.o
 .text.vPortValidateInterruptPriority
                0x000000000800f958       0x80 ./Middlewares/Third_Party/FreeRTOS/Source/portable/GCC/ARM_CM4F/port.o
                0x000000000800f958                vPortValidateInterruptPriority
 .text.pvPortMalloc
                0x000000000800f9d8      0x198 ./Middlewares/Third_Party/FreeRTOS/Source/portable/MemMang/heap_4.o
                0x000000000800f9d8                pvPortMalloc
 .text.vPortFree
                0x000000000800fb70       0xc4 ./Middlewares/Third_Party/FreeRTOS/Source/portable/MemMang/heap_4.o
                0x000000000800fb70                vPortFree
 .text.prvHeapInit
                0x000000000800fc34       0xc4 ./Middlewares/Third_Party/FreeRTOS/Source/portable/MemMang/heap_4.o
 .text.prvInsertBlockIntoFreeList
                0x000000000800fcf8       0xb4 ./Middlewares/Third_Party/FreeRTOS/Source/portable/MemMang/heap_4.o
 .text.MX_USB_HOST_Init
                0x000000000800fdac       0x4c ./USB_HOST/App/usb_host.o
                0x000000000800fdac                MX_USB_HOST_Init
 .text.USBH_UserProcess
                0x000000000800fdf8       0x5c ./USB_HOST/App/usb_host.o
 .text.HAL_HCD_MspInit
                0x000000000800fe54       0xc4 ./USB_HOST/Target/usbh_conf.o
                0x000000000800fe54                HAL_HCD_MspInit
 .text.HAL_HCD_SOF_Callback
                0x000000000800ff18       0x1c ./USB_HOST/Target/usbh_conf.o
                0x000000000800ff18                HAL_HCD_SOF_Callback
 .text.HAL_HCD_Connect_Callback
                0x000000000800ff34       0x1c ./USB_HOST/Target/usbh_conf.o
                0x000000000800ff34                HAL_HCD_Connect_Callback
 .text.HAL_HCD_Disconnect_Callback
                0x000000000800ff50       0x1c ./USB_HOST/Target/usbh_conf.o
                0x000000000800ff50                HAL_HCD_Disconnect_Callback
 .text.HAL_HCD_HC_NotifyURBChange_Callback
                0x000000000800ff6c       0x24 ./USB_HOST/Target/usbh_conf.o
                0x000000000800ff6c                HAL_HCD_HC_NotifyURBChange_Callback
 .text.HAL_HCD_PortEnabled_Callback
                0x000000000800ff90       0x1c ./USB_HOST/Target/usbh_conf.o
                0x000000000800ff90                HAL_HCD_PortEnabled_Callback
 .text.HAL_HCD_PortDisabled_Callback
                0x000000000800ffac       0x1c ./USB_HOST/Target/usbh_conf.o
                0x000000000800ffac                HAL_HCD_PortDisabled_Callback
 .text.USBH_LL_Init
                0x000000000800ffc8       0x78 ./USB_HOST/Target/usbh_conf.o
                0x000000000800ffc8                USBH_LL_Init
 .text.USBH_LL_Start
                0x0000000008010040       0x36 ./USB_HOST/Target/usbh_conf.o
                0x0000000008010040                USBH_LL_Start
 .text.USBH_LL_Stop
                0x0000000008010076       0x36 ./USB_HOST/Target/usbh_conf.o
                0x0000000008010076                USBH_LL_Stop
 .text.USBH_LL_GetSpeed
                0x00000000080100ac       0x4e ./USB_HOST/Target/usbh_conf.o
                0x00000000080100ac                USBH_LL_GetSpeed
 .text.USBH_LL_ResetPort
                0x00000000080100fa       0x36 ./USB_HOST/Target/usbh_conf.o
                0x00000000080100fa                USBH_LL_ResetPort
 .text.USBH_LL_GetLastXferSize
                0x0000000008010130       0x26 ./USB_HOST/Target/usbh_conf.o
                0x0000000008010130                USBH_LL_GetLastXferSize
 .text.USBH_LL_OpenPipe
                0x0000000008010156       0x5e ./USB_HOST/Target/usbh_conf.o
                0x0000000008010156                USBH_LL_OpenPipe
 .text.USBH_LL_ClosePipe
                0x00000000080101b4       0x3e ./USB_HOST/Target/usbh_conf.o
                0x00000000080101b4                USBH_LL_ClosePipe
 .text.USBH_LL_SubmitURB
                0x00000000080101f2       0x62 ./USB_HOST/Target/usbh_conf.o
                0x00000000080101f2                USBH_LL_SubmitURB
 .text.USBH_LL_GetURBState
                0x0000000008010254       0x26 ./USB_HOST/Target/usbh_conf.o
                0x0000000008010254                USBH_LL_GetURBState
 .text.USBH_LL_DriverVBUS
                0x000000000801027a       0x2e ./USB_HOST/Target/usbh_conf.o
                0x000000000801027a                USBH_LL_DriverVBUS
 .text.USBH_LL_SetToggle
                0x00000000080102a8       0x60 ./USB_HOST/Target/usbh_conf.o
                0x00000000080102a8                USBH_LL_SetToggle
 .text.USBH_Delay
                0x0000000008010308       0x16 ./USB_HOST/Target/usbh_conf.o
                0x0000000008010308                USBH_Delay
 *fill*         0x000000000801031e        0x2 
 .text.USBH_Get_USB_Status
                0x0000000008010320       0x58 ./USB_HOST/Target/usbh_conf.o
                0x0000000008010320                USBH_Get_USB_Status
 .text.MX_DriverVbusFS
                0x0000000008010378       0x38 ./USB_HOST/Target/usbh_platform.o
                0x0000000008010378                MX_DriverVbusFS
 .text.__errno  0x00000000080103b0        0xc /home/odemki/st/stm32cubeide_1.8.0_2/plugins/com.st.stm32cube.ide.mcu.externaltools.gnu-tools-for-stm32.9-2020-q2-update.linux64_2.0.0.202105311346/tools/bin/../lib/gcc/arm-none-eabi/9.3.1/../../../../arm-none-eabi/lib/thumb/v7e-m+fp/hard/libc_nano.a(lib_a-errno.o)
                0x00000000080103b0                __errno
 .text.__libc_init_array
                0x00000000080103bc       0x48 /home/odemki/st/stm32cubeide_1.8.0_2/plugins/com.st.stm32cube.ide.mcu.externaltools.gnu-tools-for-stm32.9-2020-q2-update.linux64_2.0.0.202105311346/tools/bin/../lib/gcc/arm-none-eabi/9.3.1/../../../../arm-none-eabi/lib/thumb/v7e-m+fp/hard/libc_nano.a(lib_a-init.o)
                0x00000000080103bc                __libc_init_array
 .text.__retarget_lock_acquire_recursive
                0x0000000008010404        0x2 /home/odemki/st/stm32cubeide_1.8.0_2/plugins/com.st.stm32cube.ide.mcu.externaltools.gnu-tools-for-stm32.9-2020-q2-update.linux64_2.0.0.202105311346/tools/bin/../lib/gcc/arm-none-eabi/9.3.1/../../../../arm-none-eabi/lib/thumb/v7e-m+fp/hard/libc_nano.a(lib_a-lock.o)
                0x0000000008010404                __retarget_lock_acquire_recursive
 .text.__retarget_lock_release_recursive
                0x0000000008010406        0x2 /home/odemki/st/stm32cubeide_1.8.0_2/plugins/com.st.stm32cube.ide.mcu.externaltools.gnu-tools-for-stm32.9-2020-q2-update.linux64_2.0.0.202105311346/tools/bin/../lib/gcc/arm-none-eabi/9.3.1/../../../../arm-none-eabi/lib/thumb/v7e-m+fp/hard/libc_nano.a(lib_a-lock.o)
                0x0000000008010406                __retarget_lock_release_recursive
 .text.malloc   0x0000000008010408       0x10 /home/odemki/st/stm32cubeide_1.8.0_2/plugins/com.st.stm32cube.ide.mcu.externaltools.gnu-tools-for-stm32.9-2020-q2-update.linux64_2.0.0.202105311346/tools/bin/../lib/gcc/arm-none-eabi/9.3.1/../../../../arm-none-eabi/lib/thumb/v7e-m+fp/hard/libc_nano.a(lib_a-malloc.o)
                0x0000000008010408                malloc
 .text.free     0x0000000008010418       0x10 /home/odemki/st/stm32cubeide_1.8.0_2/plugins/com.st.stm32cube.ide.mcu.externaltools.gnu-tools-for-stm32.9-2020-q2-update.linux64_2.0.0.202105311346/tools/bin/../lib/gcc/arm-none-eabi/9.3.1/../../../../arm-none-eabi/lib/thumb/v7e-m+fp/hard/libc_nano.a(lib_a-malloc.o)
                0x0000000008010418                free
 .text.memcpy   0x0000000008010428       0x1c /home/odemki/st/stm32cubeide_1.8.0_2/plugins/com.st.stm32cube.ide.mcu.externaltools.gnu-tools-for-stm32.9-2020-q2-update.linux64_2.0.0.202105311346/tools/bin/../lib/gcc/arm-none-eabi/9.3.1/../../../../arm-none-eabi/lib/thumb/v7e-m+fp/hard/libc_nano.a(lib_a-memcpy-stub.o)
                0x0000000008010428                memcpy
 .text.memset   0x0000000008010444       0x10 /home/odemki/st/stm32cubeide_1.8.0_2/plugins/com.st.stm32cube.ide.mcu.externaltools.gnu-tools-for-stm32.9-2020-q2-update.linux64_2.0.0.202105311346/tools/bin/../lib/gcc/arm-none-eabi/9.3.1/../../../../arm-none-eabi/lib/thumb/v7e-m+fp/hard/libc_nano.a(lib_a-memset.o)
                0x0000000008010444                memset
 .text._free_r  0x0000000008010454       0xa0 /home/odemki/st/stm32cubeide_1.8.0_2/plugins/com.st.stm32cube.ide.mcu.externaltools.gnu-tools-for-stm32.9-2020-q2-update.linux64_2.0.0.202105311346/tools/bin/../lib/gcc/arm-none-eabi/9.3.1/../../../../arm-none-eabi/lib/thumb/v7e-m+fp/hard/libc_nano.a(lib_a-nano-freer.o)
                0x0000000008010454                _free_r
 .text._malloc_r
                0x00000000080104f4       0xb4 /home/odemki/st/stm32cubeide_1.8.0_2/plugins/com.st.stm32cube.ide.mcu.externaltools.gnu-tools-for-stm32.9-2020-q2-update.linux64_2.0.0.202105311346/tools/bin/../lib/gcc/arm-none-eabi/9.3.1/../../../../arm-none-eabi/lib/thumb/v7e-m+fp/hard/libc_nano.a(lib_a-nano-mallocr.o)
                0x00000000080104f4                _malloc_r
 .text.cleanup_glue
                0x00000000080105a8       0x1a /home/odemki/st/stm32cubeide_1.8.0_2/plugins/com.st.stm32cube.ide.mcu.externaltools.gnu-tools-for-stm32.9-2020-q2-update.linux64_2.0.0.202105311346/tools/bin/../lib/gcc/arm-none-eabi/9.3.1/../../../../arm-none-eabi/lib/thumb/v7e-m+fp/hard/libc_nano.a(lib_a-reent.o)
                0x00000000080105a8                cleanup_glue
 *fill*         0x00000000080105c2        0x2 
 .text._reclaim_reent
                0x00000000080105c4       0xb8 /home/odemki/st/stm32cubeide_1.8.0_2/plugins/com.st.stm32cube.ide.mcu.externaltools.gnu-tools-for-stm32.9-2020-q2-update.linux64_2.0.0.202105311346/tools/bin/../lib/gcc/arm-none-eabi/9.3.1/../../../../arm-none-eabi/lib/thumb/v7e-m+fp/hard/libc_nano.a(lib_a-reent.o)
                0x00000000080105c4                _reclaim_reent
 .text._sbrk_r  0x000000000801067c       0x20 /home/odemki/st/stm32cubeide_1.8.0_2/plugins/com.st.stm32cube.ide.mcu.externaltools.gnu-tools-for-stm32.9-2020-q2-update.linux64_2.0.0.202105311346/tools/bin/../lib/gcc/arm-none-eabi/9.3.1/../../../../arm-none-eabi/lib/thumb/v7e-m+fp/hard/libc_nano.a(lib_a-sbrkr.o)
                0x000000000801067c                _sbrk_r
 .text.sprintf  0x000000000801069c       0x40 /home/odemki/st/stm32cubeide_1.8.0_2/plugins/com.st.stm32cube.ide.mcu.externaltools.gnu-tools-for-stm32.9-2020-q2-update.linux64_2.0.0.202105311346/tools/bin/../lib/gcc/arm-none-eabi/9.3.1/../../../../arm-none-eabi/lib/thumb/v7e-m+fp/hard/libc_nano.a(lib_a-sprintf.o)
                0x000000000801069c                sprintf
                0x000000000801069c                siprintf
 .text.strcat   0x00000000080106dc       0x1e /home/odemki/st/stm32cubeide_1.8.0_2/plugins/com.st.stm32cube.ide.mcu.externaltools.gnu-tools-for-stm32.9-2020-q2-update.linux64_2.0.0.202105311346/tools/bin/../lib/gcc/arm-none-eabi/9.3.1/../../../../arm-none-eabi/lib/thumb/v7e-m+fp/hard/libc_nano.a(lib_a-strcat.o)
                0x00000000080106dc                strcat
 *fill*         0x00000000080106fa        0x2 
 .text.__malloc_lock
                0x00000000080106fc        0xc /home/odemki/st/stm32cubeide_1.8.0_2/plugins/com.st.stm32cube.ide.mcu.externaltools.gnu-tools-for-stm32.9-2020-q2-update.linux64_2.0.0.202105311346/tools/bin/../lib/gcc/arm-none-eabi/9.3.1/../../../../arm-none-eabi/lib/thumb/v7e-m+fp/hard/libc_nano.a(lib_a-mlock.o)
                0x00000000080106fc                __malloc_lock
 .text.__malloc_unlock
                0x0000000008010708        0xc /home/odemki/st/stm32cubeide_1.8.0_2/plugins/com.st.stm32cube.ide.mcu.externaltools.gnu-tools-for-stm32.9-2020-q2-update.linux64_2.0.0.202105311346/tools/bin/../lib/gcc/arm-none-eabi/9.3.1/../../../../arm-none-eabi/lib/thumb/v7e-m+fp/hard/libc_nano.a(lib_a-mlock.o)
                0x0000000008010708                __malloc_unlock
 .text.__ssputs_r
                0x0000000008010714       0xb6 /home/odemki/st/stm32cubeide_1.8.0_2/plugins/com.st.stm32cube.ide.mcu.externaltools.gnu-tools-for-stm32.9-2020-q2-update.linux64_2.0.0.202105311346/tools/bin/../lib/gcc/arm-none-eabi/9.3.1/../../../../arm-none-eabi/lib/thumb/v7e-m+fp/hard/libc_nano.a(lib_a-nano-svfprintf.o)
                0x0000000008010714                __ssputs_r
 *fill*         0x00000000080107ca        0x2 
 .text._svfprintf_r
                0x00000000080107cc      0x200 /home/odemki/st/stm32cubeide_1.8.0_2/plugins/com.st.stm32cube.ide.mcu.externaltools.gnu-tools-for-stm32.9-2020-q2-update.linux64_2.0.0.202105311346/tools/bin/../lib/gcc/arm-none-eabi/9.3.1/../../../../arm-none-eabi/lib/thumb/v7e-m+fp/hard/libc_nano.a(lib_a-nano-svfprintf.o)
                0x00000000080107cc                _svfprintf_r
                0x00000000080107cc                _svfiprintf_r
 .text._printf_common
                0x00000000080109cc       0xda /home/odemki/st/stm32cubeide_1.8.0_2/plugins/com.st.stm32cube.ide.mcu.externaltools.gnu-tools-for-stm32.9-2020-q2-update.linux64_2.0.0.202105311346/tools/bin/../lib/gcc/arm-none-eabi/9.3.1/../../../../arm-none-eabi/lib/thumb/v7e-m+fp/hard/libc_nano.a(lib_a-nano-vfprintf_i.o)
                0x00000000080109cc                _printf_common
 *fill*         0x0000000008010aa6        0x2 
 .text._printf_i
                0x0000000008010aa8      0x24c /home/odemki/st/stm32cubeide_1.8.0_2/plugins/com.st.stm32cube.ide.mcu.externaltools.gnu-tools-for-stm32.9-2020-q2-update.linux64_2.0.0.202105311346/tools/bin/../lib/gcc/arm-none-eabi/9.3.1/../../../../arm-none-eabi/lib/thumb/v7e-m+fp/hard/libc_nano.a(lib_a-nano-vfprintf_i.o)
                0x0000000008010aa8                _printf_i
 .text.memmove  0x0000000008010cf4       0x34 /home/odemki/st/stm32cubeide_1.8.0_2/plugins/com.st.stm32cube.ide.mcu.externaltools.gnu-tools-for-stm32.9-2020-q2-update.linux64_2.0.0.202105311346/tools/bin/../lib/gcc/arm-none-eabi/9.3.1/../../../../arm-none-eabi/lib/thumb/v7e-m+fp/hard/libc_nano.a(lib_a-memmove.o)
                0x0000000008010cf4                memmove
 .text._realloc_r
                0x0000000008010d28       0x4c /home/odemki/st/stm32cubeide_1.8.0_2/plugins/com.st.stm32cube.ide.mcu.externaltools.gnu-tools-for-stm32.9-2020-q2-update.linux64_2.0.0.202105311346/tools/bin/../lib/gcc/arm-none-eabi/9.3.1/../../../../arm-none-eabi/lib/thumb/v7e-m+fp/hard/libc_nano.a(lib_a-nano-reallocr.o)
                0x0000000008010d28                _realloc_r
 .text._malloc_usable_size_r
                0x0000000008010d74       0x10 /home/odemki/st/stm32cubeide_1.8.0_2/plugins/com.st.stm32cube.ide.mcu.externaltools.gnu-tools-for-stm32.9-2020-q2-update.linux64_2.0.0.202105311346/tools/bin/../lib/gcc/arm-none-eabi/9.3.1/../../../../arm-none-eabi/lib/thumb/v7e-m+fp/hard/libc_nano.a(lib_a-nano-msizer.o)
                0x0000000008010d74                _malloc_usable_size_r
 *(.glue_7)
 .glue_7        0x0000000008010d84        0x0 linker stubs
 *(.glue_7t)
 .glue_7t       0x0000000008010d84        0x0 linker stubs
 *(.eh_frame)
 .eh_frame      0x0000000008010d84        0x0 /home/odemki/st/stm32cubeide_1.8.0_2/plugins/com.st.stm32cube.ide.mcu.externaltools.gnu-tools-for-stm32.9-2020-q2-update.linux64_2.0.0.202105311346/tools/bin/../lib/gcc/arm-none-eabi/9.3.1/thumb/v7e-m+fp/hard/crtbegin.o
 *(.init)
 .init          0x0000000008010d84        0x4 /home/odemki/st/stm32cubeide_1.8.0_2/plugins/com.st.stm32cube.ide.mcu.externaltools.gnu-tools-for-stm32.9-2020-q2-update.linux64_2.0.0.202105311346/tools/bin/../lib/gcc/arm-none-eabi/9.3.1/thumb/v7e-m+fp/hard/crti.o
                0x0000000008010d84                _init
 .init          0x0000000008010d88        0x8 /home/odemki/st/stm32cubeide_1.8.0_2/plugins/com.st.stm32cube.ide.mcu.externaltools.gnu-tools-for-stm32.9-2020-q2-update.linux64_2.0.0.202105311346/tools/bin/../lib/gcc/arm-none-eabi/9.3.1/thumb/v7e-m+fp/hard/crtn.o
 *(.fini)
 .fini          0x0000000008010d90        0x4 /home/odemki/st/stm32cubeide_1.8.0_2/plugins/com.st.stm32cube.ide.mcu.externaltools.gnu-tools-for-stm32.9-2020-q2-update.linux64_2.0.0.202105311346/tools/bin/../lib/gcc/arm-none-eabi/9.3.1/thumb/v7e-m+fp/hard/crti.o
                0x0000000008010d90                _fini
 .fini          0x0000000008010d94        0x8 /home/odemki/st/stm32cubeide_1.8.0_2/plugins/com.st.stm32cube.ide.mcu.externaltools.gnu-tools-for-stm32.9-2020-q2-update.linux64_2.0.0.202105311346/tools/bin/../lib/gcc/arm-none-eabi/9.3.1/thumb/v7e-m+fp/hard/crtn.o
                0x0000000008010d9c                . = ALIGN (0x4)
                0x0000000008010d9c                _etext = .

.vfp11_veneer   0x0000000008010d9c        0x0
 .vfp11_veneer  0x0000000008010d9c        0x0 linker stubs

.v4_bx          0x0000000008010d9c        0x0
 .v4_bx         0x0000000008010d9c        0x0 linker stubs

.iplt           0x0000000008010d9c        0x0
 .iplt          0x0000000008010d9c        0x0 /home/odemki/st/stm32cubeide_1.8.0_2/plugins/com.st.stm32cube.ide.mcu.externaltools.gnu-tools-for-stm32.9-2020-q2-update.linux64_2.0.0.202105311346/tools/bin/../lib/gcc/arm-none-eabi/9.3.1/thumb/v7e-m+fp/hard/crtbegin.o

.rodata         0x0000000008010d9c     0x27d0
                0x0000000008010d9c                . = ALIGN (0x4)
 *(.rodata)
 .rodata        0x0000000008010d9c      0x168 ./Core/Src/main.o
 .rodata        0x0000000008010f04        0x4 ./Middlewares/ST/STM32_USB_Host_Library/Class/CDC/Src/usbh_cdc.o
 .rodata        0x0000000008010f08        0xb ./Middlewares/ST/STM32_USB_Host_Library/Core/Src/usbh_core.o
 *fill*         0x0000000008010f13        0x1 
 .rodata        0x0000000008010f14        0x5 ./Middlewares/Third_Party/FreeRTOS/Source/tasks.o
 *fill*         0x0000000008010f19        0x3 
 .rodata        0x0000000008010f1c        0xd ./Middlewares/Third_Party/FreeRTOS/Source/timers.o
 *(.rodata*)
 *fill*         0x0000000008010f29        0x3 
 .rodata.defaultTask_attributes
                0x0000000008010f2c       0x24 ./Core/Src/main.o
                0x0000000008010f2c                defaultTask_attributes
 .rodata.menu_task_attributes
                0x0000000008010f50       0x24 ./Core/Src/main.o
                0x0000000008010f50                menu_task_attributes
 .rodata.led_task_attributes
                0x0000000008010f74       0x24 ./Core/Src/main.o
                0x0000000008010f74                led_task_attributes
 .rodata.rtc_task_attributes
                0x0000000008010f98       0x24 ./Core/Src/main.o
                0x0000000008010f98                rtc_task_attributes
 .rodata.print_task_attributes
                0x0000000008010fbc       0x24 ./Core/Src/main.o
                0x0000000008010fbc                print_task_attributes
 .rodata.com_handl_task_attributes
                0x0000000008010fe0       0x24 ./Core/Src/main.o
                0x0000000008010fe0                com_handl_task_attributes
 .rodata.OLED_RTC_attributes
                0x0000000008011004       0x24 ./Core/Src/main.o
                0x0000000008011004                OLED_RTC_attributes
 .rodata.input_Queue_attributes
                0x0000000008011028       0x18 ./Core/Src/main.o
                0x0000000008011028                input_Queue_attributes
 .rodata.print_Queue_attributes
                0x0000000008011040       0x18 ./Core/Src/main.o
                0x0000000008011040                print_Queue_attributes
 .rodata.AHBPrescTable
                0x0000000008011058       0x10 ./Core/Src/system_stm32f4xx.o
                0x0000000008011058                AHBPrescTable
 .rodata.APBPrescTable
                0x0000000008011068        0x8 ./Core/Src/system_stm32f4xx.o
                0x0000000008011068                APBPrescTable
 .rodata.fonts  0x0000000008011070       0x50 ./Core/Src/oled/fonts.o
                0x0000000008011070                fonts
 .rodata.five_dot_glyph_table
                0x00000000080110c0      0x299 ./Core/Src/oled/fonts.o
                0x00000000080110c0                five_dot_glyph_table
 *fill*         0x0000000008011359        0x3 
 .rodata.five_dot_width_table
                0x000000000801135c       0x5f ./Core/Src/oled/fonts.o
                0x000000000801135c                five_dot_width_table
 *fill*         0x00000000080113bb        0x1 
 .rodata.six_dot_glyph_table
                0x00000000080113bc      0x5f0 ./Core/Src/oled/fonts.o
                0x00000000080113bc                six_dot_glyph_table
 .rodata.six_dot_width_table
                0x00000000080119ac       0x5f ./Core/Src/oled/fonts.o
                0x00000000080119ac                six_dot_width_table
 *fill*         0x0000000008011a0b        0x1 
 .rodata.seven_dot_glyph_table
                0x0000000008011a0c      0x600 ./Core/Src/oled/fonts.o
                0x0000000008011a0c                seven_dot_glyph_table
 .rodata.seven_dot_width_table
                0x000000000801200c       0x60 ./Core/Src/oled/fonts.o
                0x000000000801200c                seven_dot_width_table
 .rodata.fifteen_dot_glyph_table
                0x000000000801206c     0x140a ./Core/Src/oled/fonts.o
                0x000000000801206c                fifteen_dot_glyph_table
 *fill*         0x0000000008013476        0x2 
 .rodata.fifteen_dot_width_table
                0x0000000008013478       0x5f ./Core/Src/oled/fonts.o
                0x0000000008013478                fifteen_dot_width_table
 *fill*         0x00000000080134d7        0x1 
 .rodata.__sf_fake_stderr
                0x00000000080134d8       0x20 /home/odemki/st/stm32cubeide_1.8.0_2/plugins/com.st.stm32cube.ide.mcu.externaltools.gnu-tools-for-stm32.9-2020-q2-update.linux64_2.0.0.202105311346/tools/bin/../lib/gcc/arm-none-eabi/9.3.1/../../../../arm-none-eabi/lib/thumb/v7e-m+fp/hard/libc_nano.a(lib_a-findfp.o)
                0x00000000080134d8                __sf_fake_stderr
 .rodata.__sf_fake_stdin
                0x00000000080134f8       0x20 /home/odemki/st/stm32cubeide_1.8.0_2/plugins/com.st.stm32cube.ide.mcu.externaltools.gnu-tools-for-stm32.9-2020-q2-update.linux64_2.0.0.202105311346/tools/bin/../lib/gcc/arm-none-eabi/9.3.1/../../../../arm-none-eabi/lib/thumb/v7e-m+fp/hard/libc_nano.a(lib_a-findfp.o)
                0x00000000080134f8                __sf_fake_stdin
 .rodata.__sf_fake_stdout